Archive member included because of file (symbol)

contiki-srf06-cc26xx.a(er-coap.o)
                              obj_srf06-cc26xx/res-b1-sep-b2.o (coap_serialize_message)
contiki-srf06-cc26xx.a(er-coap-engine.)
                              obj_srf06-cc26xx/res-hello.o (coap_rest_implementation)
contiki-srf06-cc26xx.a(er-coap-transac)
                              contiki-srf06-cc26xx.a(er-coap-engine.) (coap_register_as_transaction_handler)
contiki-srf06-cc26xx.a(er-coap-observe)
                              contiki-srf06-cc26xx.a(er-coap-transac) (coap_remove_observer_by_client)
contiki-srf06-cc26xx.a(er-coap-separat)
                              obj_srf06-cc26xx/res-separate.o (coap_separate_reject)
contiki-srf06-cc26xx.a(er-coap-res-wel)
                              contiki-srf06-cc26xx.a(er-coap-engine.) (res_well_known_core)
contiki-srf06-cc26xx.a(er-coap-block1.)
                              obj_srf06-cc26xx/res-b1-sep-b2.o (coap_block1_handler)
contiki-srf06-cc26xx.a(er-coap-observe)
                              contiki-srf06-cc26xx.a(er-coap-engine.) (coap_handle_notification)
contiki-srf06-cc26xx.a(rest-engine.o)
                              er-example-server.co (rest_init_engine)
contiki-srf06-cc26xx.a(contiki-main.o)
                              obj_srf06-cc26xx/startup_gcc.o (main)
contiki-srf06-cc26xx.a(sensors.o)
                              er-example-server.co (sensors_event)
contiki-srf06-cc26xx.a(leds.o)
                              contiki-srf06-cc26xx.a(contiki-main.o) (leds_init)
contiki-srf06-cc26xx.a(leds-arch.o)
                              contiki-srf06-cc26xx.a(leds.o) (leds_arch_init)
contiki-srf06-cc26xx.a(sensortag-senso)
                              contiki-srf06-cc26xx.a(sensors.o) (sensors_flags)
contiki-srf06-cc26xx.a(bmp-280-sensor.)
                              contiki-srf06-cc26xx.a(sensortag-senso) (bmp_280_sensor)
contiki-srf06-cc26xx.a(tmp-007-sensor.)
                              contiki-srf06-cc26xx.a(sensortag-senso) (tmp_007_sensor)
contiki-srf06-cc26xx.a(opt-3001-sensor)
                              contiki-srf06-cc26xx.a(sensortag-senso) (opt_3001_sensor)
contiki-srf06-cc26xx.a(hdc-1000-sensor)
                              contiki-srf06-cc26xx.a(sensortag-senso) (hdc_1000_sensor)
contiki-srf06-cc26xx.a(mpu-9250-sensor)
                              er-example-server.co (mpu_9250_sensor)
contiki-srf06-cc26xx.a(button-sensor.o)
                              contiki-srf06-cc26xx.a(sensortag-senso) (button_right_sensor)
contiki-srf06-cc26xx.a(reed-relay.o)
                              contiki-srf06-cc26xx.a(sensortag-senso) (reed_relay_sensor)
contiki-srf06-cc26xx.a(board.o)
                              contiki-srf06-cc26xx.a(contiki-main.o) (board_init)
contiki-srf06-cc26xx.a(board-i2c.o)
                              contiki-srf06-cc26xx.a(board.o) (board_i2c_wakeup)
contiki-srf06-cc26xx.a(clock.o)
                              contiki-srf06-cc26xx.a(contiki-main.o) (clock_init)
contiki-srf06-cc26xx.a(rtimer-arch.o)
                              contiki-srf06-cc26xx.a(mpu-9250-sensor) (rtimer_arch_now)
contiki-srf06-cc26xx.a(soc-rtc.o)
                              contiki-srf06-cc26xx.a(contiki-main.o) (soc_rtc_init)
contiki-srf06-cc26xx.a(contiki-watchdo)
                              contiki-srf06-cc26xx.a(contiki-main.o) (watchdog_init)
contiki-srf06-cc26xx.a(putchar.o)
                              obj_srf06-cc26xx/res-b1-sep-b2.o (putchar)
contiki-srf06-cc26xx.a(ieee-addr.o)
                              contiki-srf06-cc26xx.a(contiki-main.o) (ieee_addr_cpy_to)
contiki-srf06-cc26xx.a(cc26xx-uart.o)
                              contiki-srf06-cc26xx.a(contiki-main.o) (cc26xx_uart_init)
contiki-srf06-cc26xx.a(lpm.o)
                              contiki-srf06-cc26xx.a(button-sensor.o) (lpm_shutdown)
contiki-srf06-cc26xx.a(gpio-interrupt.)
                              contiki-srf06-cc26xx.a(button-sensor.o) (gpio_interrupt_register_handler)
contiki-srf06-cc26xx.a(oscillators.o)
                              contiki-srf06-cc26xx.a(contiki-main.o) (oscillators_select_lf_xosc)
contiki-srf06-cc26xx.a(ieee-mode.o)
                              contiki-srf06-cc26xx.a(contiki-main.o) (ieee_mode_driver)
contiki-srf06-cc26xx.a(dbg-printf.o)
                              er-example-server.co (printf)
contiki-srf06-cc26xx.a(dbg-snprintf.o)
                              obj_srf06-cc26xx/res-mirror.o (snprintf)
contiki-srf06-cc26xx.a(strformat.o)
                              contiki-srf06-cc26xx.a(dbg-printf.o) (format_str_v)
contiki-srf06-cc26xx.a(autostart.o)
                              contiki-srf06-cc26xx.a(contiki-main.o) (autostart_start)
contiki-srf06-cc26xx.a(ctimer.o)
                              contiki-srf06-cc26xx.a(contiki-main.o) (ctimer_init)
contiki-srf06-cc26xx.a(energest.o)
                              contiki-srf06-cc26xx.a(contiki-main.o) (energest_init)
contiki-srf06-cc26xx.a(etimer.o)
[...]
Memory Configuration

Name             Origin             Length             Attributes
FLASH            0x00000000         0x0001ffa8         xr
FLASH_CCFG       0x0001ffa8         0x00000058         xr
SRAM             0x20000000         0x00005000         xrw
GPRAM            0x11000000         0x00002000         xrw
*default*        0x00000000         0xffffffff

Linker script and memory map

LOAD obj_srf06-cc26xx/fault-handlers.o
LOAD obj_srf06-cc26xx/ccfg.o
LOAD obj_srf06-cc26xx/startup_gcc.o
LOAD er-example-server.co
LOAD obj_srf06-cc26xx/res-light.o
LOAD obj_srf06-cc26xx/res-hello.o
LOAD obj_srf06-cc26xx/res-mirror.o
LOAD obj_srf06-cc26xx/res-sht11.o
LOAD obj_srf06-cc26xx/res-battery.o
LOAD obj_srf06-cc26xx/res-event.o
LOAD obj_srf06-cc26xx/res-led-red.o
LOAD obj_srf06-cc26xx/res-temperature.o
LOAD obj_srf06-cc26xx/res-b1-sep-b2.o
LOAD obj_srf06-cc26xx/res-radio.o
LOAD obj_srf06-cc26xx/res-led-green.o
LOAD obj_srf06-cc26xx/res-sub.o
LOAD obj_srf06-cc26xx/res-toggle.o
LOAD obj_srf06-cc26xx/res-separate.o
LOAD obj_srf06-cc26xx/res-motion.o
LOAD obj_srf06-cc26xx/res-push.o
LOAD obj_srf06-cc26xx/res-chunks.o
LOAD contiki-srf06-cc26xx.a
LOAD /usr/bin/../lib/gcc/arm-none-eabi/4.9.3/../../../../arm-none-eabi/lib/armv7-m/libm.a
START GROUP
LOAD /usr/bin/../lib/gcc/arm-none-eabi/4.9.3/armv7-m/libgcc.a
LOAD /usr/bin/../lib/gcc/arm-none-eabi/4.9.3/../../../../arm-none-eabi/lib/armv7-m/libc.a
END GROUP
                0x20005000                _estack = (ORIGIN (SRAM) + 0x5000)
                0x00000000                _Min_Heap_Size = 0x0
                0x00000100                _Min_Stack_Size = 0x100

.text           0x00000000     0xfdda
                0x00000000                _text = .
 *(SORT(.vectors))
 .vectors       0x00000000       0xc8 obj_srf06-cc26xx/startup_gcc.o
                0x00000000                gVectors
 *(SORT(.text*))
 .text.value    0x000000c8       0xa0 contiki-srf06-cc26xx.a(opt-3001-sensor)
 .text.value    0x00000168       0x94 contiki-srf06-cc26xx.a(hdc-1000-sensor)
 *fill*         0x000001fc        0x4 00000000
 .text.value    0x00000200      0x15c contiki-srf06-cc26xx.a(mpu-9250-sensor)
 *fill*         0x0000035c        0x4 00000000
 .text.__ieee754_pow
                0x00000360      0xaa0 /usr/bin/../lib/gcc/arm-none-eabi/4.9.3/../../../../arm-none-eabi/lib/armv7-m/libm.a(lib_a-e_pow.o)
                0x00000360                __ieee754_pow
 .text.scalbn   0x00000e00       0xec /usr/bin/../lib/gcc/arm-none-eabi/4.9.3/../../../../arm-none-eabi/lib/armv7-m/libm.a(lib_a-s_scalbn.o)
                0x00000e00                scalbn
 .text.FaultISR
                0x00000eec       0x18 obj_srf06-cc26xx/fault-handlers.o
                0x00000eec                FaultISR
 .text.ResetISR
                0x00000f04       0x4c obj_srf06-cc26xx/startup_gcc.o
                0x00000f04                ResetISR
 .text.process_thread_gyro_test
                0x00000f50       0x80 er-example-server.co
 .text.process_thread_er_example_server
                0x00000fd0       0xbc er-example-server.co
 .text.read_gyro
                0x0000108c       0x58 er-example-server.co
 .text.res_get_handler
                0x000010e4       0x68 obj_srf06-cc26xx/res-hello.o
 .text.res_event_handler
                0x0000114c       0x1c obj_srf06-cc26xx/res-event.o
 .text.res_get_handler
                0x00001168       0x40 obj_srf06-cc26xx/res-event.o
 .text.toggle_red_led
                0x000011a8       0x18 obj_srf06-cc26xx/res-led-red.o
                0x000011a8                toggle_red_led
 .text.res_post_handler
                0x000011c0       0x48 obj_srf06-cc26xx/res-led-red.o
 .text.toggle_green_led
                0x00001208       0x18 obj_srf06-cc26xx/res-led-green.o
                0x00001208                toggle_green_led
 .text.res_post_handler
                0x00001220       0x48 obj_srf06-cc26xx/res-led-green.o
 .text.res_get_handler
                0x00001268       0x38 obj_srf06-cc26xx/res-separate.o
 .text.res_resume_handler
                0x000012a0       0x70 obj_srf06-cc26xx/res-separate.o
 .text.res_periodic_handler
                0x00001310       0x1c obj_srf06-cc26xx/res-push.o
 .text.res_get_handler
                0x0000132c       0x54 obj_srf06-cc26xx/res-push.o
 .text.coap_init_connection
                0x00001380       0x28 contiki-srf06-cc26xx.a(er-coap.o)
                0x00001380                coap_init_connection
 .text.coap_get_mid
                0x000013a8       0x10 contiki-srf06-cc26xx.a(er-coap.o)
                0x000013a8                coap_get_mid
 .text.coap_serialize_message
                0x000013b8      0x2e4 contiki-srf06-cc26xx.a(er-coap.o)
                0x000013b8                coap_serialize_message
 .text.coap_send_message
                0x0000169c       0x4c contiki-srf06-cc26xx.a(er-coap.o)
                0x0000169c                coap_send_message
 .text.coap_parse_message
                0x000016e8      0x2e4 contiki-srf06-cc26xx.a(er-coap.o)
                0x000016e8                coap_parse_message
 .text.coap_set_service_callback
                0x000019cc        0xc contiki-srf06-cc26xx.a(er-coap-engine.)
                0x000019cc                coap_set_service_callback
 .text.process_thread_coap_engine
                0x000019d8      0x38c contiki-srf06-cc26xx.a(er-coap-engine.)
 .text.coap_init_engine
                0x00001d64        0xc contiki-srf06-cc26xx.a(er-coap-engine.)
                0x00001d64                coap_init_engine
 .text.coap_register_as_transaction_handler
                0x00001d70       0x14 contiki-srf06-cc26xx.a(er-coap-transac)
                0x00001d70                coap_register_as_transaction_handler
 .text.coap_new_transaction
                0x00001d84       0x44 contiki-srf06-cc26xx.a(er-coap-transac)
                0x00001d84                coap_new_transaction
 .text.coap_clear_transaction
                0x00001dc8       0x2c contiki-srf06-cc26xx.a(er-coap-transac)
                0x00001dc8                coap_clear_transaction
 .text.coap_send_transaction
                0x00001df4       0x98 contiki-srf06-cc26xx.a(er-coap-transac)
                0x00001df4                coap_send_transaction
 .text.coap_get_transaction_by_mid
                0x00001e8c       0x1c contiki-srf06-cc26xx.a(er-coap-transac)
                0x00001e8c                coap_get_transaction_by_mid
 .text.coap_check_transactions
                0x00001ea8       0x2c contiki-srf06-cc26xx.a(er-coap-transac)
                0x00001ea8                coap_check_transactions
 .text.coap_remove_observer
                0x00001ed4       0x20 contiki-srf06-cc26xx.a(er-coap-observe)
                0x00001ed4                coap_remove_observer
 .text.coap_remove_observer_by_client
                0x00001ef4       0x3c contiki-srf06-cc26xx.a(er-coap-observe)
                0x00001ef4                coap_remove_observer_by_client
 .text.coap_remove_observer_by_token
                0x00001f30       0x58 contiki-srf06-cc26xx.a(er-coap-observe)
                0x00001f30                coap_remove_observer_by_token
 .text.coap_remove_observer_by_uri
                0x00001f88       0x5c contiki-srf06-cc26xx.a(er-coap-observe)
                0x00001f88                coap_remove_observer_by_uri
 .text.coap_remove_observer_by_mid
                0x00001fe4       0x48 contiki-srf06-cc26xx.a(er-coap-observe)
                0x00001fe4                coap_remove_observer_by_mid
 .text.coap_notify_observers_sub
                0x0000202c      0x11c contiki-srf06-cc26xx.a(er-coap-observe)
                0x0000202c                coap_notify_observers_sub
 .text.coap_observe_handler
                0x00002148      0x10c contiki-srf06-cc26xx.a(er-coap-observe)
                0x00002148                coap_observe_handler
 .text.coap_separate_reject
                0x00002254       0x1c contiki-srf06-cc26xx.a(er-coap-separat)
                0x00002254                coap_separate_reject
 .text.coap_separate_accept
                0x00002270       0xd0 contiki-srf06-cc26xx.a(er-coap-separat)
                0x00002270                coap_separate_accept
 .text.well_known_core_get_handler
                0x00002340      0x168 contiki-srf06-cc26xx.a(er-coap-res-wel)
                0x00002340                well_known_core_get_handler
 .text.classify_notification
                0x000024a8       0x54 contiki-srf06-cc26xx.a(er-coap-observe)
 .text.simple_reply.isra.1
                0x000024fc       0x38 contiki-srf06-cc26xx.a(er-coap-observe)
 .text.coap_get_obs_subject_by_token
                0x00002534       0x40 contiki-srf06-cc26xx.a(er-coap-observe)
                0x00002534                coap_get_obs_subject_by_token
 .text.coap_handle_notification
                0x00002574       0xa8 contiki-srf06-cc26xx.a(er-coap-observe)
                0x00002574                coap_handle_notification
 .text.process_thread_rest_engine_process
                0x0000261c       0x88 contiki-srf06-cc26xx.a(rest-engine.o)
 .text.rest_invoke_restful_service
                0x000026a4       0xf8 contiki-srf06-cc26xx.a(rest-engine.o)
                0x000026a4                rest_invoke_restful_service
 .text.rest_init_engine
                0x0000279c       0x40 contiki-srf06-cc26xx.a(rest-engine.o)
                0x0000279c                rest_init_engine
 .text.rest_activate_resource
                0x000027dc       0x34 contiki-srf06-cc26xx.a(rest-engine.o)
                0x000027dc                rest_activate_resource
 .text.rest_get_resources
                0x00002810        0x8 contiki-srf06-cc26xx.a(rest-engine.o)
                0x00002810                rest_get_resources
 .text.startup.main
                0x00002818      0x1e0 contiki-srf06-cc26xx.a(contiki-main.o)
                0x00002818                main
 .text.process_thread_sensors_process
                0x000029f8       0xd4 contiki-srf06-cc26xx.a(sensors.o)
 .text.sensors_changed
                0x00002acc       0x38 contiki-srf06-cc26xx.a(sensors.o)
                0x00002acc                sensors_changed
 .text.leds_init
                0x00002b04       0x14 contiki-srf06-cc26xx.a(leds.o)
                0x00002b04                leds_init
 .text.leds_on  0x00002b18       0x10 contiki-srf06-cc26xx.a(leds.o)
                0x00002b18                leds_on
 .text.leds_off
                0x00002b28       0x14 contiki-srf06-cc26xx.a(leds.o)
                0x00002b28                leds_off
 .text.leds_toggle
                0x00002b3c       0x10 contiki-srf06-cc26xx.a(leds.o)
                0x00002b3c                leds_toggle
 .text.leds_arch_init
                0x00002b4c       0x34 contiki-srf06-cc26xx.a(leds-arch.o)
                0x00002b4c                leds_arch_init
 .text.leds_arch_set
                0x00002b80       0x34 contiki-srf06-cc26xx.a(leds-arch.o)
                0x00002b80                leds_arch_set
 .text.status   0x00002bb4       0x14 contiki-srf06-cc26xx.a(bmp-280-sensor.)
 .text.notify_ready
                0x00002bc8       0x14 contiki-srf06-cc26xx.a(bmp-280-sensor.)
 .text.value    0x00002bdc      0x15c contiki-srf06-cc26xx.a(bmp-280-sensor.)
 .text.configure
                0x00002d38       0xac contiki-srf06-cc26xx.a(bmp-280-sensor.)
 .text.status   0x00002de4       0x14 contiki-srf06-cc26xx.a(tmp-007-sensor.)
 .text.notify_ready
                0x00002df8       0x14 contiki-srf06-cc26xx.a(tmp-007-sensor.)
 .text.enable_sensor
                0x00002e0c       0x34 contiki-srf06-cc26xx.a(tmp-007-sensor.)
 .text.configure
                0x00002e40       0x78 contiki-srf06-cc26xx.a(tmp-007-sensor.)
 .text.value    0x00002eb8       0xd8 contiki-srf06-cc26xx.a(tmp-007-sensor.)
 .text.status   0x00002f90        0xc contiki-srf06-cc26xx.a(opt-3001-sensor)
 .text.enable_sensor
                0x00002f9c       0x44 contiki-srf06-cc26xx.a(opt-3001-sensor)
 .text.configure
                0x00002fe0       0x44 contiki-srf06-cc26xx.a(opt-3001-sensor)
 .text.notify_ready
                0x00003024       0x50 contiki-srf06-cc26xx.a(opt-3001-sensor)
 .text.status   0x00003074       0x14 contiki-srf06-cc26xx.a(hdc-1000-sensor)
 .text.notify_ready
                0x00003088       0x60 contiki-srf06-cc26xx.a(hdc-1000-sensor)
 .text.configure
                0x000030e8       0xa4 contiki-srf06-cc26xx.a(hdc-1000-sensor)
 .text.acc_convert
                0x0000318c       0x58 contiki-srf06-cc26xx.a(mpu-9250-sensor)
 .text.status   0x000031e4       0x14 contiki-srf06-cc26xx.a(mpu-9250-sensor)
 .text.notify_ready
                0x000031f8       0x14 contiki-srf06-cc26xx.a(mpu-9250-sensor)
 .text.sensor_sleep
                0x0000320c       0x38 contiki-srf06-cc26xx.a(mpu-9250-sensor)
 .text.int_status
                0x00003244       0x28 contiki-srf06-cc26xx.a(mpu-9250-sensor)
 .text.configure
                0x0000326c       0xd4 contiki-srf06-cc26xx.a(mpu-9250-sensor)
 .text.initialise
                0x00003340       0xf0 contiki-srf06-cc26xx.a(mpu-9250-sensor)
 .text.convert_to_le.constprop.4
                0x00003430       0x20 contiki-srf06-cc26xx.a(mpu-9250-sensor)
 .text.status.part.0
                0x00003450       0x14 contiki-srf06-cc26xx.a(button-sensor.o)
 .text.value_left
                0x00003464       0x24 contiki-srf06-cc26xx.a(button-sensor.o)
 .text.value_right
                0x00003488       0x18 contiki-srf06-cc26xx.a(button-sensor.o)
 .text.button_press_handler
                0x000034a0       0x60 contiki-srf06-cc26xx.a(button-sensor.o)
 .text.config_buttons
                0x00003500       0x84 contiki-srf06-cc26xx.a(button-sensor.o)
 .text.value    0x00003584       0x10 contiki-srf06-cc26xx.a(reed-relay.o)
 .text.status   0x00003594       0x20 contiki-srf06-cc26xx.a(reed-relay.o)
 .text.configure
                0x000035b4       0x68 contiki-srf06-cc26xx.a(reed-relay.o)
 .text.reed_interrupt_handler
                0x0000361c       0x28 contiki-srf06-cc26xx.a(reed-relay.o)
 .text.power_domains_on
                0x00003644       0x20 contiki-srf06-cc26xx.a(board.o)
 .text.shutdown_handler
                0x00003664       0x64 contiki-srf06-cc26xx.a(board.o)
 .text.board_init
                0x000036c8      0x118 contiki-srf06-cc26xx.a(board.o)
                0x000036c8                board_init
 .text.I2CMasterBusy.isra.2
                0x000037e0       0x10 contiki-srf06-cc26xx.a(board-i2c.o)
 .text.I2CMasterBusBusy.isra.3
                0x000037f0       0x10 contiki-srf06-cc26xx.a(board-i2c.o)
 .text.accessible
                0x00003800       0x24 contiki-srf06-cc26xx.a(board-i2c.o)
 .text.I2CMasterControl.isra.7
                0x00003824       0x10 contiki-srf06-cc26xx.a(board-i2c.o)
 .text.i2c_status
                0x00003834       0x2c contiki-srf06-cc26xx.a(board-i2c.o)
 .text.board_i2c_wakeup
                0x00003860       0x5c contiki-srf06-cc26xx.a(board-i2c.o)
                0x00003860                board_i2c_wakeup
 .text.board_i2c_shutdown
                0x000038bc       0xa4 contiki-srf06-cc26xx.a(board-i2c.o)
                0x000038bc                board_i2c_shutdown
 .text.board_i2c_write
                0x00003960       0x94 contiki-srf06-cc26xx.a(board-i2c.o)
                0x00003960                board_i2c_write
 .text.board_i2c_write_single
                0x000039f4       0x3c contiki-srf06-cc26xx.a(board-i2c.o)
                0x000039f4                board_i2c_write_single
 .text.board_i2c_read
                0x00003a30       0x94 contiki-srf06-cc26xx.a(board-i2c.o)
                0x00003a30                board_i2c_read
 .text.board_i2c_write_read
                0x00003ac4       0xf4 contiki-srf06-cc26xx.a(board-i2c.o)
                0x00003ac4                board_i2c_write_read
 .text.board_i2c_select
                0x00003bb8       0xd0 contiki-srf06-cc26xx.a(board-i2c.o)
                0x00003bb8                board_i2c_select
 .text.power_domain_on
                0x00003c88       0x20 contiki-srf06-cc26xx.a(clock.o)
 .text.update_clock_variable
                0x00003ca8       0x2c contiki-srf06-cc26xx.a(clock.o)
 .text.clock_init
                0x00003cd4       0x88 contiki-srf06-cc26xx.a(clock.o)
                0x00003cd4                clock_init
 .text.clock_time
                0x00003d5c       0x14 contiki-srf06-cc26xx.a(clock.o)
                0x00003d5c                clock_time
 .text.clock_seconds
                0x00003d70       0x18 contiki-srf06-cc26xx.a(clock.o)
                0x00003d70                clock_seconds
 .text.soc_rtc_init
                0x00003d88       0x90 contiki-srf06-cc26xx.a(soc-rtc.o)
                0x00003d88                soc_rtc_init
 .text.soc_rtc_get_next_trigger
                0x00003e18       0x24 contiki-srf06-cc26xx.a(soc-rtc.o)
                0x00003e18                soc_rtc_get_next_trigger
 .text.soc_rtc_schedule_one_shot
                0x00003e3c       0x44 contiki-srf06-cc26xx.a(soc-rtc.o)
                0x00003e3c                soc_rtc_schedule_one_shot
 .text.soc_rtc_last_isr_time
                0x00003e80        0xc contiki-srf06-cc26xx.a(soc-rtc.o)
                0x00003e80                soc_rtc_last_isr_time
 .text.AONRTCIntHandler
                0x00003e8c       0x64 contiki-srf06-cc26xx.a(soc-rtc.o)
                0x00003e8c                AONRTCIntHandler
 .text.lock_config
                0x00003ef0       0x18 contiki-srf06-cc26xx.a(contiki-watchdo)
 .text.unlock_config
                0x00003f08       0x2c contiki-srf06-cc26xx.a(contiki-watchdo)
 .text.watchdog_init
                0x00003f34       0x18 contiki-srf06-cc26xx.a(contiki-watchdo)
                0x00003f34                watchdog_init
 .text.watchdog_periodic
                0x00003f4c       0x14 contiki-srf06-cc26xx.a(contiki-watchdo)
                0x00003f4c                watchdog_periodic
 .text.watchdog_start
                0x00003f60       0x20 contiki-srf06-cc26xx.a(contiki-watchdo)
                0x00003f60                watchdog_start
 .text.ieee_addr_cpy_to
                0x00003f80       0x3c contiki-srf06-cc26xx.a(ieee-addr.o)
                0x00003f80                ieee_addr_cpy_to
 .text.power_and_clock
                0x00003fbc       0x40 contiki-srf06-cc26xx.a(cc26xx-uart.o)
 .text.accessible
                0x00003ffc       0x24 contiki-srf06-cc26xx.a(cc26xx-uart.o)
 .text.disable_interrupts
                0x00004020       0x30 contiki-srf06-cc26xx.a(cc26xx-uart.o)
 .text.enable   0x00004050       0xcc contiki-srf06-cc26xx.a(cc26xx-uart.o)
 .text.lpm_drop_handler
                0x0000411c       0xa4 contiki-srf06-cc26xx.a(cc26xx-uart.o)
 .text.cc26xx_uart_init
                0x000041c0       0x28 contiki-srf06-cc26xx.a(cc26xx-uart.o)
                0x000041c0                cc26xx_uart_init
 .text.cc26xx_uart_write_byte
                0x000041e8       0x28 contiki-srf06-cc26xx.a(cc26xx-uart.o)
                0x000041e8                cc26xx_uart_write_byte
 .text.cc26xx_uart_busy
                0x00004210       0x18 contiki-srf06-cc26xx.a(cc26xx-uart.o)
                0x00004210                cc26xx_uart_busy
 .text.UART0IntHandler
                0x00004228       0x50 contiki-srf06-cc26xx.a(cc26xx-uart.o)
                0x00004228                UART0IntHandler
 .text.lpm_shutdown
                0x00004278      0x184 contiki-srf06-cc26xx.a(lpm.o)
                0x00004278                lpm_shutdown
 .text.lpm_sleep
                0x000043fc       0x14 contiki-srf06-cc26xx.a(lpm.o)
                0x000043fc                lpm_sleep
 .text.lpm_drop
                0x00004410      0x1ac contiki-srf06-cc26xx.a(lpm.o)
                0x00004410                lpm_drop
 .text.lpm_register_module
                0x000045bc        0xc contiki-srf06-cc26xx.a(lpm.o)
                0x000045bc                lpm_register_module
 .text.lpm_unregister_module
                0x000045c8        0xc contiki-srf06-cc26xx.a(lpm.o)
                0x000045c8                lpm_unregister_module
 .text.lpm_init
                0x000045d4       0x20 contiki-srf06-cc26xx.a(lpm.o)
                0x000045d4                lpm_init
 .text.lpm_pin_set_default_state
                0x000045f4       0x30 contiki-srf06-cc26xx.a(lpm.o)
                0x000045f4                lpm_pin_set_default_state
 .text.gpio_interrupt_register_handler
                0x00004624       0x2c contiki-srf06-cc26xx.a(gpio-interrupt.)
                0x00004624                gpio_interrupt_register_handler
 .text.gpio_interrupt_init
                0x00004650       0x24 contiki-srf06-cc26xx.a(gpio-interrupt.)
                0x00004650                gpio_interrupt_init
 .text.GPIOIntHandler
                0x00004674       0x30 contiki-srf06-cc26xx.a(gpio-interrupt.)
                0x00004674                GPIOIntHandler
 .text.osc_interface_dis
                0x000046a4       0x28 contiki-srf06-cc26xx.a(oscillators.o)
 .text.osc_interface_en
                0x000046cc       0x30 contiki-srf06-cc26xx.a(oscillators.o)
 .text.oscillators_select_lf_xosc
                0x000046fc       0x44 contiki-srf06-cc26xx.a(oscillators.o)
                0x000046fc                oscillators_select_lf_xosc
 .text.oscillators_switch_to_hf_xosc
                0x00004740       0x28 contiki-srf06-cc26xx.a(oscillators.o)
                0x00004740                oscillators_switch_to_hf_xosc
 .text.oscillators_switch_to_hf_rc
                0x00004768       0x2c contiki-srf06-cc26xx.a(oscillators.o)
                0x00004768                oscillators_switch_to_hf_rc
 .text.release_data_entry
                0x00004794       0x14 contiki-srf06-cc26xx.a(ieee-mode.o)
 .text.rf_is_on
                0x000047a8       0x18 contiki-srf06-cc26xx.a(ieee-mode.o)
 .text.rx_on    0x000047c0       0x50 contiki-srf06-cc26xx.a(ieee-mode.o)
 .text.rf_radio_setup
                0x00004810       0x70 contiki-srf06-cc26xx.a(ieee-mode.o)
 .text.pending_packet
                0x00004880       0x2c contiki-srf06-cc26xx.a(ieee-mode.o)
 .text.prepare  0x000048ac       0x1c contiki-srf06-cc26xx.a(ieee-mode.o)
 .text.read_frame
                0x000048c8       0x4c contiki-srf06-cc26xx.a(ieee-mode.o)
 .text.soft_off
                0x00004914       0x2c contiki-srf06-cc26xx.a(ieee-mode.o)
 .text.get_object
                0x00004940       0x38 contiki-srf06-cc26xx.a(ieee-mode.o)
 .text.rx_off   0x00004978       0x48 contiki-srf06-cc26xx.a(ieee-mode.o)
 .text.off      0x000049c0       0x4c contiki-srf06-cc26xx.a(ieee-mode.o)
 .text.on       0x00004a0c       0x88 contiki-srf06-cc26xx.a(ieee-mode.o)
 .text.set_value
                0x00004a94      0x134 contiki-srf06-cc26xx.a(ieee-mode.o)
 .text.get_value
                0x00004bc8       0xf0 contiki-srf06-cc26xx.a(ieee-mode.o)
 .text.transmit
                0x00004cb8       0xa8 contiki-srf06-cc26xx.a(ieee-mode.o)
 .text.set_object
                0x00004d60       0x50 contiki-srf06-cc26xx.a(ieee-mode.o)
 .text.init     0x00004db0       0xc8 contiki-srf06-cc26xx.a(ieee-mode.o)
 .text.printf   0x00004e78       0x20 contiki-srf06-cc26xx.a(dbg-printf.o)
                0x00004e78                printf
 .text.vsnprintf
                0x00004e98       0x28 contiki-srf06-cc26xx.a(dbg-snprintf.o)
                0x00004e98                vsnprintf
 .text.fill_space
                0x00004ec0       0x34 contiki-srf06-cc26xx.a(strformat.o)
 .text.format_str_v
                0x00004ef4      0x6e8 contiki-srf06-cc26xx.a(strformat.o)
                0x00004ef4                format_str_v
 .text.process_thread_ctimer_process
                0x000055dc       0x80 contiki-srf06-cc26xx.a(ctimer.o)
 .text.ctimer_init
                0x0000565c       0x28 contiki-srf06-cc26xx.a(ctimer.o)
                0x0000565c                ctimer_init
 .text.ctimer_set_with_process
                0x00005684       0x44 contiki-srf06-cc26xx.a(ctimer.o)
                0x00005684                ctimer_set_with_process
 .text.ctimer_set
                0x000056c8       0x14 contiki-srf06-cc26xx.a(ctimer.o)
                0x000056c8                ctimer_set
 .text.ctimer_reset
                0x000056dc       0x38 contiki-srf06-cc26xx.a(ctimer.o)
                0x000056dc                ctimer_reset
 .text.ctimer_stop
                0x00005714       0x2c contiki-srf06-cc26xx.a(ctimer.o)
                0x00005714                ctimer_stop
 .text.update_time
                0x00005740       0x44 contiki-srf06-cc26xx.a(etimer.o)
 .text.etimer_request_poll
                0x00005784        0xc contiki-srf06-cc26xx.a(etimer.o)
                0x00005784                etimer_request_poll
 .text.process_thread_etimer_process
                0x00005790       0x94 contiki-srf06-cc26xx.a(etimer.o)
 .text.add_timer
                0x00005824       0x40 contiki-srf06-cc26xx.a(etimer.o)
 .text.etimer_pending
                0x00005864       0x10 contiki-srf06-cc26xx.a(etimer.o)
                0x00005864                etimer_pending
 .text.etimer_next_expiration_time
                0x00005874       0x14 contiki-srf06-cc26xx.a(etimer.o)
                0x00005874                etimer_next_expiration_time
 .text.etimer_stop
                0x00005888       0x34 contiki-srf06-cc26xx.a(etimer.o)
                0x00005888                etimer_stop
 .text.call_process.part.0
                0x000058bc       0x38 contiki-srf06-cc26xx.a(process.o)
 .text.exit_process
                0x000058f4       0x80 contiki-srf06-cc26xx.a(process.o)
 .text.do_poll  0x00005974       0x30 contiki-srf06-cc26xx.a(process.o)
 .text.process_alloc_event
                0x000059a4       0x10 contiki-srf06-cc26xx.a(process.o)
                0x000059a4                process_alloc_event
 .text.process_init
                0x000059b4       0x30 contiki-srf06-cc26xx.a(process.o)
                0x000059b4                process_init
 .text.process_run
                0x000059e4       0xb0 contiki-srf06-cc26xx.a(process.o)
                0x000059e4                process_run
 .text.process_nevents
                0x00005a94       0x14 contiki-srf06-cc26xx.a(process.o)
                0x00005a94                process_nevents
 .text.process_post
                0x00005aa8       0x44 contiki-srf06-cc26xx.a(process.o)
                0x00005aa8                process_post
 .text.process_post_synch
                0x00005aec       0x14 contiki-srf06-cc26xx.a(process.o)
                0x00005aec                process_post_synch
 .text.process_start
                0x00005b00       0x30 contiki-srf06-cc26xx.a(process.o)
                0x00005b00                process_start
 .text.process_poll
                0x00005b30       0x18 contiki-srf06-cc26xx.a(process.o)
                0x00005b30                process_poll
 .text.rtimer_run_next
                0x00005b48       0x28 contiki-srf06-cc26xx.a(rtimer.o)
                0x00005b48                rtimer_run_next
 .text.process_thread_serial_line_process
                0x00005b70       0x98 contiki-srf06-cc26xx.a(serial-line.o)
 .text.serial_line_init
                0x00005c08       0x24 contiki-srf06-cc26xx.a(serial-line.o)
                0x00005c08                serial_line_init
 .text.clear_fragments
                0x00005c2c       0x3c contiki-srf06-cc26xx.a(sicslowpan.o)
 .text.sicslowpan_init
                0x00005c68       0x24 contiki-srf06-cc26xx.a(sicslowpan.o)
                0x00005c68                sicslowpan_init
 .text.set_packet_attrs
                0x00005c8c       0x44 contiki-srf06-cc26xx.a(sicslowpan.o)
 .text.compress_addr_64
                0x00005cd0       0x90 contiki-srf06-cc26xx.a(sicslowpan.o)
 .text.addr_context_lookup_by_prefix
                0x00005d60       0x28 contiki-srf06-cc26xx.a(sicslowpan.o)
 .text.send_packet
                0x00005d88       0x24 contiki-srf06-cc26xx.a(sicslowpan.o)
 .text.packet_sent
                0x00005dac       0x28 contiki-srf06-cc26xx.a(sicslowpan.o)
 .text.store_fragment
                0x00005dd4       0x58 contiki-srf06-cc26xx.a(sicslowpan.o)
 .text.uncompress_addr
                0x00005e2c       0xa4 contiki-srf06-cc26xx.a(sicslowpan.o)
 .text.output   0x00005ed0      0x6a8 contiki-srf06-cc26xx.a(sicslowpan.o)
 .text.add_fragment
                0x00006578      0x124 contiki-srf06-cc26xx.a(sicslowpan.o)
 .text.input    0x0000669c      0x5a4 contiki-srf06-cc26xx.a(sicslowpan.o)
 .text.upper_layer_chksum
                0x00006c40       0x54 contiki-srf06-cc26xx.a(uip6.o)
 .text.ext_hdr_options_process
                0x00006c94       0xb0 contiki-srf06-cc26xx.a(uip6.o)
 .text.uip_init
                0x00006d44       0x3c contiki-srf06-cc26xx.a(uip6.o)
                0x00006d44                uip_init
 .text.remove_ext_hdr
                0x00006d80       0x5c contiki-srf06-cc26xx.a(uip6.o)
                0x00006d80                remove_ext_hdr
 .text.uip_udp_new
                0x00006ddc       0xb0 contiki-srf06-cc26xx.a(uip6.o)
                0x00006ddc                uip_udp_new
 .text.uip_process
                0x00006e8c      0x464 contiki-srf06-cc26xx.a(uip6.o)
                0x00006e8c                uip_process
 .text.uip_ds6_prefix_add
                0x000072f0       0x64 contiki-srf06-cc26xx.a(uip-ds6.o)
                0x000072f0                uip_ds6_prefix_add
 .text.uip_ds6_is_addr_onlink
                0x00007354       0x40 contiki-srf06-cc26xx.a(uip-ds6.o)
                0x00007354                uip_ds6_is_addr_onlink
 .text.uip_ds6_addr_lookup
                0x00007394       0x2c contiki-srf06-cc26xx.a(uip-ds6.o)
                0x00007394                uip_ds6_addr_lookup
 .text.uip_ds6_get_link_local
                0x000073c0       0x40 contiki-srf06-cc26xx.a(uip-ds6.o)
                0x000073c0                uip_ds6_get_link_local
 .text.uip_ds6_maddr_add
                0x00007400       0x4c contiki-srf06-cc26xx.a(uip-ds6.o)
                0x00007400                uip_ds6_maddr_add
 .text.uip_ds6_addr_add
                0x0000744c       0x94 contiki-srf06-cc26xx.a(uip-ds6.o)
                0x0000744c                uip_ds6_addr_add
 .text.uip_ds6_maddr_lookup
                0x000074e0       0x2c contiki-srf06-cc26xx.a(uip-ds6.o)
                0x000074e0                uip_ds6_maddr_lookup
 .text.uip_ds6_addr_rm
                0x0000750c       0x44 contiki-srf06-cc26xx.a(uip-ds6.o)
                0x0000750c                uip_ds6_addr_rm
 .text.uip_ds6_periodic
                0x00007550       0x50 contiki-srf06-cc26xx.a(uip-ds6.o)
                0x00007550                uip_ds6_periodic
 .text.uip_ds6_select_src
                0x000075a0       0x94 contiki-srf06-cc26xx.a(uip-ds6.o)
                0x000075a0                uip_ds6_select_src
 .text.uip_ds6_compute_reachable_time
                0x00007634       0x28 contiki-srf06-cc26xx.a(uip-ds6.o)
                0x00007634                uip_ds6_compute_reachable_time
 .text.uip_ds6_init
                0x0000765c       0xe0 contiki-srf06-cc26xx.a(uip-ds6.o)
                0x0000765c                uip_ds6_init
 .text.uip_ds6_nbr_rm
                0x0000773c       0x20 contiki-srf06-cc26xx.a(uip-ds6-nbr.o)
                0x0000773c                uip_ds6_nbr_rm
 .text.uip_ds6_neighbors_init
                0x0000775c       0x14 contiki-srf06-cc26xx.a(uip-ds6-nbr.o)
                0x0000775c                uip_ds6_neighbors_init
 .text.uip_ds6_nbr_add
                0x00007770       0x60 contiki-srf06-cc26xx.a(uip-ds6-nbr.o)
                0x00007770                uip_ds6_nbr_add
 .text.uip_ds6_nbr_get_ll
                0x000077d0       0x10 contiki-srf06-cc26xx.a(uip-ds6-nbr.o)
                0x000077d0                uip_ds6_nbr_get_ll
 .text.uip_ds6_nbr_lookup
                0x000077e0       0x38 contiki-srf06-cc26xx.a(uip-ds6-nbr.o)
                0x000077e0                uip_ds6_nbr_lookup
 .text.uip_ds6_nbr_ll_lookup
                0x00007818       0x10 contiki-srf06-cc26xx.a(uip-ds6-nbr.o)
                0x00007818                uip_ds6_nbr_ll_lookup
 .text.uip_ds6_link_neighbor_callback
                0x00007828       0x2c contiki-srf06-cc26xx.a(uip-ds6-nbr.o)
                0x00007828                uip_ds6_link_neighbor_callback
 .text.uip_ds6_neighbor_periodic
                0x00007854       0x58 contiki-srf06-cc26xx.a(uip-ds6-nbr.o)
                0x00007854                uip_ds6_neighbor_periodic
 .text.call_route_callback
                0x000078ac       0x48 contiki-srf06-cc26xx.a(uip-ds6-route.o)
 .text.uip_ds6_route_init
                0x000078f4       0x4c contiki-srf06-cc26xx.a(uip-ds6-route.o)
                0x000078f4                uip_ds6_route_init
 .text.uip_ds6_route_nexthop
                0x00007940       0x20 contiki-srf06-cc26xx.a(uip-ds6-route.o)
                0x00007940                uip_ds6_route_nexthop
 .text.uip_ds6_route_head
                0x00007960        0xc contiki-srf06-cc26xx.a(uip-ds6-route.o)
                0x00007960                uip_ds6_route_head
 .text.uip_ds6_route_lookup
                0x0000796c       0x64 contiki-srf06-cc26xx.a(uip-ds6-route.o)
                0x0000796c                uip_ds6_route_lookup
 .text.uip_ds6_route_rm
                0x000079d0       0x9c contiki-srf06-cc26xx.a(uip-ds6-route.o)
                0x000079d0                uip_ds6_route_rm
 .text.rm_routelist
                0x00007a6c       0x30 contiki-srf06-cc26xx.a(uip-ds6-route.o)
 .text.uip_ds6_route_add
                0x00007a9c      0x10c contiki-srf06-cc26xx.a(uip-ds6-route.o)
                0x00007a9c                uip_ds6_route_add
 .text.uip_ds6_defrt_rm
                0x00007ba8       0x44 contiki-srf06-cc26xx.a(uip-ds6-route.o)
                0x00007ba8                uip_ds6_defrt_rm
 .text.uip_ds6_defrt_lookup
                0x00007bec       0x2c contiki-srf06-cc26xx.a(uip-ds6-route.o)
                0x00007bec                uip_ds6_defrt_lookup
 .text.uip_ds6_defrt_add
                0x00007c18       0x64 contiki-srf06-cc26xx.a(uip-ds6-route.o)
                0x00007c18                uip_ds6_defrt_add
 .text.uip_ds6_defrt_choose
                0x00007c7c       0x30 contiki-srf06-cc26xx.a(uip-ds6-route.o)
                0x00007c7c                uip_ds6_defrt_choose
 .text.uip_ds6_defrt_periodic
                0x00007cac       0x30 contiki-srf06-cc26xx.a(uip-ds6-route.o)
                0x00007cac                uip_ds6_defrt_periodic
 .text.echo_reply_input
                0x00007cdc       0xe8 contiki-srf06-cc26xx.a(uip-icmp6.o)
 .text.echo_request_input
                0x00007dc4      0x100 contiki-srf06-cc26xx.a(uip-icmp6.o)
 .text.uip_icmp6_input
                0x00007ec4       0x38 contiki-srf06-cc26xx.a(uip-icmp6.o)
                0x00007ec4                uip_icmp6_input
 .text.uip_icmp6_register_input_handler
                0x00007efc        0xc contiki-srf06-cc26xx.a(uip-icmp6.o)
                0x00007efc                uip_icmp6_register_input_handler
 .text.uip_icmp6_error_output
                0x00007f08      0x148 contiki-srf06-cc26xx.a(uip-icmp6.o)
                0x00007f08                uip_icmp6_error_output
 .text.uip_icmp6_send
                0x00008050       0x8c contiki-srf06-cc26xx.a(uip-icmp6.o)
                0x00008050                uip_icmp6_send
 .text.uip_icmp6_init
                0x000080dc       0x1c contiki-srf06-cc26xx.a(uip-icmp6.o)
                0x000080dc                uip_icmp6_init
 .text.tcpip_output
                0x000080f8       0x10 contiki-srf06-cc26xx.a(tcpip.o)
                0x000080f8                tcpip_output
 .text.tcpip_set_outputfunc
                0x00008108        0xc contiki-srf06-cc26xx.a(tcpip.o)
                0x00008108                tcpip_set_outputfunc
 .text.udp_new  0x00008114       0x18 contiki-srf06-cc26xx.a(tcpip.o)
                0x00008114                udp_new
 .text.tcpip_icmp6_call
                0x0000812c       0x28 contiki-srf06-cc26xx.a(tcpip.o)
                0x0000812c                tcpip_icmp6_call
 .text.tcpip_input
                0x00008154       0x24 contiki-srf06-cc26xx.a(tcpip.o)
                0x00008154                tcpip_input
 .text.tcpip_ipv6_output
                0x00008178       0xc0 contiki-srf06-cc26xx.a(tcpip.o)
                0x00008178                tcpip_ipv6_output
 .text.process_thread_tcpip_process
                0x00008238       0xdc contiki-srf06-cc26xx.a(tcpip.o)
 .text.tcpip_uipcall
                0x00008314       0x2c contiki-srf06-cc26xx.a(tcpip.o)
                0x00008314                tcpip_uipcall
 .text.uip_debug_ipaddr_print
                0x00008340       0xa0 contiki-srf06-cc26xx.a(uip-debug.o)
                0x00008340                uip_debug_ipaddr_print
 .text.uip_udp_packet_send
                0x000083e0       0x38 contiki-srf06-cc26xx.a(uip-udp-packet.)
                0x000083e0                uip_udp_packet_send
 .text.rpl_get_mode
                0x00008418        0xc contiki-srf06-cc26xx.a(rpl.o)
                0x00008418                rpl_get_mode
 .text.rpl_purge_routes
                0x00008424       0x64 contiki-srf06-cc26xx.a(rpl.o)
                0x00008424                rpl_purge_routes
 .text.rpl_link_neighbor_callback
                0x00008488       0x70 contiki-srf06-cc26xx.a(rpl.o)
                0x00008488                rpl_link_neighbor_callback
 .text.rpl_ipv6_neighbor_callback
                0x000084f8       0x28 contiki-srf06-cc26xx.a(rpl.o)
                0x000084f8                rpl_ipv6_neighbor_callback
 .text.rpl_purge_dags
                0x00008520       0x3c contiki-srf06-cc26xx.a(rpl.o)
                0x00008520                rpl_purge_dags
 .text.rpl_init
                0x0000855c       0x58 contiki-srf06-cc26xx.a(rpl.o)
                0x0000855c                rpl_init
 .text.rpl_set_preferred_parent
                0x000085b4       0x28 contiki-srf06-cc26xx.a(rpl-dag.o)
 .text.set_ip_from_prefix
                0x000085dc       0x2c contiki-srf06-cc26xx.a(rpl-dag.o)
 .text.find_parent_any_dag_any_instance
                0x00008608       0x1c contiki-srf06-cc26xx.a(rpl-dag.o)
 .text.rpl_get_nbr
                0x00008624       0x28 contiki-srf06-cc26xx.a(rpl-dag.o)
                0x00008624                rpl_get_nbr
 .text.rpl_dag_init
                0x0000864c       0x14 contiki-srf06-cc26xx.a(rpl-dag.o)
                0x0000864c                rpl_dag_init
 .text.rpl_get_parent
                0x00008660       0x10 contiki-srf06-cc26xx.a(rpl-dag.o)
                0x00008660                rpl_get_parent
 .text.rpl_get_parent_ipaddr
                0x00008670       0x18 contiki-srf06-cc26xx.a(rpl-dag.o)
                0x00008670                rpl_get_parent_ipaddr
 .text.rpl_alloc_instance
                0x00008688       0x34 contiki-srf06-cc26xx.a(rpl-dag.o)
                0x00008688                rpl_alloc_instance
 .text.rpl_add_parent
                0x000086bc       0x44 contiki-srf06-cc26xx.a(rpl-dag.o)
                0x000086bc                rpl_add_parent
 .text.rpl_select_parent
                0x00008700       0x6c contiki-srf06-cc26xx.a(rpl-dag.o)
                0x00008700                rpl_select_parent
 .text.rpl_remove_parent
                0x0000876c       0x1c contiki-srf06-cc26xx.a(rpl-dag.o)
                0x0000876c                rpl_remove_parent
 .text.remove_parents.constprop.4
                0x00008788       0x2c contiki-srf06-cc26xx.a(rpl-dag.o)
 .text.rpl_get_any_dag
                0x000087b4       0x18 contiki-srf06-cc26xx.a(rpl-dag.o)
                0x000087b4                rpl_get_any_dag
 .text.rpl_get_instance
                0x000087cc       0x20 contiki-srf06-cc26xx.a(rpl-dag.o)
                0x000087cc                rpl_get_instance
 .text.rpl_find_of
                0x000087ec       0x14 contiki-srf06-cc26xx.a(rpl-dag.o)
                0x000087ec                rpl_find_of
 .text.rpl_join_instance
                0x00008800      0x118 contiki-srf06-cc26xx.a(rpl-dag.o)
                0x00008800                rpl_join_instance
 .text.rpl_local_repair
                0x00008918       0x58 contiki-srf06-cc26xx.a(rpl-dag.o)
                0x00008918                rpl_local_repair
 .text.rpl_recalculate_ranks
                0x00008970       0x3c contiki-srf06-cc26xx.a(rpl-dag.o)
                0x00008970                rpl_recalculate_ranks
 .text.rpl_verify_header
                0x000089ac      0x114 contiki-srf06-cc26xx.a(rpl-ext-header.)
                0x000089ac                rpl_verify_header
 .text.rpl_update_header_empty
                0x00008ac0      0x138 contiki-srf06-cc26xx.a(rpl-ext-header.)
                0x00008ac0                rpl_update_header_empty
 .text.rpl_update_header_final
                0x00008bf8       0x88 contiki-srf06-cc26xx.a(rpl-ext-header.)
                0x00008bf8                rpl_update_header_final
 .text.rpl_invert_header
                0x00008c80       0x68 contiki-srf06-cc26xx.a(rpl-ext-header.)
                0x00008c80                rpl_invert_header
 .text.rpl_insert_header
                0x00008ce8       0x1c contiki-srf06-cc26xx.a(rpl-ext-header.)
                0x00008ce8                rpl_insert_header
 .text.dao_ack_input
                0x00008d04       0x14 contiki-srf06-cc26xx.a(rpl-icmp6.o)
 .text.dio_input
                0x00008d18      0x288 contiki-srf06-cc26xx.a(rpl-icmp6.o)
 .text.dis_output
                0x00008fa0       0x54 contiki-srf06-cc26xx.a(rpl-icmp6.o)
                0x00008fa0                dis_output
 .text.dio_output
                0x00008ff4      0x20c contiki-srf06-cc26xx.a(rpl-icmp6.o)
                0x00008ff4                dio_output
 .text.dis_input
                0x00009200       0x3c contiki-srf06-cc26xx.a(rpl-icmp6.o)
 .text.dao_output_target
                0x0000923c       0xe0 contiki-srf06-cc26xx.a(rpl-icmp6.o)
                0x0000923c                dao_output_target
 .text.dao_output
                0x0000931c       0x64 contiki-srf06-cc26xx.a(rpl-icmp6.o)
                0x0000931c                dao_output
 .text.dao_ack_output
                0x00009380       0x34 contiki-srf06-cc26xx.a(rpl-icmp6.o)
                0x00009380                dao_ack_output
 .text.dao_input
                0x000093b4      0x1e4 contiki-srf06-cc26xx.a(rpl-icmp6.o)
 .text.rpl_icmp6_register_handlers
                0x00009598       0x30 contiki-srf06-cc26xx.a(rpl-icmp6.o)
                0x00009598                rpl_icmp6_register_handlers
 .text.new_dio_interval
                0x000095c8       0x58 contiki-srf06-cc26xx.a(rpl-timers.o)
 .text.handle_periodic_timer
                0x00009620       0x3c contiki-srf06-cc26xx.a(rpl-timers.o)
 .text.set_dao_lifetime_timer
                0x0000965c       0x3c contiki-srf06-cc26xx.a(rpl-timers.o)
 .text.handle_dio_timer
                0x00009698       0x80 contiki-srf06-cc26xx.a(rpl-timers.o)
 .text.schedule_dao
                0x00009718       0x54 contiki-srf06-cc26xx.a(rpl-timers.o)
 .text.handle_dao_timer
                0x0000976c       0x58 contiki-srf06-cc26xx.a(rpl-timers.o)
 .text.rpl_reset_periodic_timer
                0x000097c4       0x34 contiki-srf06-cc26xx.a(rpl-timers.o)
                0x000097c4                rpl_reset_periodic_timer
 .text.rpl_schedule_unicast_dio_immediately
                0x000097f8       0x14 contiki-srf06-cc26xx.a(rpl-timers.o)
                0x000097f8                rpl_schedule_unicast_dio_immediately
 .text.rpl_schedule_probing
                0x0000980c       0x30 contiki-srf06-cc26xx.a(rpl-timers.o)
                0x0000980c                rpl_schedule_probing
 .text.handle_probing_timer
                0x0000983c       0xd0 contiki-srf06-cc26xx.a(rpl-timers.o)
 .text.NOROM_AONRTCCurrentCompareValueGet
                0x0000990c       0x20 contiki-srf06-cc26xx.a(aon_rtc.o)
                0x0000990c                NOROM_AONRTCCurrentCompareValueGet
 .text.NOROM_DDI16BitfieldWrite
                0x0000992c       0x48 contiki-srf06-cc26xx.a(ddi.o)
                0x0000992c                NOROM_DDI16BitfieldWrite
 .text.NOROM_DDI16BitfieldRead
                0x00009974       0x40 contiki-srf06-cc26xx.a(ddi.o)
                0x00009974                NOROM_DDI16BitfieldRead
 .text.NOROM_OSCClockSourceSet
                0x000099b4       0x4c contiki-srf06-cc26xx.a(osc.o)
                0x000099b4                NOROM_OSCClockSourceSet
 .text.NOROM_OSCClockSourceGet
                0x00009a00       0x24 contiki-srf06-cc26xx.a(osc.o)
                0x00009a00                NOROM_OSCClockSourceGet
 .text.NOROM_OSCInterfaceEnable
                0x00009a24       0x38 contiki-srf06-cc26xx.a(osc.o)
                0x00009a24                NOROM_OSCInterfaceEnable
 .text.NOROM_PowerCtrlSourceSet
                0x00009a5c       0x2c contiki-srf06-cc26xx.a(pwr_ctrl.o)
                0x00009a5c                NOROM_PowerCtrlSourceSet
 .text.AuxAdiDdiSafeWrite.constprop.1
                0x00009a88       0x28 contiki-srf06-cc26xx.a(setup.o)
 .text.HapiTrimDeviceShutDown
                0x00009ab0      0x3e4 contiki-srf06-cc26xx.a(setup.o)
 .text.trimDevice
                0x00009e94       0xf8 contiki-srf06-cc26xx.a(setup.o)
                0x00009e94                trimDevice
 .text.SysCtrlSetRechargeBeforePowerDown
                0x00009f8c      0x190 contiki-srf06-cc26xx.a(sys_ctrl.o)
                0x00009f8c                SysCtrlSetRechargeBeforePowerDown
 .text.SysCtrlAdjustRechargeAfterPowerDown
                0x0000a11c       0x60 contiki-srf06-cc26xx.a(sys_ctrl.o)
                0x0000a11c                SysCtrlAdjustRechargeAfterPowerDown
 .text.SysCtrl_DCDC_VoltageConditionalControl
                0x0000a17c       0x74 contiki-srf06-cc26xx.a(sys_ctrl.o)
                0x0000a17c                SysCtrl_DCDC_VoltageConditionalControl
 .text.index_from_key
                0x0000a1f0       0x20 contiki-srf06-cc26xx.a(nbr-table.o)
 .text.index_from_lladdr
                0x0000a210       0x40 contiki-srf06-cc26xx.a(nbr-table.o)
 .text.key_from_item
                0x0000a250       0x2c contiki-srf06-cc26xx.a(nbr-table.o)
 .text.nbr_get_bit.constprop.0
                0x0000a27c       0x30 contiki-srf06-cc26xx.a(nbr-table.o)
 .text.nbr_table_register
                0x0000a2ac       0x28 contiki-srf06-cc26xx.a(nbr-table.o)
                0x0000a2ac                nbr_table_register
 .text.nbr_table_head
                0x0000a2d4       0x34 contiki-srf06-cc26xx.a(nbr-table.o)
                0x0000a2d4                nbr_table_head
 .text.nbr_table_add_lladdr
                0x0000a308      0x11c contiki-srf06-cc26xx.a(nbr-table.o)
                0x0000a308                nbr_table_add_lladdr
 .text.nbr_table_remove
                0x0000a424       0x2c contiki-srf06-cc26xx.a(nbr-table.o)
                0x0000a424                nbr_table_remove
 .text.nbr_table_lock
                0x0000a450       0x14 contiki-srf06-cc26xx.a(nbr-table.o)
                0x0000a450                nbr_table_lock
 .text.nbr_table_unlock
                0x0000a464       0x14 contiki-srf06-cc26xx.a(nbr-table.o)
                0x0000a464                nbr_table_unlock
 .text.netstack_init
                0x0000a478       0x38 contiki-srf06-cc26xx.a(netstack.o)
                0x0000a478                netstack_init
 .text.packetbuf_copyto
                0x0000a4b0       0x50 contiki-srf06-cc26xx.a(packetbuf.o)
                0x0000a4b0                packetbuf_copyto
 .text.packetbuf_hdrreduce
                0x0000a500       0x2c contiki-srf06-cc26xx.a(packetbuf.o)
                0x0000a500                packetbuf_hdrreduce
 .text.packetbuf_set_datalen
                0x0000a52c        0xc contiki-srf06-cc26xx.a(packetbuf.o)
                0x0000a52c                packetbuf_set_datalen
 .text.packetbuf_dataptr
                0x0000a538       0x14 contiki-srf06-cc26xx.a(packetbuf.o)
                0x0000a538                packetbuf_dataptr
 .text.packetbuf_hdrptr
                0x0000a54c       0x14 contiki-srf06-cc26xx.a(packetbuf.o)
                0x0000a54c                packetbuf_hdrptr
 .text.packetbuf_datalen
                0x0000a560        0xc contiki-srf06-cc26xx.a(packetbuf.o)
                0x0000a560                packetbuf_datalen
 .text.packetbuf_hdrlen
                0x0000a56c       0x1c contiki-srf06-cc26xx.a(packetbuf.o)
                0x0000a56c                packetbuf_hdrlen
 .text.packetbuf_totlen
                0x0000a588       0x14 contiki-srf06-cc26xx.a(packetbuf.o)
                0x0000a588                packetbuf_totlen
 .text.packetbuf_hdralloc
                0x0000a59c       0x28 contiki-srf06-cc26xx.a(packetbuf.o)
                0x0000a59c                packetbuf_hdralloc
 .text.packetbuf_attr_clear
                0x0000a5c4       0x38 contiki-srf06-cc26xx.a(packetbuf.o)
                0x0000a5c4                packetbuf_attr_clear
 .text.packetbuf_clear
                0x0000a5fc       0x30 contiki-srf06-cc26xx.a(packetbuf.o)
                0x0000a5fc                packetbuf_clear
 .text.packetbuf_copyfrom
                0x0000a62c       0x2c contiki-srf06-cc26xx.a(packetbuf.o)
                0x0000a62c                packetbuf_copyfrom
 .text.packetbuf_attr_copyto
                0x0000a658       0x34 contiki-srf06-cc26xx.a(packetbuf.o)
                0x0000a658                packetbuf_attr_copyto
 .text.packetbuf_attr_copyfrom
                0x0000a68c       0x34 contiki-srf06-cc26xx.a(packetbuf.o)
                0x0000a68c                packetbuf_attr_copyfrom
 .text.packetbuf_set_attr
                0x0000a6c0       0x10 contiki-srf06-cc26xx.a(packetbuf.o)
                0x0000a6c0                packetbuf_set_attr
 .text.packetbuf_attr
                0x0000a6d0        0xc contiki-srf06-cc26xx.a(packetbuf.o)
                0x0000a6d0                packetbuf_attr
 .text.packetbuf_set_addr
                0x0000a6dc       0x18 contiki-srf06-cc26xx.a(packetbuf.o)
                0x0000a6dc                packetbuf_set_addr
 .text.packetbuf_addr
                0x0000a6f4       0x10 contiki-srf06-cc26xx.a(packetbuf.o)
                0x0000a6f4                packetbuf_addr
 .text.packetbuf_holds_broadcast
                0x0000a704       0x10 contiki-srf06-cc26xx.a(packetbuf.o)
                0x0000a704                packetbuf_holds_broadcast
 .text.queuebuf_init
                0x0000a714       0x1c contiki-srf06-cc26xx.a(queuebuf.o)
                0x0000a714                queuebuf_init
 .text.queuebuf_numfree
                0x0000a730        0xc contiki-srf06-cc26xx.a(queuebuf.o)
                0x0000a730                queuebuf_numfree
 .text.queuebuf_new_from_packetbuf
                0x0000a73c       0x44 contiki-srf06-cc26xx.a(queuebuf.o)
                0x0000a73c                queuebuf_new_from_packetbuf
 .text.queuebuf_free
                0x0000a780       0x2c contiki-srf06-cc26xx.a(queuebuf.o)
                0x0000a780                queuebuf_free
 .text.queuebuf_to_packetbuf
                0x0000a7ac       0x30 contiki-srf06-cc26xx.a(queuebuf.o)
                0x0000a7ac                queuebuf_to_packetbuf
 .text.create_frame.isra.0
                0x0000a7dc      0x124 contiki-srf06-cc26xx.a(framer-802154.o)
 .text.send_packet
                0x0000a900        0xc contiki-srf06-cc26xx.a(nullmac.o)
 .text.packet_input
                0x0000a90c        0xc contiki-srf06-cc26xx.a(nullmac.o)
 .text.on       0x0000a918        0xc contiki-srf06-cc26xx.a(nullmac.o)
 .text.off      0x0000a924        0xc contiki-srf06-cc26xx.a(nullmac.o)
 .text.on       0x0000a930        0xc contiki-srf06-cc26xx.a(nullrdc.o)
 .text.send_one_packet
                0x0000a93c      0x118 contiki-srf06-cc26xx.a(nullrdc.o)
 .text.off      0x0000aa54       0x18 contiki-srf06-cc26xx.a(nullrdc.o)
 .text.packet_input
                0x0000aa6c       0x54 contiki-srf06-cc26xx.a(nullrdc.o)
 .text.input    0x0000aac0        0xc contiki-srf06-cc26xx.a(nullsec.o)
 .text.send     0x0000aacc       0x20 contiki-srf06-cc26xx.a(nullsec.o)
 .text.sensor_common_write_reg
                0x0000aaec       0x30 contiki-srf06-cc26xx.a(sensor-common.o)
                0x0000aaec                sensor_common_write_reg
 .text.verify_part
                0x0000ab1c       0x64 contiki-srf06-cc26xx.a(ext-flash.o)
 .text.wait_ready
                0x0000ab80       0x5c contiki-srf06-cc26xx.a(ext-flash.o)
 .text.ext_flash_open
                0x0000abdc       0x54 contiki-srf06-cc26xx.a(ext-flash.o)
                0x0000abdc                ext_flash_open
 .text.ext_flash_close
                0x0000ac30       0x4c contiki-srf06-cc26xx.a(ext-flash.o)
                0x0000ac30                ext_flash_close
 .text.buzzer_init
                0x0000ac7c        0xc contiki-srf06-cc26xx.a(buzzer.o)
                0x0000ac7c                buzzer_init
 .text.buzzer_stop
                0x0000ac88       0x74 contiki-srf06-cc26xx.a(buzzer.o)
                0x0000ac88                buzzer_stop
 .text.accessible
                0x0000acfc       0x24 contiki-srf06-cc26xx.a(board-spi.o)
 .text.board_spi_write
                0x0000ad20       0x3c contiki-srf06-cc26xx.a(board-spi.o)
                0x0000ad20                board_spi_write
 .text.board_spi_read
                0x0000ad5c       0x48 contiki-srf06-cc26xx.a(board-spi.o)
                0x0000ad5c                board_spi_read
 .text.board_spi_flush
                0x0000ada4       0x24 contiki-srf06-cc26xx.a(board-spi.o)
                0x0000ada4                board_spi_flush
 .text.board_spi_open
                0x0000adc8       0xbc contiki-srf06-cc26xx.a(board-spi.o)
                0x0000adc8                board_spi_open
 .text.board_spi_close
                0x0000ae84       0x70 contiki-srf06-cc26xx.a(board-spi.o)
                0x0000ae84                board_spi_close
 .text.process_thread_rf_core_process
                0x0000aef4       0x58 contiki-srf06-cc26xx.a(rf-core.o)
 .text.rf_core_is_accessible
                0x0000af4c       0x10 contiki-srf06-cc26xx.a(rf-core.o)
                0x0000af4c                rf_core_is_accessible
 .text.rf_core_send_cmd
                0x0000af5c       0x80 contiki-srf06-cc26xx.a(rf-core.o)
                0x0000af5c                rf_core_send_cmd
 .text.rf_core_wait_cmd_done
                0x0000afdc       0x2c contiki-srf06-cc26xx.a(rf-core.o)
                0x0000afdc                rf_core_wait_cmd_done
 .text.rf_core_power_up
                0x0000b008       0xac contiki-srf06-cc26xx.a(rf-core.o)
                0x0000b008                rf_core_power_up
 .text.rf_core_set_modesel
                0x0000b0b4       0x5c contiki-srf06-cc26xx.a(rf-core.o)
                0x0000b0b4                rf_core_set_modesel
 .text.rf_core_start_rat
                0x0000b110       0x1c contiki-srf06-cc26xx.a(rf-core.o)
                0x0000b110                rf_core_start_rat
 .text.rf_core_setup_interrupts
                0x0000b12c       0x5c contiki-srf06-cc26xx.a(rf-core.o)
                0x0000b12c                rf_core_setup_interrupts
 .text.rf_core_cmd_done_en
                0x0000b188       0x24 contiki-srf06-cc26xx.a(rf-core.o)
                0x0000b188                rf_core_cmd_done_en
 .text.rf_core_cmd_done_dis
                0x0000b1ac       0x10 contiki-srf06-cc26xx.a(rf-core.o)
                0x0000b1ac                rf_core_cmd_done_dis
 .text.rf_core_get_last_radio_op
                0x0000b1bc        0xc contiki-srf06-cc26xx.a(rf-core.o)
                0x0000b1bc                rf_core_get_last_radio_op
 .text.rf_core_power_down
                0x0000b1c8       0xb8 contiki-srf06-cc26xx.a(rf-core.o)
                0x0000b1c8                rf_core_power_down
 .text.rf_core_primary_mode_register
                0x0000b280        0xc contiki-srf06-cc26xx.a(rf-core.o)
                0x0000b280                rf_core_primary_mode_register
 .text.RFCCPE1IntHandler
                0x0000b28c       0x20 contiki-srf06-cc26xx.a(rf-core.o)
                0x0000b28c                RFCCPE1IntHandler
 .text.RFCCPE0IntHandler
                0x0000b2ac       0x58 contiki-srf06-cc26xx.a(rf-core.o)
                0x0000b2ac                RFCCPE0IntHandler
 .text.rf_ble_is_active
                0x0000b304        0xc contiki-srf06-cc26xx.a(rf-ble.o)
                0x0000b304                rf_ble_is_active
 .text.stimer_expired
                0x0000b310       0x20 contiki-srf06-cc26xx.a(stimer.o)
                0x0000b310                stimer_expired
 .text.AONBatMonTemperatureGetDegC
                0x0000b330       0x30 contiki-srf06-cc26xx.a(aon_batmon.o)
                0x0000b330                AONBatMonTemperatureGetDegC
 .text.ChipInfo_GetSupportedProtocol_BV
                0x0000b360       0x10 contiki-srf06-cc26xx.a(chipinfo.o)
                0x0000b360                ChipInfo_GetSupportedProtocol_BV
 .text.ChipInfo_GetChipFamily
                0x0000b370       0x34 contiki-srf06-cc26xx.a(chipinfo.o)
                0x0000b370                ChipInfo_GetChipFamily
 .text.ChipInfo_GetHwRevision
                0x0000b3a4       0x68 contiki-srf06-cc26xx.a(chipinfo.o)
                0x0000b3a4                ChipInfo_GetHwRevision
 .text.frame802154_get_pan_id
                0x0000b40c        0xc contiki-srf06-cc26xx.a(frame802154.o)
                0x0000b40c                frame802154_get_pan_id
 .text.frame802154_parse
                0x0000b418      0x174 contiki-srf06-cc26xx.a(frame802154.o)
                0x0000b418                frame802154_parse
 .text.mac_sequence_is_duplicate
                0x0000b58c       0x38 contiki-srf06-cc26xx.a(mac-sequence.o)
                0x0000b58c                mac_sequence_is_duplicate
 .text.mac_sequence_register_seqno
                0x0000b5c4       0x64 contiki-srf06-cc26xx.a(mac-sequence.o)
                0x0000b5c4                mac_sequence_register_seqno
 .text.exp2     0x0000b628       0x10 /usr/bin/../lib/gcc/arm-none-eabi/4.9.3/../../../../arm-none-eabi/lib/armv7-m/libm.a(lib_a-w_exp2.o)
                0x0000b628                exp2
 .text.pow      0x0000b638      0x2f0 /usr/bin/../lib/gcc/arm-none-eabi/4.9.3/../../../../arm-none-eabi/lib/armv7-m/libm.a(lib_a-w_pow.o)
                0x0000b638                pow
 .text.__ieee754_sqrt
                0x0000b928      0x18c /usr/bin/../lib/gcc/arm-none-eabi/4.9.3/../../../../arm-none-eabi/lib/armv7-m/libm.a(lib_a-e_sqrt.o)
                0x0000b928                __ieee754_sqrt
 .text.fabs     0x0000bab4        0x8 /usr/bin/../lib/gcc/arm-none-eabi/4.9.3/../../../../arm-none-eabi/lib/armv7-m/libm.a(lib_a-s_fabs.o)
                0x0000bab4                fabs
 .text.finite   0x0000babc        0xc /usr/bin/../lib/gcc/arm-none-eabi/4.9.3/../../../../arm-none-eabi/lib/armv7-m/libm.a(lib_a-s_finite.o)
                0x0000babc                finite
 .text.__fpclassifyd
                0x0000bac8       0x58 /usr/bin/../lib/gcc/arm-none-eabi/4.9.3/../../../../arm-none-eabi/lib/armv7-m/libm.a(lib_a-s_fpclassify.o)
                0x0000bac8                __fpclassifyd
 .text.matherr  0x0000bb20        0x4 /usr/bin/../lib/gcc/arm-none-eabi/4.9.3/../../../../arm-none-eabi/lib/armv7-m/libm.a(lib_a-s_matherr.o)
                0x0000bb20                matherr
 .text.nan      0x0000bb24        0xc /usr/bin/../lib/gcc/arm-none-eabi/4.9.3/../../../../arm-none-eabi/lib/armv7-m/libm.a(lib_a-s_nan.o)
                0x0000bb24                nan
 .text.rint     0x0000bb30      0x11c /usr/bin/../lib/gcc/arm-none-eabi/4.9.3/../../../../arm-none-eabi/lib/armv7-m/libm.a(lib_a-s_rint.o)
                0x0000bb30                rint
 .text.copysign
                0x0000bc4c       0x10 /usr/bin/../lib/gcc/arm-none-eabi/4.9.3/../../../../arm-none-eabi/lib/armv7-m/libm.a(lib_a-s_copysign.o)
                0x0000bc4c                copysign
 .text          0x0000bc5c      0x370 /usr/bin/../lib/gcc/arm-none-eabi/4.9.3/armv7-m/libgcc.a(_arm_addsubdf3.o)
                0x0000bc5c                __aeabi_drsub
                0x0000bc64                __aeabi_dsub
                0x0000bc64                __subdf3
                0x0000bc68                __adddf3
                0x0000bc68                __aeabi_dadd
                0x0000bee0                __aeabi_ui2d
                0x0000bee0                __floatunsidf
                0x0000bf00                __floatsidf
                0x0000bf00                __aeabi_i2d
                0x0000bf24                __extendsfdf2
                0x0000bf24                __aeabi_f2d
                0x0000bf60                __aeabi_ul2d
                0x0000bf60                __floatundidf
                0x0000bf70                __floatdidf
                0x0000bf70                __aeabi_l2d
 .text          0x0000bfcc      0x424 /usr/bin/../lib/gcc/arm-none-eabi/4.9.3/armv7-m/libgcc.a(_arm_muldivdf3.o)
                0x0000bfcc                __aeabi_dmul
                0x0000bfcc                __muldf3
                0x0000c220                __aeabi_ddiv
                0x0000c220                __divdf3
 .text          0x0000c3f0      0x110 /usr/bin/../lib/gcc/arm-none-eabi/4.9.3/armv7-m/libgcc.a(_arm_cmpdf2.o)
                0x0000c3f0                __gtdf2
                0x0000c3f0                __gedf2
                0x0000c3f8                __ltdf2
                0x0000c3f8                __ledf2
                0x0000c400                __cmpdf2
                0x0000c400                __eqdf2
                0x0000c400                __nedf2
                0x0000c47c                __aeabi_cdrcmple
                0x0000c48c                __aeabi_cdcmple
                0x0000c48c                __aeabi_cdcmpeq
                0x0000c49c                __aeabi_dcmpeq
                0x0000c4b0                __aeabi_dcmplt
                0x0000c4c4                __aeabi_dcmple
                0x0000c4d8                __aeabi_dcmpge
                0x0000c4ec                __aeabi_dcmpgt
 .text          0x0000c500       0xa0 /usr/bin/../lib/gcc/arm-none-eabi/4.9.3/armv7-m/libgcc.a(_arm_truncdfsf2.o)
                0x0000c500                __aeabi_d2f
                0x0000c500                __truncdfsf2
 .text          0x0000c5a0      0x21c /usr/bin/../lib/gcc/arm-none-eabi/4.9.3/armv7-m/libgcc.a(_arm_addsubsf3.o)
                0x0000c5a0                __aeabi_frsub
                0x0000c5a8                __subsf3
                0x0000c5a8                __aeabi_fsub
                0x0000c5ac                __aeabi_fadd
                0x0000c5ac                __addsf3
                0x0000c70c                __aeabi_ui2f
                0x0000c70c                __floatunsisf
                0x0000c714                __aeabi_i2f
                0x0000c714                __floatsisf
                0x0000c730                __floatundisf
                0x0000c730                __aeabi_ul2f
                0x0000c740                __floatdisf
                0x0000c740                __aeabi_l2f
 .text          0x0000c7bc      0x2a0 /usr/bin/../lib/gcc/arm-none-eabi/4.9.3/armv7-m/libgcc.a(_arm_muldivsf3.o)
                0x0000c7bc                __mulsf3
                0x0000c7bc                __aeabi_fmul
                0x0000c924                __divsf3
                0x0000c924                __aeabi_fdiv
 .text          0x0000ca5c       0x4c /usr/bin/../lib/gcc/arm-none-eabi/4.9.3/armv7-m/libgcc.a(_arm_fixsfsi.o)
                0x0000ca5c                __fixsfsi
                0x0000ca5c                __aeabi_f2iz
 .text          0x0000caa8       0x30 /usr/bin/../lib/gcc/arm-none-eabi/4.9.3/armv7-m/libgcc.a(_aeabi_uldivmod.o)
                0x0000caa8                __aeabi_uldivmod
 .text          0x0000cad8       0x60 /usr/bin/../lib/gcc/arm-none-eabi/4.9.3/armv7-m/libgcc.a(bpabi.o)
                0x0000cad8                __gnu_ldivmod_helper
                0x0000cb08                __gnu_uldivmod_helper
 .text          0x0000cb38        0x4 /usr/bin/../lib/gcc/arm-none-eabi/4.9.3/armv7-m/libgcc.a(_dvmd_tls.o)
                0x0000cb38                __aeabi_ldiv0
                0x0000cb38                __aeabi_idiv0
 .text          0x0000cb3c      0x2ac /usr/bin/../lib/gcc/arm-none-eabi/4.9.3/armv7-m/libgcc.a(_divdi3.o)
                0x0000cb3c                __divdi3
 .text          0x0000cde8      0x270 /usr/bin/../lib/gcc/arm-none-eabi/4.9.3/armv7-m/libgcc.a(_udivdi3.o)
                0x0000cde8                __udivdi3
 .text.atoi     0x0000d058        0x8 /usr/bin/../lib/gcc/arm-none-eabi/4.9.3/../../../../arm-none-eabi/lib/armv7-m/libc.a(lib_a-atoi.o)
                0x0000d058                atoi
 .text.__errno  0x0000d060        0xc /usr/bin/../lib/gcc/arm-none-eabi/4.9.3/../../../../arm-none-eabi/lib/armv7-m/libc.a(lib_a-errno.o)
                0x0000d060                __errno
 .text.memchr   0x0000d06c       0x94 /usr/bin/../lib/gcc/arm-none-eabi/4.9.3/../../../../arm-none-eabi/lib/armv7-m/libc.a(lib_a-memchr.o)
                0x0000d06c                memchr
 .text.memcmp   0x0000d100       0x64 /usr/bin/../lib/gcc/arm-none-eabi/4.9.3/../../../../arm-none-eabi/lib/armv7-m/libc.a(lib_a-memcmp.o)
                0x0000d100                memcmp
 .text          0x0000d164       0xec /usr/bin/../lib/gcc/arm-none-eabi/4.9.3/../../../../arm-none-eabi/lib/armv7-m/libc.a(lib_a-memcpy.o)
                0x0000d164                memcpy
 .text.memmove  0x0000d250       0xc8 /usr/bin/../lib/gcc/arm-none-eabi/4.9.3/../../../../arm-none-eabi/lib/armv7-m/libc.a(lib_a-memmove.o)
                0x0000d250                memmove
 .text.memset   0x0000d318       0x9c /usr/bin/../lib/gcc/arm-none-eabi/4.9.3/../../../../arm-none-eabi/lib/armv7-m/libc.a(lib_a-memset.o)
                0x0000d318                memset
 .text.srand    0x0000d3b4       0x14 /usr/bin/../lib/gcc/arm-none-eabi/4.9.3/../../../../arm-none-eabi/lib/armv7-m/libc.a(lib_a-rand.o)
                0x0000d3b4                srand
 .text.rand     0x0000d3c8       0x40 /usr/bin/../lib/gcc/arm-none-eabi/4.9.3/../../../../arm-none-eabi/lib/armv7-m/libc.a(lib_a-rand.o)
                0x0000d3c8                rand
 .text.strchr   0x0000d408       0xcc /usr/bin/../lib/gcc/arm-none-eabi/4.9.3/../../../../arm-none-eabi/lib/armv7-m/libc.a(lib_a-strchr.o)
                0x0000d408                strchr
 .text.strcpy   0x0000d4d4       0xbc /usr/bin/../lib/gcc/arm-none-eabi/4.9.3/../../../../arm-none-eabi/lib/armv7-m/libc.a(lib_a-strcpy.o)
                0x0000d4d4                strcpy
 .text.strlen   0x0000d590       0x5c /usr/bin/../lib/gcc/arm-none-eabi/4.9.3/../../../../arm-none-eabi/lib/armv7-m/libc.a(lib_a-strlen.o)
                0x0000d590                strlen
 .text.strncmp  0x0000d5ec       0x94 /usr/bin/../lib/gcc/arm-none-eabi/4.9.3/../../../../arm-none-eabi/lib/armv7-m/libc.a(lib_a-strncmp.o)
                0x0000d5ec                strncmp
 .text.strncpy  0x0000d680       0x68 /usr/bin/../lib/gcc/arm-none-eabi/4.9.3/../../../../arm-none-eabi/lib/armv7-m/libc.a(lib_a-strncpy.o)
                0x0000d680                strncpy
 .text._strtol_r
                0x0000d6e8      0x11c /usr/bin/../lib/gcc/arm-none-eabi/4.9.3/../../../../arm-none-eabi/lib/armv7-m/libc.a(lib_a-strtol.o)
                0x0000d6e8                _strtol_r
 .text.strtol   0x0000d804       0x18 /usr/bin/../lib/gcc/arm-none-eabi/4.9.3/../../../../arm-none-eabi/lib/armv7-m/libc.a(lib_a-strtol.o)
                0x0000d804                strtol
 .text.NmiSRHandler
                0x0000d81c        0x2 obj_srf06-cc26xx/startup_gcc.o
                0x0000d81c                NmiSR
 .text.IntDefaultHandler
                0x0000d81e        0x2 obj_srf06-cc26xx/startup_gcc.o
                0x0000d81e                TRNGIntHandler
                0x0000d81e                SSI0IntHandler
                0x0000d81e                SWEvent0IntHandler
                0x0000d81e                uDMAIntHandler
                0x0000d81e                WatchdogIntHandler
                0x0000d81e                RFCHardwareIntHandler
                0x0000d81e                Timer1BIntHandler
                0x0000d81e                I2SIntHandler
                0x0000d81e                Timer2BIntHandler
                0x0000d81e                Timer2AIntHandler
                0x0000d81e                Timer1AIntHandler
                0x0000d81e                AONIntHandler
                0x0000d81e                AUXSWEvent0IntHandler
                0x0000d81e                AUXADCIntHandler
                0x0000d81e                PendSVIntHandler
                0x0000d81e                AUXSWEvent1IntHandler
                0x0000d81e                SVCallIntHandler
                0x0000d81e                MPUFaultIntHandler
                0x0000d81e                SysTickIntHandler
                0x0000d81e                BusFaultIntHandler
                0x0000d81e                AONProgIntHandler
                0x0000d81e                AUXCompAIntHandler
                0x0000d81e                SSI1IntHandler
                0x0000d81e                FlashIntHandler
                0x0000d81e                uDMAErrIntHandler
                0x0000d81e                UsageFaultIntHandler
                0x0000d81e                RFCCmdAckIntHandler
                0x0000d81e                CryptoIntHandler
                0x0000d81e                Timer0AIntHandler
                0x0000d81e                I2CIntHandler
                0x0000d81e                DebugMonIntHandler
                0x0000d81e                Timer0BIntHandler
                0x0000d81e                AUXCombEventIntHandler
                0x0000d81e                Timer3AIntHandler
                0x0000d81e                DynProgIntHandler
                0x0000d81e                Timer3BIntHandler
 .text.res_post_handler
                0x0000d820        0x6 obj_srf06-cc26xx/res-toggle.o
 .text.coap_parse_int_option
                0x0000d826       0x16 contiki-srf06-cc26xx.a(er-coap.o)
 .text.coap_merge_multi_option
                0x0000d83c       0x32 contiki-srf06-cc26xx.a(er-coap.o)
 .text.coap_get_variable
                0x0000d86e       0x6a contiki-srf06-cc26xx.a(er-coap.o)
 .text.coap_set_option_header
                0x0000d8d8       0x76 contiki-srf06-cc26xx.a(er-coap.o)
 .text.coap_serialize_int_option
                0x0000d94e       0x60 contiki-srf06-cc26xx.a(er-coap.o)
 .text.coap_serialize_array_option.part.0
                0x0000d9ae       0x20 contiki-srf06-cc26xx.a(er-coap.o)
 .text.coap_serialize_array_option
                0x0000d9ce       0x76 contiki-srf06-cc26xx.a(er-coap.o)
 .text.coap_init_message
                0x0000da44       0x1a contiki-srf06-cc26xx.a(er-coap.o)
                0x0000da44                coap_init_message
 .text.coap_get_query_variable
                0x0000da5e       0x26 contiki-srf06-cc26xx.a(er-coap.o)
                0x0000da5e                coap_get_query_variable
 .text.coap_get_post_variable
                0x0000da84       0x1e contiki-srf06-cc26xx.a(er-coap.o)
                0x0000da84                coap_get_post_variable
 .text.coap_set_status_code
                0x0000daa2        0xc contiki-srf06-cc26xx.a(er-coap.o)
                0x0000daa2                coap_set_status_code
 .text.coap_set_token
                0x0000daae       0x16 contiki-srf06-cc26xx.a(er-coap.o)
                0x0000daae                coap_set_token
 .text.coap_get_header_content_format
                0x0000dac4       0x18 contiki-srf06-cc26xx.a(er-coap.o)
                0x0000dac4                coap_get_header_content_format
 .text.coap_set_header_content_format
                0x0000dadc        0xe contiki-srf06-cc26xx.a(er-coap.o)
                0x0000dadc                coap_set_header_content_format
 .text.coap_get_header_accept
                0x0000daea       0x1a contiki-srf06-cc26xx.a(er-coap.o)
                0x0000daea                coap_get_header_accept
 .text.coap_get_header_max_age
                0x0000db04       0x10 contiki-srf06-cc26xx.a(er-coap.o)
                0x0000db04                coap_get_header_max_age
 .text.coap_set_header_max_age
                0x0000db14        0xe contiki-srf06-cc26xx.a(er-coap.o)
                0x0000db14                coap_set_header_max_age
 .text.coap_set_header_etag
                0x0000db22       0x22 contiki-srf06-cc26xx.a(er-coap.o)
                0x0000db22                coap_set_header_etag
 .text.coap_get_header_if_match
                0x0000db44       0x1c contiki-srf06-cc26xx.a(er-coap.o)
                0x0000db44                coap_get_header_if_match
 .text.coap_get_header_if_none_match
                0x0000db60        0x8 contiki-srf06-cc26xx.a(er-coap.o)
                0x0000db60                coap_get_header_if_none_match
 .text.coap_get_header_uri_host
                0x0000db68       0x18 contiki-srf06-cc26xx.a(er-coap.o)
                0x0000db68                coap_get_header_uri_host
 .text.coap_get_header_uri_path
                0x0000db80       0x18 contiki-srf06-cc26xx.a(er-coap.o)
                0x0000db80                coap_get_header_uri_path
 .text.coap_set_header_uri_path
                0x0000db98       0x20 contiki-srf06-cc26xx.a(er-coap.o)
                0x0000db98                coap_set_header_uri_path
 .text.coap_get_header_uri_query
                0x0000dbb8       0x16 contiki-srf06-cc26xx.a(er-coap.o)
                0x0000dbb8                coap_get_header_uri_query
 .text.coap_set_header_location_query
                0x0000dbce       0x20 contiki-srf06-cc26xx.a(er-coap.o)
                0x0000dbce                coap_set_header_location_query
 .text.coap_set_header_location_path
                0x0000dbee       0x40 contiki-srf06-cc26xx.a(er-coap.o)
                0x0000dbee                coap_set_header_location_path
 .text.coap_get_header_observe
                0x0000dc2e       0x18 contiki-srf06-cc26xx.a(er-coap.o)
                0x0000dc2e                coap_get_header_observe
 .text.coap_set_header_observe
                0x0000dc46        0xe contiki-srf06-cc26xx.a(er-coap.o)
                0x0000dc46                coap_set_header_observe
 .text.coap_get_header_block2
                0x0000dc54       0x32 contiki-srf06-cc26xx.a(er-coap.o)
                0x0000dc54                coap_get_header_block2
 .text.coap_set_header_block2
                0x0000dc86       0x32 contiki-srf06-cc26xx.a(er-coap.o)
                0x0000dc86                coap_set_header_block2
 .text.coap_set_header_block1
                0x0000dcb8       0x2e contiki-srf06-cc26xx.a(er-coap.o)
                0x0000dcb8                coap_set_header_block1
 .text.coap_get_header_size2
                0x0000dce6       0x1a contiki-srf06-cc26xx.a(er-coap.o)
                0x0000dce6                coap_get_header_size2
 .text.coap_set_header_size2
                0x0000dd00       0x10 contiki-srf06-cc26xx.a(er-coap.o)
                0x0000dd00                coap_set_header_size2
 .text.coap_get_payload
                0x0000dd10       0x12 contiki-srf06-cc26xx.a(er-coap.o)
                0x0000dd10                coap_get_payload
 .text.coap_set_payload
                0x0000dd22       0x12 contiki-srf06-cc26xx.a(er-coap.o)
                0x0000dd22                coap_set_payload
 .text.coap_get_rest_method
                0x0000dd34        0xc contiki-srf06-cc26xx.a(er-coap-engine.)
                0x0000dd34                coap_get_rest_method
 .text.coap_notify_observers
                0x0000dd40        0x6 contiki-srf06-cc26xx.a(er-coap-observe)
                0x0000dd40                coap_notify_observers
 .text.coap_separate_resume
                0x0000dd46       0x30 contiki-srf06-cc26xx.a(er-coap-separat)
                0x0000dd46                coap_separate_resume
 .text.fade     0x0000dd76       0x54 contiki-srf06-cc26xx.a(contiki-main.o)
 .text.select_on_bus
                0x0000ddca        0x8 contiki-srf06-cc26xx.a(bmp-280-sensor.)
 .text.status_right
                0x0000ddd2       0x10 contiki-srf06-cc26xx.a(button-sensor.o)
 .text.config_left
                0x0000dde2        0xc contiki-srf06-cc26xx.a(button-sensor.o)
 .text.config_right
                0x0000ddee        0xc contiki-srf06-cc26xx.a(button-sensor.o)
 .text.status_left
                0x0000ddfa       0x10 contiki-srf06-cc26xx.a(button-sensor.o)
 .text.lpm_wakeup_handler
                0x0000de0a        0x4 contiki-srf06-cc26xx.a(board.o)
 .text.clock_update
                0x0000de0e       0x16 contiki-srf06-cc26xx.a(clock.o)
                0x0000de0e                clock_update
 .text.rtimer_arch_init
                0x0000de24        0x2 contiki-srf06-cc26xx.a(rtimer-arch.o)
                0x0000de24                rtimer_arch_init
 .text.rtimer_arch_schedule
                0x0000de26        0x8 contiki-srf06-cc26xx.a(rtimer-arch.o)
                0x0000de26                rtimer_arch_schedule
 .text.rtimer_arch_now
                0x0000de2e        0x4 contiki-srf06-cc26xx.a(rtimer-arch.o)
                0x0000de2e                rtimer_arch_now
 .text.putchar  0x0000de32        0xe contiki-srf06-cc26xx.a(putchar.o)
                0x0000de32                putchar
 .text.puts     0x0000de40       0x2c contiki-srf06-cc26xx.a(putchar.o)
                0x0000de40                puts
 .text.dbg_send_bytes
                0x0000de6c       0x28 contiki-srf06-cc26xx.a(putchar.o)
                0x0000de6c                dbg_send_bytes
 .text.IntMasterEnable
                0x0000de94        0xe contiki-srf06-cc26xx.a(lpm.o)
 .text.oscillators_select_lf_rcosc
                0x0000dea2       0x30 contiki-srf06-cc26xx.a(oscillators.o)
                0x0000dea2                oscillators_select_lf_rcosc
 .text.oscillators_request_hf_xosc
                0x0000ded2       0x24 contiki-srf06-cc26xx.a(oscillators.o)
                0x0000ded2                oscillators_request_hf_xosc
 .text.request  0x0000def6       0x10 contiki-srf06-cc26xx.a(ieee-mode.o)
 .text.soft_on  0x0000df06       0x16 contiki-srf06-cc26xx.a(ieee-mode.o)
 .text.transmitting
                0x0000df1c       0x3e contiki-srf06-cc26xx.a(ieee-mode.o)
 .text.get_cca_info.part.3
                0x0000df5a       0x30 contiki-srf06-cc26xx.a(ieee-mode.o)
 .text.send     0x0000df8a       0x12 contiki-srf06-cc26xx.a(ieee-mode.o)
 .text.channel_clear
                0x0000df9c       0x54 contiki-srf06-cc26xx.a(ieee-mode.o)
 .text.receiving_packet
                0x0000dff0       0x3a contiki-srf06-cc26xx.a(ieee-mode.o)
 .text.write_str
                0x0000e02a       0x10 contiki-srf06-cc26xx.a(dbg-printf.o)
 .text.buffer_str
                0x0000e03a       0x28 contiki-srf06-cc26xx.a(dbg-snprintf.o)
 .text.snprintf
                0x0000e062       0x1a contiki-srf06-cc26xx.a(dbg-snprintf.o)
                0x0000e062                snprintf
 .text.autostart_start
                0x0000e07c       0x14 contiki-srf06-cc26xx.a(autostart.o)
                0x0000e07c                autostart_start
 .text.energest_init
                0x0000e090        0x2 contiki-srf06-cc26xx.a(energest.o)
                0x0000e090                energest_init
 .text.etimer_set
                0x0000e092       0x12 contiki-srf06-cc26xx.a(etimer.o)
                0x0000e092                etimer_set
 .text.etimer_reset
                0x0000e0a4       0x12 contiki-srf06-cc26xx.a(etimer.o)
                0x0000e0a4                etimer_reset
 .text.etimer_restart
                0x0000e0b6       0x12 contiki-srf06-cc26xx.a(etimer.o)
                0x0000e0b6                etimer_restart
 .text.etimer_expired
                0x0000e0c8        0xa contiki-srf06-cc26xx.a(etimer.o)
                0x0000e0c8                etimer_expired
 .text.etimer_expiration_time
                0x0000e0d2        0x6 contiki-srf06-cc26xx.a(etimer.o)
                0x0000e0d2                etimer_expiration_time
 .text.call_process
                0x0000e0d8        0xc contiki-srf06-cc26xx.a(process.o)
 .text.rtimer_init
                0x0000e0e4        0x4 contiki-srf06-cc26xx.a(rtimer.o)
                0x0000e0e4                rtimer_init
 .text.timer_set
                0x0000e0e8        0xe contiki-srf06-cc26xx.a(timer.o)
                0x0000e0e8                timer_set
 .text.timer_reset
                0x0000e0f6        0xa contiki-srf06-cc26xx.a(timer.o)
                0x0000e0f6                timer_reset
 .text.timer_restart
                0x0000e100        0xc contiki-srf06-cc26xx.a(timer.o)
                0x0000e100                timer_restart
 .text.timer_expired
                0x0000e10c       0x1c contiki-srf06-cc26xx.a(timer.o)
                0x0000e10c                timer_expired
 .text.list_init
                0x0000e128        0x6 contiki-srf06-cc26xx.a(list.o)
                0x0000e128                list_init
 .text.list_head
                0x0000e12e        0x4 contiki-srf06-cc26xx.a(list.o)
                0x0000e12e                list_head
 .text.list_tail
                0x0000e132       0x10 contiki-srf06-cc26xx.a(list.o)
                0x0000e132                list_tail
 .text.list_remove
                0x0000e142       0x28 contiki-srf06-cc26xx.a(list.o)
                0x0000e142                list_remove
 .text.list_add
                0x0000e16a       0x1e contiki-srf06-cc26xx.a(list.o)
                0x0000e16a                list_add
 .text.list_push
                0x0000e188       0x12 contiki-srf06-cc26xx.a(list.o)
                0x0000e188                list_push
 .text.list_length
                0x0000e19a        0xe contiki-srf06-cc26xx.a(list.o)
                0x0000e19a                list_length
 .text.list_item_next
                0x0000e1a8        0x6 contiki-srf06-cc26xx.a(list.o)
                0x0000e1a8                list_item_next
 .text.memb_init
                0x0000e1ae       0x20 contiki-srf06-cc26xx.a(memb.o)
                0x0000e1ae                memb_init
 .text.memb_alloc
                0x0000e1ce       0x28 contiki-srf06-cc26xx.a(memb.o)
                0x0000e1ce                memb_alloc
 .text.memb_free
                0x0000e1f6       0x2c contiki-srf06-cc26xx.a(memb.o)
                0x0000e1f6                memb_free
 .text.memb_inmemb
                0x0000e222       0x1c contiki-srf06-cc26xx.a(memb.o)
                0x0000e222                memb_inmemb
 .text.memb_numfree
                0x0000e23e       0x1c contiki-srf06-cc26xx.a(memb.o)
                0x0000e23e                memb_numfree
 .text.random_init
                0x0000e25a        0x4 contiki-srf06-cc26xx.a(random.o)
                0x0000e25a                random_init
 .text.random_rand
                0x0000e25e        0xa contiki-srf06-cc26xx.a(random.o)
                0x0000e25e                random_rand
 .text.ringbuf_init
                0x0000e268        0xe contiki-srf06-cc26xx.a(ringbuf.o)
                0x0000e268                ringbuf_init
 .text.ringbuf_get
                0x0000e276       0x20 contiki-srf06-cc26xx.a(ringbuf.o)
                0x0000e276                ringbuf_get
 .text.chksum   0x0000e296       0x38 contiki-srf06-cc26xx.a(uip6.o)
 .text.uip_icmp6chksum
                0x0000e2ce        0x6 contiki-srf06-cc26xx.a(uip6.o)
                0x0000e2ce                uip_icmp6chksum
 .text.uip_udpchksum
                0x0000e2d4        0x6 contiki-srf06-cc26xx.a(uip6.o)
                0x0000e2d4                uip_udpchksum
 .text.uip_htonl
                0x0000e2da       0x14 contiki-srf06-cc26xx.a(uip6.o)
                0x0000e2da                uip_htonl
 .text.uip_ds6_list_loop
                0x0000e2ee       0x48 contiki-srf06-cc26xx.a(uip-ds6.o)
                0x0000e2ee                uip_ds6_list_loop
 .text.uip_ds6_maddr_rm
                0x0000e336        0x8 contiki-srf06-cc26xx.a(uip-ds6.o)
                0x0000e336                uip_ds6_maddr_rm
 .text.uip_ds6_set_addr_iid
                0x0000e33e       0x12 contiki-srf06-cc26xx.a(uip-ds6.o)
                0x0000e33e                uip_ds6_set_addr_iid
 .text.get_match_length
                0x0000e350       0x3a contiki-srf06-cc26xx.a(uip-ds6.o)
                0x0000e350                get_match_length
 .text.uip_ds6_nbr_ipaddr_from_lladdr
                0x0000e38a        0x4 contiki-srf06-cc26xx.a(uip-ds6-nbr.o)
                0x0000e38a                uip_ds6_nbr_ipaddr_from_lladdr
 .text.uip_ds6_nbr_lladdr_from_ipaddr
                0x0000e38e       0x12 contiki-srf06-cc26xx.a(uip-ds6-nbr.o)
                0x0000e38e                uip_ds6_nbr_lladdr_from_ipaddr
 .text.uip_ds6_route_next
                0x0000e3a0        0x8 contiki-srf06-cc26xx.a(uip-ds6-route.o)
                0x0000e3a0                uip_ds6_route_next
 .text.rm_routelist_callback
                0x0000e3a8        0x4 contiki-srf06-cc26xx.a(uip-ds6-route.o)
 .text.uip_nd6_init
                0x0000e3ac        0x2 contiki-srf06-cc26xx.a(uip-nd6.o)
                0x0000e3ac                uip_nd6_init
 .text.rpl_remove_routes
                0x0000e3ae       0x1e contiki-srf06-cc26xx.a(rpl.o)
                0x0000e3ae                rpl_remove_routes
 .text.rpl_remove_routes_by_nexthop
                0x0000e3cc       0x36 contiki-srf06-cc26xx.a(rpl.o)
                0x0000e3cc                rpl_remove_routes_by_nexthop
 .text.rpl_add_route
                0x0000e402       0x28 contiki-srf06-cc26xx.a(rpl.o)
                0x0000e402                rpl_add_route
 .text.lollipop_greater_than
                0x0000e42a       0x34 contiki-srf06-cc26xx.a(rpl-dag.o)
 .text.check_prefix
                0x0000e45e       0x58 contiki-srf06-cc26xx.a(rpl-dag.o)
 .text.rpl_set_prefix
                0x0000e4b6       0x6c contiki-srf06-cc26xx.a(rpl-dag.o)
                0x0000e4b6                rpl_set_prefix
 .text.rpl_set_default_route
                0x0000e522       0x38 contiki-srf06-cc26xx.a(rpl-dag.o)
                0x0000e522                rpl_set_default_route
 .text.rpl_find_parent
                0x0000e55a       0x16 contiki-srf06-cc26xx.a(rpl-dag.o)
                0x0000e55a                rpl_find_parent
 .text.rpl_find_parent_any_dag
                0x0000e570       0x1e contiki-srf06-cc26xx.a(rpl-dag.o)
                0x0000e570                rpl_find_parent_any_dag
 .text.rpl_select_dag
                0x0000e58e      0x152 contiki-srf06-cc26xx.a(rpl-dag.o)
                0x0000e58e                rpl_select_dag
 .text.rpl_nullify_parent
                0x0000e6e0       0x48 contiki-srf06-cc26xx.a(rpl-dag.o)
                0x0000e6e0                rpl_nullify_parent
 .text.nbr_callback
                0x0000e728        0x4 contiki-srf06-cc26xx.a(rpl-dag.o)
 .text.rpl_free_dag
                0x0000e72c       0x2e contiki-srf06-cc26xx.a(rpl-dag.o)
                0x0000e72c                rpl_free_dag
 .text.rpl_move_parent
                0x0000e75a       0x48 contiki-srf06-cc26xx.a(rpl-dag.o)
                0x0000e75a                rpl_move_parent
 .text.rpl_repair_root
                0x0000e7a2       0x48 contiki-srf06-cc26xx.a(rpl-dag.o)
                0x0000e7a2                rpl_repair_root
 .text.rpl_alloc_dag
                0x0000e7ea       0x48 contiki-srf06-cc26xx.a(rpl-dag.o)
                0x0000e7ea                rpl_alloc_dag
 .text.rpl_process_parent_event
                0x0000e832       0x60 contiki-srf06-cc26xx.a(rpl-dag.o)
                0x0000e832                rpl_process_parent_event
 .text.rpl_add_dag
                0x0000e892      0x10c contiki-srf06-cc26xx.a(rpl-dag.o)
                0x0000e892                rpl_add_dag
 .text.rpl_process_dio
                0x0000e99e      0x2bc contiki-srf06-cc26xx.a(rpl-dag.o)
                0x0000e99e                rpl_process_dio
 .text.get32    0x0000ec5a       0x18 contiki-srf06-cc26xx.a(rpl-icmp6.o)
 .text.set32    0x0000ec72       0x12 contiki-srf06-cc26xx.a(rpl-icmp6.o)
 .text.get16    0x0000ec84        0xc contiki-srf06-cc26xx.a(rpl-icmp6.o)
 .text.set16    0x0000ec90        0xa contiki-srf06-cc26xx.a(rpl-icmp6.o)
 .text.reset    0x0000ec9a        0x2 contiki-srf06-cc26xx.a(rpl-mrhof.o)
 .text.update_metric_container
                0x0000ec9c        0x6 contiki-srf06-cc26xx.a(rpl-mrhof.o)
 .text.calculate_rank
                0x0000eca2       0x34 contiki-srf06-cc26xx.a(rpl-mrhof.o)
 .text.neighbor_link_callback
                0x0000ecd6       0x46 contiki-srf06-cc26xx.a(rpl-mrhof.o)
 .text.best_dag
                0x0000ed1c       0x2c contiki-srf06-cc26xx.a(rpl-mrhof.o)
 .text.best_parent
                0x0000ed48       0x5a contiki-srf06-cc26xx.a(rpl-mrhof.o)
 .text.handle_unicast_dio_timer
                0x0000eda2       0x1c contiki-srf06-cc26xx.a(rpl-timers.o)
 .text.rpl_reset_dio_timer
                0x0000edbe       0x1c contiki-srf06-cc26xx.a(rpl-timers.o)
                0x0000edbe                rpl_reset_dio_timer
 .text.rpl_schedule_dao
                0x0000edda        0x8 contiki-srf06-cc26xx.a(rpl-timers.o)
                0x0000edda                rpl_schedule_dao
 .text.NOROM_CPUcpsid
                0x0000ede2        0x8 contiki-srf06-cc26xx.a(cpu.o)
                0x0000ede2                NOROM_CPUcpsid
 .text.NOROM_CPUcpsie
                0x0000edea        0x8 contiki-srf06-cc26xx.a(cpu.o)
                0x0000edea                NOROM_CPUcpsie
 .text.NOROM_CPUdelay
                0x0000edf2        0x8 contiki-srf06-cc26xx.a(cpu.o)
                0x0000edf2                NOROM_CPUdelay
 .text.linkaddr_copy
                0x0000edfa        0xa contiki-srf06-cc26xx.a(linkaddr.o)
                0x0000edfa                linkaddr_copy
 .text.linkaddr_cmp
                0x0000ee04       0x10 contiki-srf06-cc26xx.a(linkaddr.o)
                0x0000ee04                linkaddr_cmp
 .text.nbr_set_bit
                0x0000ee14       0x38 contiki-srf06-cc26xx.a(nbr-table.o)
 .text.item_from_key
                0x0000ee4c       0x22 contiki-srf06-cc26xx.a(nbr-table.o)
 .text.nbr_table_next
                0x0000ee6e       0x2e contiki-srf06-cc26xx.a(nbr-table.o)
                0x0000ee6e                nbr_table_next
 .text.nbr_table_get_from_lladdr
                0x0000ee9c       0x32 contiki-srf06-cc26xx.a(nbr-table.o)
                0x0000ee9c                nbr_table_get_from_lladdr
 .text.nbr_table_get_lladdr
                0x0000eece        0xc contiki-srf06-cc26xx.a(nbr-table.o)
                0x0000eece                nbr_table_get_lladdr
 .text.parse    0x0000eeda       0x94 contiki-srf06-cc26xx.a(framer-802154.o)
 .text.create   0x0000ef6e        0x6 contiki-srf06-cc26xx.a(framer-802154.o)
 .text.hdr_length
                0x0000ef74        0x6 contiki-srf06-cc26xx.a(framer-802154.o)
 .text.channel_check_interval
                0x0000ef7a        0x4 contiki-srf06-cc26xx.a(nullmac.o)
 .text.init     0x0000ef7e        0x2 contiki-srf06-cc26xx.a(nullmac.o)
 .text.channel_check_interval
                0x0000ef80        0x4 contiki-srf06-cc26xx.a(nullrdc.o)
 .text.init     0x0000ef84        0x4 contiki-srf06-cc26xx.a(nullrdc.o)
 .text.send_list
                0x0000ef88       0x20 contiki-srf06-cc26xx.a(nullrdc.o)
 .text.send_packet
                0x0000efa8        0x4 contiki-srf06-cc26xx.a(nullrdc.o)
 .text.init     0x0000efac        0x2 contiki-srf06-cc26xx.a(nullsec.o)
 .text.sensor_common_read_reg
                0x0000efae       0x1a contiki-srf06-cc26xx.a(sensor-common.o)
                0x0000efae                sensor_common_read_reg
 .text.sensor_common_set_error_data
                0x0000efc8        0xe contiki-srf06-cc26xx.a(sensor-common.o)
                0x0000efc8                sensor_common_set_error_data
 .text.ext_flash_init
                0x0000efd6        0xe contiki-srf06-cc26xx.a(ext-flash.o)
                0x0000efd6                ext_flash_init
 .text.IntMasterEnable
                0x0000efe4        0xe contiki-srf06-cc26xx.a(rf-core.o)
 .text.rf_core_init_radio_op
                0x0000eff2       0x1e contiki-srf06-cc26xx.a(rf-core.o)
                0x0000eff2                rf_core_init_radio_op
 .text.rf_core_boot
                0x0000f010       0x1c contiki-srf06-cc26xx.a(rf-core.o)
                0x0000f010                rf_core_boot
 .text.stimer_set
                0x0000f02c        0xe contiki-srf06-cc26xx.a(stimer.o)
                0x0000f02c                stimer_set
 .text.ThisCodeIsBuiltForCC26xxHwRev22AndLater_HaltIfViolated
                0x0000f03a       0x14 contiki-srf06-cc26xx.a(chipinfo.o)
                0x0000f03a                ThisCodeIsBuiltForCC26xxHwRev22AndLater_HaltIfViolated
 .text.frame802154_has_panid
                0x0000f04e       0x4c contiki-srf06-cc26xx.a(frame802154.o)
                0x0000f04e                frame802154_has_panid
 .text.field_len
                0x0000f09a       0x84 contiki-srf06-cc26xx.a(frame802154.o)
 .text.frame802154_is_broadcast_addr
                0x0000f11e       0x1e contiki-srf06-cc26xx.a(frame802154.o)
                0x0000f11e                frame802154_is_broadcast_addr
 .text.frame802154_hdrlen
                0x0000f13c       0x32 contiki-srf06-cc26xx.a(frame802154.o)
                0x0000f13c                frame802154_hdrlen
 .text.frame802154_create
                0x0000f16e       0xe6 contiki-srf06-cc26xx.a(frame802154.o)
                0x0000f16e                frame802154_create
 .text.mac_call_sent_callback
                0x0000f254       0x16 contiki-srf06-cc26xx.a(mac.o)
                0x0000f254                mac_call_sent_callback
 *(SORT(.rodata*))
 *fill*         0x0000f26a        0x6 00000000
 .rodata.dp_h   0x0000f270       0x10 /usr/bin/../lib/gcc/arm-none-eabi/4.9.3/../../../../arm-none-eabi/lib/armv7-m/libm.a(lib_a-e_pow.o)
 .rodata.dp_l   0x0000f280       0x10 /usr/bin/../lib/gcc/arm-none-eabi/4.9.3/../../../../arm-none-eabi/lib/armv7-m/libm.a(lib_a-e_pow.o)
 .rodata.bp     0x0000f290       0x10 /usr/bin/../lib/gcc/arm-none-eabi/4.9.3/../../../../arm-none-eabi/lib/armv7-m/libm.a(lib_a-e_pow.o)
 .rodata.TWO52  0x0000f2a0       0x10 /usr/bin/../lib/gcc/arm-none-eabi/4.9.3/../../../../arm-none-eabi/lib/armv7-m/libm.a(lib_a-s_rint.o)
 .rodata.autostart_processes
                0x0000f2b0        0xc er-example-server.co
                0x0000f2b0                autostart_processes
 .rodata.coap_rest_implementation