Archive member included because of file (symbol)

contiki-srf06-cc26xx.a(er-coap.o)
                              er-example-client.co (coap_init_message)
contiki-srf06-cc26xx.a(er-coap-engine.)
                              er-example-client.co (coap_init_engine)
contiki-srf06-cc26xx.a(er-coap-transac)
                              contiki-srf06-cc26xx.a(er-coap-engine.) (coap_register_as_transaction_handler)
contiki-srf06-cc26xx.a(er-coap-observe)
                              contiki-srf06-cc26xx.a(er-coap-transac) (coap_remove_observer_by_client)
contiki-srf06-cc26xx.a(er-coap-separat)
                              obj_srf06-cc26xx/res-separate.o (coap_separate_reject)
contiki-srf06-cc26xx.a(er-coap-res-wel)
                              contiki-srf06-cc26xx.a(er-coap-engine.) (res_well_known_core)
contiki-srf06-cc26xx.a(er-coap-block1.)
                              obj_srf06-cc26xx/res-b1-sep-b2.o (coap_block1_handler)
contiki-srf06-cc26xx.a(er-coap-observe)
                              contiki-srf06-cc26xx.a(er-coap-engine.) (coap_handle_notification)
contiki-srf06-cc26xx.a(rest-engine.o)
                              contiki-srf06-cc26xx.a(er-coap-engine.) (rest_activate_resource)
contiki-srf06-cc26xx.a(contiki-main.o)
                              obj_srf06-cc26xx/startup_gcc.o (main)
contiki-srf06-cc26xx.a(sensors.o)
                              er-example-client.co (sensors_event)
contiki-srf06-cc26xx.a(leds.o)
                              contiki-srf06-cc26xx.a(contiki-main.o) (leds_init)
contiki-srf06-cc26xx.a(leds-arch.o)
                              contiki-srf06-cc26xx.a(leds.o) (leds_arch_init)
contiki-srf06-cc26xx.a(sensortag-senso)
                              contiki-srf06-cc26xx.a(sensors.o) (sensors_flags)
contiki-srf06-cc26xx.a(bmp-280-sensor.)
                              contiki-srf06-cc26xx.a(sensortag-senso) (bmp_280_sensor)
contiki-srf06-cc26xx.a(tmp-007-sensor.)
                              contiki-srf06-cc26xx.a(sensortag-senso) (tmp_007_sensor)
contiki-srf06-cc26xx.a(opt-3001-sensor)
                              contiki-srf06-cc26xx.a(sensortag-senso) (opt_3001_sensor)
contiki-srf06-cc26xx.a(hdc-1000-sensor)
                              contiki-srf06-cc26xx.a(sensortag-senso) (hdc_1000_sensor)
contiki-srf06-cc26xx.a(mpu-9250-sensor)
                              contiki-srf06-cc26xx.a(sensortag-senso) (mpu_9250_sensor)
contiki-srf06-cc26xx.a(button-sensor.o)
                              contiki-srf06-cc26xx.a(sensortag-senso) (button_right_sensor)
contiki-srf06-cc26xx.a(reed-relay.o)
                              contiki-srf06-cc26xx.a(sensortag-senso) (reed_relay_sensor)
contiki-srf06-cc26xx.a(board.o)
                              contiki-srf06-cc26xx.a(contiki-main.o) (board_init)
contiki-srf06-cc26xx.a(board-i2c.o)
                              contiki-srf06-cc26xx.a(board.o) (board_i2c_wakeup)
contiki-srf06-cc26xx.a(clock.o)
                              contiki-srf06-cc26xx.a(contiki-main.o) (clock_init)
contiki-srf06-cc26xx.a(rtimer-arch.o)
                              contiki-srf06-cc26xx.a(mpu-9250-sensor) (rtimer_arch_now)
contiki-srf06-cc26xx.a(soc-rtc.o)
                              contiki-srf06-cc26xx.a(contiki-main.o) (soc_rtc_init)
contiki-srf06-cc26xx.a(contiki-watchdo)
                              contiki-srf06-cc26xx.a(contiki-main.o) (watchdog_init)
contiki-srf06-cc26xx.a(putchar.o)
                              obj_srf06-cc26xx/res-b1-sep-b2.o (putchar)
contiki-srf06-cc26xx.a(ieee-addr.o)
                              contiki-srf06-cc26xx.a(contiki-main.o) (ieee_addr_cpy_to)
contiki-srf06-cc26xx.a(cc26xx-uart.o)
                              contiki-srf06-cc26xx.a(contiki-main.o) (cc26xx_uart_init)
contiki-srf06-cc26xx.a(lpm.o)
                              contiki-srf06-cc26xx.a(button-sensor.o) (lpm_shutdown)
contiki-srf06-cc26xx.a(gpio-interrupt.)
                              contiki-srf06-cc26xx.a(button-sensor.o) (gpio_interrupt_register_handler)
contiki-srf06-cc26xx.a(oscillators.o)
                              contiki-srf06-cc26xx.a(contiki-main.o) (oscillators_select_lf_xosc)
contiki-srf06-cc26xx.a(ieee-mode.o)
                              contiki-srf06-cc26xx.a(contiki-main.o) (ieee_mode_driver)
contiki-srf06-cc26xx.a(dbg-printf.o)
                              er-example-client.co (printf)
contiki-srf06-cc26xx.a(dbg-snprintf.o)
                              obj_srf06-cc26xx/res-mirror.o (snprintf)
contiki-srf06-cc26xx.a(strformat.o)
                              contiki-srf06-cc26xx.a(dbg-printf.o) (format_str_v)
contiki-srf06-cc26xx.a(autostart.o)
                              contiki-srf06-cc26xx.a(contiki-main.o) (autostart_start)
contiki-srf06-cc26xx.a(ctimer.o)
                              contiki-srf06-cc26xx.a(contiki-main.o) (ctimer_init)
contiki-srf06-cc26xx.a(energest.o)
                              contiki-srf06-cc26xx.a(contiki-main.o) (energest_init)
contiki-srf06-cc26xx.a(etimer.o)
[...]
Memory Configuration

Name             Origin             Length             Attributes
FLASH            0x00000000         0x0001ffa8         xr
FLASH_CCFG       0x0001ffa8         0x00000058         xr
SRAM             0x20000000         0x00005000         xrw
GPRAM            0x11000000         0x00002000         xrw
*default*        0x00000000         0xffffffff

Linker script and memory map

LOAD obj_srf06-cc26xx/fault-handlers.o
LOAD obj_srf06-cc26xx/ccfg.o
LOAD obj_srf06-cc26xx/startup_gcc.o
LOAD er-example-client.co
LOAD obj_srf06-cc26xx/res-light.o
LOAD obj_srf06-cc26xx/res-hello.o
LOAD obj_srf06-cc26xx/res-mirror.o
LOAD obj_srf06-cc26xx/res-sht11.o
LOAD obj_srf06-cc26xx/res-battery.o
LOAD obj_srf06-cc26xx/res-event.o
LOAD obj_srf06-cc26xx/res-led-red.o
LOAD obj_srf06-cc26xx/res-temperature.o
LOAD obj_srf06-cc26xx/res-b1-sep-b2.o
LOAD obj_srf06-cc26xx/res-radio.o
LOAD obj_srf06-cc26xx/res-led-green.o
LOAD obj_srf06-cc26xx/res-sub.o
LOAD obj_srf06-cc26xx/res-toggle.o
LOAD obj_srf06-cc26xx/res-separate.o
LOAD obj_srf06-cc26xx/res-motion.o
LOAD obj_srf06-cc26xx/res-push.o
LOAD obj_srf06-cc26xx/res-chunks.o
LOAD contiki-srf06-cc26xx.a
LOAD /usr/bin/../lib/gcc/arm-none-eabi/4.9.3/../../../../arm-none-eabi/lib/armv7-m/libm.a
START GROUP
LOAD /usr/bin/../lib/gcc/arm-none-eabi/4.9.3/armv7-m/libgcc.a
LOAD /usr/bin/../lib/gcc/arm-none-eabi/4.9.3/../../../../arm-none-eabi/lib/armv7-m/libc.a
END GROUP
                0x20005000                _estack = (ORIGIN (SRAM) + 0x5000)
                0x00000000                _Min_Heap_Size = 0x0
                0x00000100                _Min_Stack_Size = 0x100

.text           0x00000000     0xec7b
                0x00000000                _text = .
 *(SORT(.vectors))
 .vectors       0x00000000       0xc8 obj_srf06-cc26xx/startup_gcc.o
                0x00000000                gVectors
 *(SORT(.text*))
 .text.value    0x000000c8       0xa0 contiki-srf06-cc26xx.a(opt-3001-sensor)
 .text.value    0x00000168       0x94 contiki-srf06-cc26xx.a(hdc-1000-sensor)
 *fill*         0x000001fc        0x4 00000000
 .text.value    0x00000200      0x15c contiki-srf06-cc26xx.a(mpu-9250-sensor)
 *fill*         0x0000035c        0x4 00000000
 .text.__ieee754_pow
                0x00000360      0xaa0 /usr/bin/../lib/gcc/arm-none-eabi/4.9.3/../../../../arm-none-eabi/lib/armv7-m/libm.a(lib_a-e_pow.o)
                0x00000360                __ieee754_pow
 .text.scalbn   0x00000e00       0xec /usr/bin/../lib/gcc/arm-none-eabi/4.9.3/../../../../arm-none-eabi/lib/armv7-m/libm.a(lib_a-s_scalbn.o)
                0x00000e00                scalbn
 .text.FaultISR
                0x00000eec       0x18 obj_srf06-cc26xx/fault-handlers.o
                0x00000eec                FaultISR
 .text.ResetISR
                0x00000f04       0x4c obj_srf06-cc26xx/startup_gcc.o
                0x00000f04                ResetISR
 .text.process_thread_er_example_client
                0x00000f50      0x1b8 er-example-client.co
 .text.client_chunk_handler
                0x00001108       0x1c er-example-client.co
                0x00001108                client_chunk_handler
 .text.coap_init_connection
                0x00001124       0x28 contiki-srf06-cc26xx.a(er-coap.o)
                0x00001124                coap_init_connection
 .text.coap_get_mid
                0x0000114c       0x10 contiki-srf06-cc26xx.a(er-coap.o)
                0x0000114c                coap_get_mid
 .text.coap_serialize_message
                0x0000115c      0x2e4 contiki-srf06-cc26xx.a(er-coap.o)
                0x0000115c                coap_serialize_message
 .text.coap_send_message
                0x00001440       0x4c contiki-srf06-cc26xx.a(er-coap.o)
                0x00001440                coap_send_message
 .text.coap_parse_message
                0x0000148c      0x2e4 contiki-srf06-cc26xx.a(er-coap.o)
                0x0000148c                coap_parse_message
 .text.process_thread_coap_engine
                0x00001770      0x38c contiki-srf06-cc26xx.a(er-coap-engine.)
 .text.coap_init_engine
                0x00001afc        0xc contiki-srf06-cc26xx.a(er-coap-engine.)
                0x00001afc                coap_init_engine
 .text.coap_blocking_request
                0x00001b08       0xec contiki-srf06-cc26xx.a(er-coap-engine.)
                0x00001b08                coap_blocking_request
 .text.coap_register_as_transaction_handler
                0x00001bf4       0x14 contiki-srf06-cc26xx.a(er-coap-transac)
                0x00001bf4                coap_register_as_transaction_handler
 .text.coap_new_transaction
                0x00001c08       0x44 contiki-srf06-cc26xx.a(er-coap-transac)
                0x00001c08                coap_new_transaction
 .text.coap_clear_transaction
                0x00001c4c       0x2c contiki-srf06-cc26xx.a(er-coap-transac)
                0x00001c4c                coap_clear_transaction
 .text.coap_send_transaction
                0x00001c78       0x98 contiki-srf06-cc26xx.a(er-coap-transac)
                0x00001c78                coap_send_transaction
 .text.coap_get_transaction_by_mid
                0x00001d10       0x1c contiki-srf06-cc26xx.a(er-coap-transac)
                0x00001d10                coap_get_transaction_by_mid
 .text.coap_check_transactions
                0x00001d2c       0x2c contiki-srf06-cc26xx.a(er-coap-transac)
                0x00001d2c                coap_check_transactions
 .text.coap_remove_observer
                0x00001d58       0x20 contiki-srf06-cc26xx.a(er-coap-observe)
                0x00001d58                coap_remove_observer
 .text.coap_remove_observer_by_client
                0x00001d78       0x3c contiki-srf06-cc26xx.a(er-coap-observe)
                0x00001d78                coap_remove_observer_by_client
 .text.coap_remove_observer_by_mid
                0x00001db4       0x48 contiki-srf06-cc26xx.a(er-coap-observe)
                0x00001db4                coap_remove_observer_by_mid
 .text.well_known_core_get_handler
                0x00001dfc      0x168 contiki-srf06-cc26xx.a(er-coap-res-wel)
                0x00001dfc                well_known_core_get_handler
 .text.classify_notification
                0x00001f64       0x54 contiki-srf06-cc26xx.a(er-coap-observe)
 .text.simple_reply.isra.1
                0x00001fb8       0x38 contiki-srf06-cc26xx.a(er-coap-observe)
 .text.coap_get_obs_subject_by_token
                0x00001ff0       0x40 contiki-srf06-cc26xx.a(er-coap-observe)
                0x00001ff0                coap_get_obs_subject_by_token
 .text.coap_handle_notification
                0x00002030       0xa8 contiki-srf06-cc26xx.a(er-coap-observe)
                0x00002030                coap_handle_notification
 .text.rest_activate_resource
                0x000020d8       0x34 contiki-srf06-cc26xx.a(rest-engine.o)
                0x000020d8                rest_activate_resource
 .text.rest_get_resources
                0x0000210c        0x8 contiki-srf06-cc26xx.a(rest-engine.o)
                0x0000210c                rest_get_resources
 .text.startup.main
                0x00002114      0x1e0 contiki-srf06-cc26xx.a(contiki-main.o)
                0x00002114                main
 .text.process_thread_sensors_process
                0x000022f4       0xd4 contiki-srf06-cc26xx.a(sensors.o)
 .text.sensors_changed
                0x000023c8       0x38 contiki-srf06-cc26xx.a(sensors.o)
                0x000023c8                sensors_changed
 .text.leds_init
                0x00002400       0x14 contiki-srf06-cc26xx.a(leds.o)
                0x00002400                leds_init
 .text.leds_on  0x00002414       0x10 contiki-srf06-cc26xx.a(leds.o)
                0x00002414                leds_on
 .text.leds_off
                0x00002424       0x14 contiki-srf06-cc26xx.a(leds.o)
                0x00002424                leds_off
 .text.leds_arch_init
                0x00002438       0x34 contiki-srf06-cc26xx.a(leds-arch.o)
                0x00002438                leds_arch_init
 .text.leds_arch_set
                0x0000246c       0x34 contiki-srf06-cc26xx.a(leds-arch.o)
                0x0000246c                leds_arch_set
 .text.status   0x000024a0       0x14 contiki-srf06-cc26xx.a(bmp-280-sensor.)
 .text.notify_ready
                0x000024b4       0x14 contiki-srf06-cc26xx.a(bmp-280-sensor.)
 .text.value    0x000024c8      0x15c contiki-srf06-cc26xx.a(bmp-280-sensor.)
 .text.configure
                0x00002624       0xac contiki-srf06-cc26xx.a(bmp-280-sensor.)
 .text.status   0x000026d0       0x14 contiki-srf06-cc26xx.a(tmp-007-sensor.)
 .text.notify_ready
                0x000026e4       0x14 contiki-srf06-cc26xx.a(tmp-007-sensor.)
 .text.enable_sensor
                0x000026f8       0x34 contiki-srf06-cc26xx.a(tmp-007-sensor.)
 .text.configure
                0x0000272c       0x78 contiki-srf06-cc26xx.a(tmp-007-sensor.)
 .text.value    0x000027a4       0xd8 contiki-srf06-cc26xx.a(tmp-007-sensor.)
 .text.status   0x0000287c        0xc contiki-srf06-cc26xx.a(opt-3001-sensor)
 .text.enable_sensor
                0x00002888       0x44 contiki-srf06-cc26xx.a(opt-3001-sensor)
 .text.configure
                0x000028cc       0x44 contiki-srf06-cc26xx.a(opt-3001-sensor)
 .text.notify_ready
                0x00002910       0x50 contiki-srf06-cc26xx.a(opt-3001-sensor)
 .text.status   0x00002960       0x14 contiki-srf06-cc26xx.a(hdc-1000-sensor)
 .text.notify_ready
                0x00002974       0x60 contiki-srf06-cc26xx.a(hdc-1000-sensor)
 .text.configure
                0x000029d4       0xa4 contiki-srf06-cc26xx.a(hdc-1000-sensor)
 .text.acc_convert
                0x00002a78       0x58 contiki-srf06-cc26xx.a(mpu-9250-sensor)
 .text.status   0x00002ad0       0x14 contiki-srf06-cc26xx.a(mpu-9250-sensor)
 .text.notify_ready
                0x00002ae4       0x14 contiki-srf06-cc26xx.a(mpu-9250-sensor)
 .text.sensor_sleep
                0x00002af8       0x38 contiki-srf06-cc26xx.a(mpu-9250-sensor)
 .text.int_status
                0x00002b30       0x28 contiki-srf06-cc26xx.a(mpu-9250-sensor)
 .text.configure
                0x00002b58       0xd4 contiki-srf06-cc26xx.a(mpu-9250-sensor)
 .text.initialise
                0x00002c2c       0xf0 contiki-srf06-cc26xx.a(mpu-9250-sensor)
 .text.convert_to_le.constprop.4
                0x00002d1c       0x20 contiki-srf06-cc26xx.a(mpu-9250-sensor)
 .text.status.part.0
                0x00002d3c       0x14 contiki-srf06-cc26xx.a(button-sensor.o)
 .text.value_left
                0x00002d50       0x24 contiki-srf06-cc26xx.a(button-sensor.o)
 .text.value_right
                0x00002d74       0x18 contiki-srf06-cc26xx.a(button-sensor.o)
 .text.button_press_handler
                0x00002d8c       0x60 contiki-srf06-cc26xx.a(button-sensor.o)
 .text.config_buttons
                0x00002dec       0x84 contiki-srf06-cc26xx.a(button-sensor.o)
 .text.value    0x00002e70       0x10 contiki-srf06-cc26xx.a(reed-relay.o)
 .text.status   0x00002e80       0x20 contiki-srf06-cc26xx.a(reed-relay.o)
 .text.configure
                0x00002ea0       0x68 contiki-srf06-cc26xx.a(reed-relay.o)
 .text.reed_interrupt_handler
                0x00002f08       0x28 contiki-srf06-cc26xx.a(reed-relay.o)
 .text.power_domains_on
                0x00002f30       0x20 contiki-srf06-cc26xx.a(board.o)
 .text.shutdown_handler
                0x00002f50       0x64 contiki-srf06-cc26xx.a(board.o)
 .text.board_init
                0x00002fb4      0x118 contiki-srf06-cc26xx.a(board.o)
                0x00002fb4                board_init
 .text.I2CMasterBusy.isra.2
                0x000030cc       0x10 contiki-srf06-cc26xx.a(board-i2c.o)
 .text.I2CMasterBusBusy.isra.3
                0x000030dc       0x10 contiki-srf06-cc26xx.a(board-i2c.o)
 .text.accessible
                0x000030ec       0x24 contiki-srf06-cc26xx.a(board-i2c.o)
 .text.I2CMasterControl.isra.7
                0x00003110       0x10 contiki-srf06-cc26xx.a(board-i2c.o)
 .text.i2c_status
                0x00003120       0x2c contiki-srf06-cc26xx.a(board-i2c.o)
 .text.board_i2c_wakeup
                0x0000314c       0x5c contiki-srf06-cc26xx.a(board-i2c.o)
                0x0000314c                board_i2c_wakeup
 .text.board_i2c_shutdown
                0x000031a8       0xa4 contiki-srf06-cc26xx.a(board-i2c.o)
                0x000031a8                board_i2c_shutdown
 .text.board_i2c_write
                0x0000324c       0x94 contiki-srf06-cc26xx.a(board-i2c.o)
                0x0000324c                board_i2c_write
 .text.board_i2c_write_single
                0x000032e0       0x3c contiki-srf06-cc26xx.a(board-i2c.o)
                0x000032e0                board_i2c_write_single
 .text.board_i2c_read
                0x0000331c       0x94 contiki-srf06-cc26xx.a(board-i2c.o)
                0x0000331c                board_i2c_read
 .text.board_i2c_write_read
                0x000033b0       0xf4 contiki-srf06-cc26xx.a(board-i2c.o)
                0x000033b0                board_i2c_write_read
 .text.board_i2c_select
                0x000034a4       0xd0 contiki-srf06-cc26xx.a(board-i2c.o)
                0x000034a4                board_i2c_select
 .text.power_domain_on
                0x00003574       0x20 contiki-srf06-cc26xx.a(clock.o)
 .text.update_clock_variable
                0x00003594       0x2c contiki-srf06-cc26xx.a(clock.o)
 .text.clock_init
                0x000035c0       0x88 contiki-srf06-cc26xx.a(clock.o)
                0x000035c0                clock_init
 .text.clock_time
                0x00003648       0x14 contiki-srf06-cc26xx.a(clock.o)
                0x00003648                clock_time
 .text.clock_seconds
                0x0000365c       0x18 contiki-srf06-cc26xx.a(clock.o)
                0x0000365c                clock_seconds
 .text.soc_rtc_init
                0x00003674       0x90 contiki-srf06-cc26xx.a(soc-rtc.o)
                0x00003674                soc_rtc_init
 .text.soc_rtc_get_next_trigger
                0x00003704       0x24 contiki-srf06-cc26xx.a(soc-rtc.o)
                0x00003704                soc_rtc_get_next_trigger
 .text.soc_rtc_schedule_one_shot
                0x00003728       0x44 contiki-srf06-cc26xx.a(soc-rtc.o)
                0x00003728                soc_rtc_schedule_one_shot
 .text.soc_rtc_last_isr_time
                0x0000376c        0xc contiki-srf06-cc26xx.a(soc-rtc.o)
                0x0000376c                soc_rtc_last_isr_time
 .text.AONRTCIntHandler
                0x00003778       0x64 contiki-srf06-cc26xx.a(soc-rtc.o)
                0x00003778                AONRTCIntHandler
 .text.lock_config
                0x000037dc       0x18 contiki-srf06-cc26xx.a(contiki-watchdo)
 .text.unlock_config
                0x000037f4       0x2c contiki-srf06-cc26xx.a(contiki-watchdo)
 .text.watchdog_init
                0x00003820       0x18 contiki-srf06-cc26xx.a(contiki-watchdo)
                0x00003820                watchdog_init
 .text.watchdog_periodic
                0x00003838       0x14 contiki-srf06-cc26xx.a(contiki-watchdo)
                0x00003838                watchdog_periodic
 .text.watchdog_start
                0x0000384c       0x20 contiki-srf06-cc26xx.a(contiki-watchdo)
                0x0000384c                watchdog_start
 .text.ieee_addr_cpy_to
                0x0000386c       0x3c contiki-srf06-cc26xx.a(ieee-addr.o)
                0x0000386c                ieee_addr_cpy_to
 .text.power_and_clock
                0x000038a8       0x40 contiki-srf06-cc26xx.a(cc26xx-uart.o)
 .text.accessible
                0x000038e8       0x24 contiki-srf06-cc26xx.a(cc26xx-uart.o)
 .text.disable_interrupts
                0x0000390c       0x30 contiki-srf06-cc26xx.a(cc26xx-uart.o)
 .text.enable   0x0000393c       0xcc contiki-srf06-cc26xx.a(cc26xx-uart.o)
 .text.lpm_drop_handler
                0x00003a08       0xa4 contiki-srf06-cc26xx.a(cc26xx-uart.o)
 .text.cc26xx_uart_init
                0x00003aac       0x28 contiki-srf06-cc26xx.a(cc26xx-uart.o)
                0x00003aac                cc26xx_uart_init
 .text.cc26xx_uart_write_byte
                0x00003ad4       0x28 contiki-srf06-cc26xx.a(cc26xx-uart.o)
                0x00003ad4                cc26xx_uart_write_byte
 .text.cc26xx_uart_busy
                0x00003afc       0x18 contiki-srf06-cc26xx.a(cc26xx-uart.o)
                0x00003afc                cc26xx_uart_busy
 .text.UART0IntHandler
                0x00003b14       0x50 contiki-srf06-cc26xx.a(cc26xx-uart.o)
                0x00003b14                UART0IntHandler
 .text.lpm_shutdown
                0x00003b64      0x184 contiki-srf06-cc26xx.a(lpm.o)
                0x00003b64                lpm_shutdown
 .text.lpm_sleep
                0x00003ce8       0x14 contiki-srf06-cc26xx.a(lpm.o)
                0x00003ce8                lpm_sleep
 .text.lpm_drop
                0x00003cfc      0x1ac contiki-srf06-cc26xx.a(lpm.o)
                0x00003cfc                lpm_drop
 .text.lpm_register_module
                0x00003ea8        0xc contiki-srf06-cc26xx.a(lpm.o)
                0x00003ea8                lpm_register_module
 .text.lpm_unregister_module
                0x00003eb4        0xc contiki-srf06-cc26xx.a(lpm.o)
                0x00003eb4                lpm_unregister_module
 .text.lpm_init
                0x00003ec0       0x20 contiki-srf06-cc26xx.a(lpm.o)
                0x00003ec0                lpm_init
 .text.lpm_pin_set_default_state
                0x00003ee0       0x30 contiki-srf06-cc26xx.a(lpm.o)
                0x00003ee0                lpm_pin_set_default_state
 .text.gpio_interrupt_register_handler
                0x00003f10       0x2c contiki-srf06-cc26xx.a(gpio-interrupt.)
                0x00003f10                gpio_interrupt_register_handler
 .text.gpio_interrupt_init
                0x00003f3c       0x24 contiki-srf06-cc26xx.a(gpio-interrupt.)
                0x00003f3c                gpio_interrupt_init
 .text.GPIOIntHandler
                0x00003f60       0x30 contiki-srf06-cc26xx.a(gpio-interrupt.)
                0x00003f60                GPIOIntHandler
 .text.osc_interface_dis
                0x00003f90       0x28 contiki-srf06-cc26xx.a(oscillators.o)
 .text.osc_interface_en
                0x00003fb8       0x30 contiki-srf06-cc26xx.a(oscillators.o)
 .text.oscillators_select_lf_xosc
                0x00003fe8       0x44 contiki-srf06-cc26xx.a(oscillators.o)
                0x00003fe8                oscillators_select_lf_xosc
 .text.oscillators_switch_to_hf_xosc
                0x0000402c       0x28 contiki-srf06-cc26xx.a(oscillators.o)
                0x0000402c                oscillators_switch_to_hf_xosc
 .text.oscillators_switch_to_hf_rc
                0x00004054       0x2c contiki-srf06-cc26xx.a(oscillators.o)
                0x00004054                oscillators_switch_to_hf_rc
 .text.release_data_entry
                0x00004080       0x14 contiki-srf06-cc26xx.a(ieee-mode.o)
 .text.rf_is_on
                0x00004094       0x18 contiki-srf06-cc26xx.a(ieee-mode.o)
 .text.rx_on    0x000040ac       0x50 contiki-srf06-cc26xx.a(ieee-mode.o)
 .text.rf_radio_setup
                0x000040fc       0x70 contiki-srf06-cc26xx.a(ieee-mode.o)
 .text.pending_packet
                0x0000416c       0x2c contiki-srf06-cc26xx.a(ieee-mode.o)
 .text.prepare  0x00004198       0x1c contiki-srf06-cc26xx.a(ieee-mode.o)
 .text.read_frame
                0x000041b4       0x4c contiki-srf06-cc26xx.a(ieee-mode.o)
 .text.soft_off
                0x00004200       0x2c contiki-srf06-cc26xx.a(ieee-mode.o)
 .text.get_object
                0x0000422c       0x38 contiki-srf06-cc26xx.a(ieee-mode.o)
 .text.rx_off   0x00004264       0x48 contiki-srf06-cc26xx.a(ieee-mode.o)
 .text.off      0x000042ac       0x4c contiki-srf06-cc26xx.a(ieee-mode.o)
 .text.on       0x000042f8       0x88 contiki-srf06-cc26xx.a(ieee-mode.o)
 .text.set_value
                0x00004380      0x134 contiki-srf06-cc26xx.a(ieee-mode.o)
 .text.get_value
                0x000044b4       0xf0 contiki-srf06-cc26xx.a(ieee-mode.o)
 .text.transmit
                0x000045a4       0xa8 contiki-srf06-cc26xx.a(ieee-mode.o)
 .text.set_object
                0x0000464c       0x50 contiki-srf06-cc26xx.a(ieee-mode.o)
 .text.init     0x0000469c       0xc8 contiki-srf06-cc26xx.a(ieee-mode.o)
 .text.printf   0x00004764       0x20 contiki-srf06-cc26xx.a(dbg-printf.o)
                0x00004764                printf
 .text.vsnprintf
                0x00004784       0x28 contiki-srf06-cc26xx.a(dbg-snprintf.o)
                0x00004784                vsnprintf
 .text.fill_space
                0x000047ac       0x34 contiki-srf06-cc26xx.a(strformat.o)
 .text.format_str_v
                0x000047e0      0x6e8 contiki-srf06-cc26xx.a(strformat.o)
                0x000047e0                format_str_v
 .text.process_thread_ctimer_process
                0x00004ec8       0x80 contiki-srf06-cc26xx.a(ctimer.o)
 .text.ctimer_init
                0x00004f48       0x28 contiki-srf06-cc26xx.a(ctimer.o)
                0x00004f48                ctimer_init
 .text.ctimer_set_with_process
                0x00004f70       0x44 contiki-srf06-cc26xx.a(ctimer.o)
                0x00004f70                ctimer_set_with_process
 .text.ctimer_set
                0x00004fb4       0x14 contiki-srf06-cc26xx.a(ctimer.o)
                0x00004fb4                ctimer_set
 .text.ctimer_reset
                0x00004fc8       0x38 contiki-srf06-cc26xx.a(ctimer.o)
                0x00004fc8                ctimer_reset
 .text.ctimer_stop
                0x00005000       0x2c contiki-srf06-cc26xx.a(ctimer.o)
                0x00005000                ctimer_stop
 .text.update_time
                0x0000502c       0x44 contiki-srf06-cc26xx.a(etimer.o)
 .text.etimer_request_poll
                0x00005070        0xc contiki-srf06-cc26xx.a(etimer.o)
                0x00005070                etimer_request_poll
 .text.process_thread_etimer_process
                0x0000507c       0x94 contiki-srf06-cc26xx.a(etimer.o)
 .text.add_timer
                0x00005110       0x40 contiki-srf06-cc26xx.a(etimer.o)
 .text.etimer_pending
                0x00005150       0x10 contiki-srf06-cc26xx.a(etimer.o)
                0x00005150                etimer_pending
 .text.etimer_next_expiration_time
                0x00005160       0x14 contiki-srf06-cc26xx.a(etimer.o)
                0x00005160                etimer_next_expiration_time
 .text.etimer_stop
                0x00005174       0x34 contiki-srf06-cc26xx.a(etimer.o)
                0x00005174                etimer_stop
 .text.call_process.part.0
                0x000051a8       0x38 contiki-srf06-cc26xx.a(process.o)
 .text.exit_process
                0x000051e0       0x80 contiki-srf06-cc26xx.a(process.o)
 .text.do_poll  0x00005260       0x30 contiki-srf06-cc26xx.a(process.o)
 .text.process_alloc_event
                0x00005290       0x10 contiki-srf06-cc26xx.a(process.o)
                0x00005290                process_alloc_event
 .text.process_init
                0x000052a0       0x30 contiki-srf06-cc26xx.a(process.o)
                0x000052a0                process_init
 .text.process_run
                0x000052d0       0xb0 contiki-srf06-cc26xx.a(process.o)
                0x000052d0                process_run
 .text.process_nevents
                0x00005380       0x14 contiki-srf06-cc26xx.a(process.o)
                0x00005380                process_nevents
 .text.process_post
                0x00005394       0x44 contiki-srf06-cc26xx.a(process.o)
                0x00005394                process_post
 .text.process_post_synch
                0x000053d8       0x14 contiki-srf06-cc26xx.a(process.o)
                0x000053d8                process_post_synch
 .text.process_start
                0x000053ec       0x30 contiki-srf06-cc26xx.a(process.o)
                0x000053ec                process_start
 .text.process_poll
                0x0000541c       0x18 contiki-srf06-cc26xx.a(process.o)
                0x0000541c                process_poll
 .text.rtimer_run_next
                0x00005434       0x28 contiki-srf06-cc26xx.a(rtimer.o)
                0x00005434                rtimer_run_next
 .text.process_thread_serial_line_process
                0x0000545c       0x98 contiki-srf06-cc26xx.a(serial-line.o)
 .text.serial_line_init
                0x000054f4       0x24 contiki-srf06-cc26xx.a(serial-line.o)
                0x000054f4                serial_line_init
 .text.clear_fragments
                0x00005518       0x3c contiki-srf06-cc26xx.a(sicslowpan.o)
 .text.sicslowpan_init
                0x00005554       0x24 contiki-srf06-cc26xx.a(sicslowpan.o)
                0x00005554                sicslowpan_init
 .text.set_packet_attrs
                0x00005578       0x44 contiki-srf06-cc26xx.a(sicslowpan.o)
 .text.compress_addr_64
                0x000055bc       0x90 contiki-srf06-cc26xx.a(sicslowpan.o)
 .text.addr_context_lookup_by_prefix
                0x0000564c       0x28 contiki-srf06-cc26xx.a(sicslowpan.o)
 .text.send_packet
                0x00005674       0x24 contiki-srf06-cc26xx.a(sicslowpan.o)
 .text.packet_sent
                0x00005698       0x28 contiki-srf06-cc26xx.a(sicslowpan.o)
 .text.store_fragment
                0x000056c0       0x58 contiki-srf06-cc26xx.a(sicslowpan.o)
 .text.uncompress_addr
                0x00005718       0xa4 contiki-srf06-cc26xx.a(sicslowpan.o)
 .text.output   0x000057bc      0x6a8 contiki-srf06-cc26xx.a(sicslowpan.o)
 .text.add_fragment
                0x00005e64      0x124 contiki-srf06-cc26xx.a(sicslowpan.o)
 .text.input    0x00005f88      0x5a4 contiki-srf06-cc26xx.a(sicslowpan.o)
 .text.upper_layer_chksum
                0x0000652c       0x54 contiki-srf06-cc26xx.a(uip6.o)
 .text.ext_hdr_options_process
                0x00006580       0xb0 contiki-srf06-cc26xx.a(uip6.o)
 .text.uip_init
                0x00006630       0x3c contiki-srf06-cc26xx.a(uip6.o)
                0x00006630                uip_init
 .text.remove_ext_hdr
                0x0000666c       0x5c contiki-srf06-cc26xx.a(uip6.o)
                0x0000666c                remove_ext_hdr
 .text.uip_udp_new
                0x000066c8       0xb0 contiki-srf06-cc26xx.a(uip6.o)
                0x000066c8                uip_udp_new
 .text.uip_process
                0x00006778      0x464 contiki-srf06-cc26xx.a(uip6.o)
                0x00006778                uip_process
 .text.uip_ds6_prefix_add
                0x00006bdc       0x64 contiki-srf06-cc26xx.a(uip-ds6.o)
                0x00006bdc                uip_ds6_prefix_add
 .text.uip_ds6_is_addr_onlink
                0x00006c40       0x40 contiki-srf06-cc26xx.a(uip-ds6.o)
                0x00006c40                uip_ds6_is_addr_onlink
 .text.uip_ds6_addr_lookup
                0x00006c80       0x2c contiki-srf06-cc26xx.a(uip-ds6.o)
                0x00006c80                uip_ds6_addr_lookup
 .text.uip_ds6_get_link_local
                0x00006cac       0x40 contiki-srf06-cc26xx.a(uip-ds6.o)
                0x00006cac                uip_ds6_get_link_local
 .text.uip_ds6_maddr_add
                0x00006cec       0x4c contiki-srf06-cc26xx.a(uip-ds6.o)
                0x00006cec                uip_ds6_maddr_add
 .text.uip_ds6_addr_add
                0x00006d38       0x94 contiki-srf06-cc26xx.a(uip-ds6.o)
                0x00006d38                uip_ds6_addr_add
 .text.uip_ds6_maddr_lookup
                0x00006dcc       0x2c contiki-srf06-cc26xx.a(uip-ds6.o)
                0x00006dcc                uip_ds6_maddr_lookup
 .text.uip_ds6_addr_rm
                0x00006df8       0x44 contiki-srf06-cc26xx.a(uip-ds6.o)
                0x00006df8                uip_ds6_addr_rm
 .text.uip_ds6_periodic
                0x00006e3c       0x50 contiki-srf06-cc26xx.a(uip-ds6.o)
                0x00006e3c                uip_ds6_periodic
 .text.uip_ds6_select_src
                0x00006e8c       0x94 contiki-srf06-cc26xx.a(uip-ds6.o)
                0x00006e8c                uip_ds6_select_src
 .text.uip_ds6_compute_reachable_time
                0x00006f20       0x28 contiki-srf06-cc26xx.a(uip-ds6.o)
                0x00006f20                uip_ds6_compute_reachable_time
 .text.uip_ds6_init
                0x00006f48       0xe0 contiki-srf06-cc26xx.a(uip-ds6.o)
                0x00006f48                uip_ds6_init
 .text.uip_ds6_nbr_rm
                0x00007028       0x20 contiki-srf06-cc26xx.a(uip-ds6-nbr.o)
                0x00007028                uip_ds6_nbr_rm
 .text.uip_ds6_neighbors_init
                0x00007048       0x14 contiki-srf06-cc26xx.a(uip-ds6-nbr.o)
                0x00007048                uip_ds6_neighbors_init
 .text.uip_ds6_nbr_add
                0x0000705c       0x60 contiki-srf06-cc26xx.a(uip-ds6-nbr.o)
                0x0000705c                uip_ds6_nbr_add
 .text.uip_ds6_nbr_get_ll
                0x000070bc       0x10 contiki-srf06-cc26xx.a(uip-ds6-nbr.o)
                0x000070bc                uip_ds6_nbr_get_ll
 .text.uip_ds6_nbr_lookup
                0x000070cc       0x38 contiki-srf06-cc26xx.a(uip-ds6-nbr.o)
                0x000070cc                uip_ds6_nbr_lookup
 .text.uip_ds6_nbr_ll_lookup
                0x00007104       0x10 contiki-srf06-cc26xx.a(uip-ds6-nbr.o)
                0x00007104                uip_ds6_nbr_ll_lookup
 .text.uip_ds6_link_neighbor_callback
                0x00007114       0x2c contiki-srf06-cc26xx.a(uip-ds6-nbr.o)
                0x00007114                uip_ds6_link_neighbor_callback
 .text.uip_ds6_neighbor_periodic
                0x00007140       0x58 contiki-srf06-cc26xx.a(uip-ds6-nbr.o)
                0x00007140                uip_ds6_neighbor_periodic
 .text.call_route_callback
                0x00007198       0x48 contiki-srf06-cc26xx.a(uip-ds6-route.o)
 .text.uip_ds6_route_init
                0x000071e0       0x4c contiki-srf06-cc26xx.a(uip-ds6-route.o)
                0x000071e0                uip_ds6_route_init
 .text.uip_ds6_route_nexthop
                0x0000722c       0x20 contiki-srf06-cc26xx.a(uip-ds6-route.o)
                0x0000722c                uip_ds6_route_nexthop
 .text.uip_ds6_route_head
                0x0000724c        0xc contiki-srf06-cc26xx.a(uip-ds6-route.o)
                0x0000724c                uip_ds6_route_head
 .text.uip_ds6_route_lookup
                0x00007258       0x64 contiki-srf06-cc26xx.a(uip-ds6-route.o)
                0x00007258                uip_ds6_route_lookup
 .text.uip_ds6_route_rm
                0x000072bc       0x9c contiki-srf06-cc26xx.a(uip-ds6-route.o)
                0x000072bc                uip_ds6_route_rm
 .text.rm_routelist
                0x00007358       0x30 contiki-srf06-cc26xx.a(uip-ds6-route.o)
 .text.uip_ds6_route_add
                0x00007388      0x10c contiki-srf06-cc26xx.a(uip-ds6-route.o)
                0x00007388                uip_ds6_route_add
 .text.uip_ds6_defrt_rm
                0x00007494       0x44 contiki-srf06-cc26xx.a(uip-ds6-route.o)
                0x00007494                uip_ds6_defrt_rm
 .text.uip_ds6_defrt_lookup
                0x000074d8       0x2c contiki-srf06-cc26xx.a(uip-ds6-route.o)
                0x000074d8                uip_ds6_defrt_lookup
 .text.uip_ds6_defrt_add
                0x00007504       0x64 contiki-srf06-cc26xx.a(uip-ds6-route.o)
                0x00007504                uip_ds6_defrt_add
 .text.uip_ds6_defrt_choose
                0x00007568       0x30 contiki-srf06-cc26xx.a(uip-ds6-route.o)
                0x00007568                uip_ds6_defrt_choose
 .text.uip_ds6_defrt_periodic
                0x00007598       0x30 contiki-srf06-cc26xx.a(uip-ds6-route.o)
                0x00007598                uip_ds6_defrt_periodic
 .text.echo_reply_input
                0x000075c8       0xe8 contiki-srf06-cc26xx.a(uip-icmp6.o)
 .text.echo_request_input
                0x000076b0      0x100 contiki-srf06-cc26xx.a(uip-icmp6.o)
 .text.uip_icmp6_input
                0x000077b0       0x38 contiki-srf06-cc26xx.a(uip-icmp6.o)
                0x000077b0                uip_icmp6_input
 .text.uip_icmp6_register_input_handler
                0x000077e8        0xc contiki-srf06-cc26xx.a(uip-icmp6.o)
                0x000077e8                uip_icmp6_register_input_handler
 .text.uip_icmp6_error_output
                0x000077f4      0x148 contiki-srf06-cc26xx.a(uip-icmp6.o)
                0x000077f4                uip_icmp6_error_output
 .text.uip_icmp6_send
                0x0000793c       0x8c contiki-srf06-cc26xx.a(uip-icmp6.o)
                0x0000793c                uip_icmp6_send
 .text.uip_icmp6_init
                0x000079c8       0x1c contiki-srf06-cc26xx.a(uip-icmp6.o)
                0x000079c8                uip_icmp6_init
 .text.tcpip_output
                0x000079e4       0x10 contiki-srf06-cc26xx.a(tcpip.o)
                0x000079e4                tcpip_output
 .text.tcpip_set_outputfunc
                0x000079f4        0xc contiki-srf06-cc26xx.a(tcpip.o)
                0x000079f4                tcpip_set_outputfunc
 .text.udp_new  0x00007a00       0x18 contiki-srf06-cc26xx.a(tcpip.o)
                0x00007a00                udp_new
 .text.tcpip_icmp6_call
                0x00007a18       0x28 contiki-srf06-cc26xx.a(tcpip.o)
                0x00007a18                tcpip_icmp6_call
 .text.tcpip_input
                0x00007a40       0x24 contiki-srf06-cc26xx.a(tcpip.o)
                0x00007a40                tcpip_input
 .text.tcpip_ipv6_output
                0x00007a64       0xc0 contiki-srf06-cc26xx.a(tcpip.o)
                0x00007a64                tcpip_ipv6_output
 .text.process_thread_tcpip_process
                0x00007b24       0xdc contiki-srf06-cc26xx.a(tcpip.o)
 .text.tcpip_uipcall
                0x00007c00       0x2c contiki-srf06-cc26xx.a(tcpip.o)
                0x00007c00                tcpip_uipcall
 .text.uip_debug_ipaddr_print
                0x00007c2c       0xa0 contiki-srf06-cc26xx.a(uip-debug.o)
                0x00007c2c                uip_debug_ipaddr_print
 .text.uip_udp_packet_send
                0x00007ccc       0x38 contiki-srf06-cc26xx.a(uip-udp-packet.)
                0x00007ccc                uip_udp_packet_send
 .text.rpl_get_mode
                0x00007d04        0xc contiki-srf06-cc26xx.a(rpl.o)
                0x00007d04                rpl_get_mode
 .text.rpl_purge_routes
                0x00007d10       0x64 contiki-srf06-cc26xx.a(rpl.o)
                0x00007d10                rpl_purge_routes
 .text.rpl_link_neighbor_callback
                0x00007d74       0x70 contiki-srf06-cc26xx.a(rpl.o)
                0x00007d74                rpl_link_neighbor_callback
 .text.rpl_ipv6_neighbor_callback
                0x00007de4       0x28 contiki-srf06-cc26xx.a(rpl.o)
                0x00007de4                rpl_ipv6_neighbor_callback
 .text.rpl_purge_dags
                0x00007e0c       0x3c contiki-srf06-cc26xx.a(rpl.o)
                0x00007e0c                rpl_purge_dags
 .text.rpl_init
                0x00007e48       0x58 contiki-srf06-cc26xx.a(rpl.o)
                0x00007e48                rpl_init
 .text.rpl_set_preferred_parent
                0x00007ea0       0x28 contiki-srf06-cc26xx.a(rpl-dag.o)
 .text.set_ip_from_prefix
                0x00007ec8       0x2c contiki-srf06-cc26xx.a(rpl-dag.o)
 .text.find_parent_any_dag_any_instance
                0x00007ef4       0x1c contiki-srf06-cc26xx.a(rpl-dag.o)
 .text.rpl_get_nbr
                0x00007f10       0x28 contiki-srf06-cc26xx.a(rpl-dag.o)
                0x00007f10                rpl_get_nbr
 .text.rpl_dag_init
                0x00007f38       0x14 contiki-srf06-cc26xx.a(rpl-dag.o)
                0x00007f38                rpl_dag_init
 .text.rpl_get_parent
                0x00007f4c       0x10 contiki-srf06-cc26xx.a(rpl-dag.o)
                0x00007f4c                rpl_get_parent
 .text.rpl_get_parent_ipaddr
                0x00007f5c       0x18 contiki-srf06-cc26xx.a(rpl-dag.o)
                0x00007f5c                rpl_get_parent_ipaddr
 .text.rpl_alloc_instance
                0x00007f74       0x34 contiki-srf06-cc26xx.a(rpl-dag.o)
                0x00007f74                rpl_alloc_instance
 .text.rpl_add_parent
                0x00007fa8       0x44 contiki-srf06-cc26xx.a(rpl-dag.o)
                0x00007fa8                rpl_add_parent
 .text.rpl_select_parent
                0x00007fec       0x6c contiki-srf06-cc26xx.a(rpl-dag.o)
                0x00007fec                rpl_select_parent
 .text.rpl_remove_parent
                0x00008058       0x1c contiki-srf06-cc26xx.a(rpl-dag.o)
                0x00008058                rpl_remove_parent
 .text.remove_parents.constprop.4
                0x00008074       0x2c contiki-srf06-cc26xx.a(rpl-dag.o)
 .text.rpl_get_any_dag
                0x000080a0       0x18 contiki-srf06-cc26xx.a(rpl-dag.o)
                0x000080a0                rpl_get_any_dag
 .text.rpl_get_instance
                0x000080b8       0x20 contiki-srf06-cc26xx.a(rpl-dag.o)
                0x000080b8                rpl_get_instance
 .text.rpl_find_of
                0x000080d8       0x14 contiki-srf06-cc26xx.a(rpl-dag.o)
                0x000080d8                rpl_find_of
 .text.rpl_join_instance
                0x000080ec      0x118 contiki-srf06-cc26xx.a(rpl-dag.o)
                0x000080ec                rpl_join_instance
 .text.rpl_local_repair
                0x00008204       0x58 contiki-srf06-cc26xx.a(rpl-dag.o)
                0x00008204                rpl_local_repair
 .text.rpl_recalculate_ranks
                0x0000825c       0x3c contiki-srf06-cc26xx.a(rpl-dag.o)
                0x0000825c                rpl_recalculate_ranks
 .text.rpl_verify_header
                0x00008298      0x114 contiki-srf06-cc26xx.a(rpl-ext-header.)
                0x00008298                rpl_verify_header
 .text.rpl_update_header_empty
                0x000083ac      0x138 contiki-srf06-cc26xx.a(rpl-ext-header.)
                0x000083ac                rpl_update_header_empty
 .text.rpl_update_header_final
                0x000084e4       0x88 contiki-srf06-cc26xx.a(rpl-ext-header.)
                0x000084e4                rpl_update_header_final
 .text.rpl_invert_header
                0x0000856c       0x68 contiki-srf06-cc26xx.a(rpl-ext-header.)
                0x0000856c                rpl_invert_header
 .text.rpl_insert_header
                0x000085d4       0x1c contiki-srf06-cc26xx.a(rpl-ext-header.)
                0x000085d4                rpl_insert_header
 .text.dao_ack_input
                0x000085f0       0x14 contiki-srf06-cc26xx.a(rpl-icmp6.o)
 .text.dio_input
                0x00008604      0x288 contiki-srf06-cc26xx.a(rpl-icmp6.o)
 .text.dis_output
                0x0000888c       0x54 contiki-srf06-cc26xx.a(rpl-icmp6.o)
                0x0000888c                dis_output
 .text.dio_output
                0x000088e0      0x20c contiki-srf06-cc26xx.a(rpl-icmp6.o)
                0x000088e0                dio_output
 .text.dis_input
                0x00008aec       0x3c contiki-srf06-cc26xx.a(rpl-icmp6.o)
 .text.dao_output_target
                0x00008b28       0xe0 contiki-srf06-cc26xx.a(rpl-icmp6.o)
                0x00008b28                dao_output_target
 .text.dao_output
                0x00008c08       0x64 contiki-srf06-cc26xx.a(rpl-icmp6.o)
                0x00008c08                dao_output
 .text.dao_ack_output
                0x00008c6c       0x34 contiki-srf06-cc26xx.a(rpl-icmp6.o)
                0x00008c6c                dao_ack_output
 .text.dao_input
                0x00008ca0      0x1e4 contiki-srf06-cc26xx.a(rpl-icmp6.o)
 .text.rpl_icmp6_register_handlers
                0x00008e84       0x30 contiki-srf06-cc26xx.a(rpl-icmp6.o)
                0x00008e84                rpl_icmp6_register_handlers
 .text.new_dio_interval
                0x00008eb4       0x58 contiki-srf06-cc26xx.a(rpl-timers.o)
 .text.handle_periodic_timer
                0x00008f0c       0x3c contiki-srf06-cc26xx.a(rpl-timers.o)
 .text.set_dao_lifetime_timer
                0x00008f48       0x3c contiki-srf06-cc26xx.a(rpl-timers.o)
 .text.handle_dio_timer
                0x00008f84       0x80 contiki-srf06-cc26xx.a(rpl-timers.o)
 .text.schedule_dao
                0x00009004       0x54 contiki-srf06-cc26xx.a(rpl-timers.o)
 .text.handle_dao_timer
                0x00009058       0x58 contiki-srf06-cc26xx.a(rpl-timers.o)
 .text.rpl_reset_periodic_timer
                0x000090b0       0x34 contiki-srf06-cc26xx.a(rpl-timers.o)
                0x000090b0                rpl_reset_periodic_timer
 .text.rpl_schedule_unicast_dio_immediately
                0x000090e4       0x14 contiki-srf06-cc26xx.a(rpl-timers.o)
                0x000090e4                rpl_schedule_unicast_dio_immediately
 .text.rpl_schedule_probing
                0x000090f8       0x30 contiki-srf06-cc26xx.a(rpl-timers.o)
                0x000090f8                rpl_schedule_probing
 .text.handle_probing_timer
                0x00009128       0xd0 contiki-srf06-cc26xx.a(rpl-timers.o)
 .text.NOROM_AONRTCCurrentCompareValueGet
                0x000091f8       0x20 contiki-srf06-cc26xx.a(aon_rtc.o)
                0x000091f8                NOROM_AONRTCCurrentCompareValueGet
 .text.NOROM_DDI16BitfieldWrite
                0x00009218       0x48 contiki-srf06-cc26xx.a(ddi.o)
                0x00009218                NOROM_DDI16BitfieldWrite
 .text.NOROM_DDI16BitfieldRead
                0x00009260       0x40 contiki-srf06-cc26xx.a(ddi.o)
                0x00009260                NOROM_DDI16BitfieldRead
 .text.NOROM_OSCClockSourceSet
                0x000092a0       0x4c contiki-srf06-cc26xx.a(osc.o)
                0x000092a0                NOROM_OSCClockSourceSet
 .text.NOROM_OSCClockSourceGet
                0x000092ec       0x24 contiki-srf06-cc26xx.a(osc.o)
                0x000092ec                NOROM_OSCClockSourceGet
 .text.NOROM_OSCInterfaceEnable
                0x00009310       0x38 contiki-srf06-cc26xx.a(osc.o)
                0x00009310                NOROM_OSCInterfaceEnable
 .text.NOROM_PowerCtrlSourceSet
                0x00009348       0x2c contiki-srf06-cc26xx.a(pwr_ctrl.o)
                0x00009348                NOROM_PowerCtrlSourceSet
 .text.AuxAdiDdiSafeWrite.constprop.1
                0x00009374       0x28 contiki-srf06-cc26xx.a(setup.o)
 .text.HapiTrimDeviceShutDown
                0x0000939c      0x3e4 contiki-srf06-cc26xx.a(setup.o)
 .text.trimDevice
                0x00009780       0xf8 contiki-srf06-cc26xx.a(setup.o)
                0x00009780                trimDevice
 .text.SysCtrlSetRechargeBeforePowerDown
                0x00009878      0x190 contiki-srf06-cc26xx.a(sys_ctrl.o)
                0x00009878                SysCtrlSetRechargeBeforePowerDown
 .text.SysCtrlAdjustRechargeAfterPowerDown
                0x00009a08       0x60 contiki-srf06-cc26xx.a(sys_ctrl.o)
                0x00009a08                SysCtrlAdjustRechargeAfterPowerDown
 .text.SysCtrl_DCDC_VoltageConditionalControl
                0x00009a68       0x74 contiki-srf06-cc26xx.a(sys_ctrl.o)
                0x00009a68                SysCtrl_DCDC_VoltageConditionalControl
 .text.index_from_key
                0x00009adc       0x20 contiki-srf06-cc26xx.a(nbr-table.o)
 .text.index_from_lladdr
                0x00009afc       0x40 contiki-srf06-cc26xx.a(nbr-table.o)
 .text.key_from_item
                0x00009b3c       0x2c contiki-srf06-cc26xx.a(nbr-table.o)
 .text.nbr_get_bit.constprop.0
                0x00009b68       0x30 contiki-srf06-cc26xx.a(nbr-table.o)
 .text.nbr_table_register
                0x00009b98       0x28 contiki-srf06-cc26xx.a(nbr-table.o)
                0x00009b98                nbr_table_register
 .text.nbr_table_head
                0x00009bc0       0x34 contiki-srf06-cc26xx.a(nbr-table.o)
                0x00009bc0                nbr_table_head
 .text.nbr_table_add_lladdr
                0x00009bf4      0x11c contiki-srf06-cc26xx.a(nbr-table.o)
                0x00009bf4                nbr_table_add_lladdr
 .text.nbr_table_remove
                0x00009d10       0x2c contiki-srf06-cc26xx.a(nbr-table.o)
                0x00009d10                nbr_table_remove
 .text.nbr_table_lock
                0x00009d3c       0x14 contiki-srf06-cc26xx.a(nbr-table.o)
                0x00009d3c                nbr_table_lock
 .text.nbr_table_unlock
                0x00009d50       0x14 contiki-srf06-cc26xx.a(nbr-table.o)
                0x00009d50                nbr_table_unlock
 .text.netstack_init
                0x00009d64       0x38 contiki-srf06-cc26xx.a(netstack.o)
                0x00009d64                netstack_init
 .text.packetbuf_copyto
                0x00009d9c       0x50 contiki-srf06-cc26xx.a(packetbuf.o)
                0x00009d9c                packetbuf_copyto
 .text.packetbuf_hdrreduce
                0x00009dec       0x2c contiki-srf06-cc26xx.a(packetbuf.o)
                0x00009dec                packetbuf_hdrreduce
 .text.packetbuf_set_datalen
                0x00009e18        0xc contiki-srf06-cc26xx.a(packetbuf.o)
                0x00009e18                packetbuf_set_datalen
 .text.packetbuf_dataptr
                0x00009e24       0x14 contiki-srf06-cc26xx.a(packetbuf.o)
                0x00009e24                packetbuf_dataptr
 .text.packetbuf_hdrptr
                0x00009e38       0x14 contiki-srf06-cc26xx.a(packetbuf.o)
                0x00009e38                packetbuf_hdrptr
 .text.packetbuf_datalen
                0x00009e4c        0xc contiki-srf06-cc26xx.a(packetbuf.o)
                0x00009e4c                packetbuf_datalen
 .text.packetbuf_hdrlen
                0x00009e58       0x1c contiki-srf06-cc26xx.a(packetbuf.o)
                0x00009e58                packetbuf_hdrlen
 .text.packetbuf_totlen
                0x00009e74       0x14 contiki-srf06-cc26xx.a(packetbuf.o)
                0x00009e74                packetbuf_totlen
 .text.packetbuf_hdralloc
                0x00009e88       0x28 contiki-srf06-cc26xx.a(packetbuf.o)
                0x00009e88                packetbuf_hdralloc
 .text.packetbuf_attr_clear
                0x00009eb0       0x38 contiki-srf06-cc26xx.a(packetbuf.o)
                0x00009eb0                packetbuf_attr_clear
 .text.packetbuf_clear
                0x00009ee8       0x30 contiki-srf06-cc26xx.a(packetbuf.o)
                0x00009ee8                packetbuf_clear
 .text.packetbuf_copyfrom
                0x00009f18       0x2c contiki-srf06-cc26xx.a(packetbuf.o)
                0x00009f18                packetbuf_copyfrom
 .text.packetbuf_attr_copyto
                0x00009f44       0x34 contiki-srf06-cc26xx.a(packetbuf.o)
                0x00009f44                packetbuf_attr_copyto
 .text.packetbuf_attr_copyfrom
                0x00009f78       0x34 contiki-srf06-cc26xx.a(packetbuf.o)
                0x00009f78                packetbuf_attr_copyfrom
 .text.packetbuf_set_attr
                0x00009fac       0x10 contiki-srf06-cc26xx.a(packetbuf.o)
                0x00009fac                packetbuf_set_attr
 .text.packetbuf_attr
                0x00009fbc        0xc contiki-srf06-cc26xx.a(packetbuf.o)
                0x00009fbc                packetbuf_attr
 .text.packetbuf_set_addr
                0x00009fc8       0x18 contiki-srf06-cc26xx.a(packetbuf.o)
                0x00009fc8                packetbuf_set_addr
 .text.packetbuf_addr
                0x00009fe0       0x10 contiki-srf06-cc26xx.a(packetbuf.o)
                0x00009fe0                packetbuf_addr
 .text.packetbuf_holds_broadcast
                0x00009ff0       0x10 contiki-srf06-cc26xx.a(packetbuf.o)
                0x00009ff0                packetbuf_holds_broadcast
 .text.queuebuf_init
                0x0000a000       0x1c contiki-srf06-cc26xx.a(queuebuf.o)
                0x0000a000                queuebuf_init
 .text.queuebuf_numfree
                0x0000a01c        0xc contiki-srf06-cc26xx.a(queuebuf.o)
                0x0000a01c                queuebuf_numfree
 .text.queuebuf_new_from_packetbuf
                0x0000a028       0x44 contiki-srf06-cc26xx.a(queuebuf.o)
                0x0000a028                queuebuf_new_from_packetbuf
 .text.queuebuf_free
                0x0000a06c       0x2c contiki-srf06-cc26xx.a(queuebuf.o)
                0x0000a06c                queuebuf_free
 .text.queuebuf_to_packetbuf
                0x0000a098       0x30 contiki-srf06-cc26xx.a(queuebuf.o)
                0x0000a098                queuebuf_to_packetbuf
 .text.create_frame.isra.0
                0x0000a0c8      0x124 contiki-srf06-cc26xx.a(framer-802154.o)
 .text.send_packet
                0x0000a1ec        0xc contiki-srf06-cc26xx.a(nullmac.o)
 .text.packet_input
                0x0000a1f8        0xc contiki-srf06-cc26xx.a(nullmac.o)
 .text.on       0x0000a204        0xc contiki-srf06-cc26xx.a(nullmac.o)
 .text.off      0x0000a210        0xc contiki-srf06-cc26xx.a(nullmac.o)
 .text.on       0x0000a21c        0xc contiki-srf06-cc26xx.a(nullrdc.o)
 .text.send_one_packet
                0x0000a228      0x118 contiki-srf06-cc26xx.a(nullrdc.o)
 .text.off      0x0000a340       0x18 contiki-srf06-cc26xx.a(nullrdc.o)
 .text.packet_input
                0x0000a358       0x54 contiki-srf06-cc26xx.a(nullrdc.o)
 .text.input    0x0000a3ac        0xc contiki-srf06-cc26xx.a(nullsec.o)
 .text.send     0x0000a3b8       0x20 contiki-srf06-cc26xx.a(nullsec.o)
 .text.sensor_common_write_reg
                0x0000a3d8       0x30 contiki-srf06-cc26xx.a(sensor-common.o)
                0x0000a3d8                sensor_common_write_reg
 .text.verify_part
                0x0000a408       0x64 contiki-srf06-cc26xx.a(ext-flash.o)
 .text.wait_ready
                0x0000a46c       0x5c contiki-srf06-cc26xx.a(ext-flash.o)
 .text.ext_flash_open
                0x0000a4c8       0x54 contiki-srf06-cc26xx.a(ext-flash.o)
                0x0000a4c8                ext_flash_open
 .text.ext_flash_close
                0x0000a51c       0x4c contiki-srf06-cc26xx.a(ext-flash.o)
                0x0000a51c                ext_flash_close
 .text.buzzer_init
                0x0000a568        0xc contiki-srf06-cc26xx.a(buzzer.o)
                0x0000a568                buzzer_init
 .text.buzzer_stop
                0x0000a574       0x74 contiki-srf06-cc26xx.a(buzzer.o)
                0x0000a574                buzzer_stop
 .text.accessible
                0x0000a5e8       0x24 contiki-srf06-cc26xx.a(board-spi.o)
 .text.board_spi_write
                0x0000a60c       0x3c contiki-srf06-cc26xx.a(board-spi.o)
                0x0000a60c                board_spi_write
 .text.board_spi_read
                0x0000a648       0x48 contiki-srf06-cc26xx.a(board-spi.o)
                0x0000a648                board_spi_read
 .text.board_spi_flush
                0x0000a690       0x24 contiki-srf06-cc26xx.a(board-spi.o)
                0x0000a690                board_spi_flush
 .text.board_spi_open
                0x0000a6b4       0xbc contiki-srf06-cc26xx.a(board-spi.o)
                0x0000a6b4                board_spi_open
 .text.board_spi_close
                0x0000a770       0x70 contiki-srf06-cc26xx.a(board-spi.o)
                0x0000a770                board_spi_close
 .text.process_thread_rf_core_process
                0x0000a7e0       0x58 contiki-srf06-cc26xx.a(rf-core.o)
 .text.rf_core_is_accessible
                0x0000a838       0x10 contiki-srf06-cc26xx.a(rf-core.o)
                0x0000a838                rf_core_is_accessible
 .text.rf_core_send_cmd
                0x0000a848       0x80 contiki-srf06-cc26xx.a(rf-core.o)
                0x0000a848                rf_core_send_cmd
 .text.rf_core_wait_cmd_done
                0x0000a8c8       0x2c contiki-srf06-cc26xx.a(rf-core.o)
                0x0000a8c8                rf_core_wait_cmd_done
 .text.rf_core_power_up
                0x0000a8f4       0xac contiki-srf06-cc26xx.a(rf-core.o)
                0x0000a8f4                rf_core_power_up
 .text.rf_core_set_modesel
                0x0000a9a0       0x5c contiki-srf06-cc26xx.a(rf-core.o)
                0x0000a9a0                rf_core_set_modesel
 .text.rf_core_start_rat
                0x0000a9fc       0x1c contiki-srf06-cc26xx.a(rf-core.o)
                0x0000a9fc                rf_core_start_rat
 .text.rf_core_setup_interrupts
                0x0000aa18       0x5c contiki-srf06-cc26xx.a(rf-core.o)
                0x0000aa18                rf_core_setup_interrupts
 .text.rf_core_cmd_done_en
                0x0000aa74       0x24 contiki-srf06-cc26xx.a(rf-core.o)
                0x0000aa74                rf_core_cmd_done_en
 .text.rf_core_cmd_done_dis
                0x0000aa98       0x10 contiki-srf06-cc26xx.a(rf-core.o)
                0x0000aa98                rf_core_cmd_done_dis
 .text.rf_core_get_last_radio_op
                0x0000aaa8        0xc contiki-srf06-cc26xx.a(rf-core.o)
                0x0000aaa8                rf_core_get_last_radio_op
 .text.rf_core_power_down
                0x0000aab4       0xb8 contiki-srf06-cc26xx.a(rf-core.o)
                0x0000aab4                rf_core_power_down
 .text.rf_core_primary_mode_register
                0x0000ab6c        0xc contiki-srf06-cc26xx.a(rf-core.o)
                0x0000ab6c                rf_core_primary_mode_register
 .text.RFCCPE1IntHandler
                0x0000ab78       0x20 contiki-srf06-cc26xx.a(rf-core.o)
                0x0000ab78                RFCCPE1IntHandler
 .text.RFCCPE0IntHandler
                0x0000ab98       0x58 contiki-srf06-cc26xx.a(rf-core.o)
                0x0000ab98                RFCCPE0IntHandler
 .text.rf_ble_is_active
                0x0000abf0        0xc contiki-srf06-cc26xx.a(rf-ble.o)
                0x0000abf0                rf_ble_is_active
 .text.stimer_expired
                0x0000abfc       0x20 contiki-srf06-cc26xx.a(stimer.o)
                0x0000abfc                stimer_expired
 .text.AONBatMonTemperatureGetDegC
                0x0000ac1c       0x30 contiki-srf06-cc26xx.a(aon_batmon.o)
                0x0000ac1c                AONBatMonTemperatureGetDegC
 .text.ChipInfo_GetSupportedProtocol_BV
                0x0000ac4c       0x10 contiki-srf06-cc26xx.a(chipinfo.o)
                0x0000ac4c                ChipInfo_GetSupportedProtocol_BV
 .text.ChipInfo_GetChipFamily
                0x0000ac5c       0x34 contiki-srf06-cc26xx.a(chipinfo.o)
                0x0000ac5c                ChipInfo_GetChipFamily
 .text.ChipInfo_GetHwRevision
                0x0000ac90       0x68 contiki-srf06-cc26xx.a(chipinfo.o)
                0x0000ac90                ChipInfo_GetHwRevision
 .text.frame802154_get_pan_id
                0x0000acf8        0xc contiki-srf06-cc26xx.a(frame802154.o)
                0x0000acf8                frame802154_get_pan_id
 .text.frame802154_parse
                0x0000ad04      0x174 contiki-srf06-cc26xx.a(frame802154.o)
                0x0000ad04                frame802154_parse
 .text.mac_sequence_is_duplicate
                0x0000ae78       0x38 contiki-srf06-cc26xx.a(mac-sequence.o)
                0x0000ae78                mac_sequence_is_duplicate
 .text.mac_sequence_register_seqno
                0x0000aeb0       0x64 contiki-srf06-cc26xx.a(mac-sequence.o)
                0x0000aeb0                mac_sequence_register_seqno
 .text.exp2     0x0000af14       0x10 /usr/bin/../lib/gcc/arm-none-eabi/4.9.3/../../../../arm-none-eabi/lib/armv7-m/libm.a(lib_a-w_exp2.o)
                0x0000af14                exp2
 .text.pow      0x0000af24      0x2f0 /usr/bin/../lib/gcc/arm-none-eabi/4.9.3/../../../../arm-none-eabi/lib/armv7-m/libm.a(lib_a-w_pow.o)
                0x0000af24                pow
 .text.__ieee754_sqrt
                0x0000b214      0x18c /usr/bin/../lib/gcc/arm-none-eabi/4.9.3/../../../../arm-none-eabi/lib/armv7-m/libm.a(lib_a-e_sqrt.o)
                0x0000b214                __ieee754_sqrt
 .text.fabs     0x0000b3a0        0x8 /usr/bin/../lib/gcc/arm-none-eabi/4.9.3/../../../../arm-none-eabi/lib/armv7-m/libm.a(lib_a-s_fabs.o)
                0x0000b3a0                fabs
 .text.finite   0x0000b3a8        0xc /usr/bin/../lib/gcc/arm-none-eabi/4.9.3/../../../../arm-none-eabi/lib/armv7-m/libm.a(lib_a-s_finite.o)
                0x0000b3a8                finite
 .text.__fpclassifyd
                0x0000b3b4       0x58 /usr/bin/../lib/gcc/arm-none-eabi/4.9.3/../../../../arm-none-eabi/lib/armv7-m/libm.a(lib_a-s_fpclassify.o)
                0x0000b3b4                __fpclassifyd
 .text.matherr  0x0000b40c        0x4 /usr/bin/../lib/gcc/arm-none-eabi/4.9.3/../../../../arm-none-eabi/lib/armv7-m/libm.a(lib_a-s_matherr.o)
                0x0000b40c                matherr
 .text.nan      0x0000b410        0xc /usr/bin/../lib/gcc/arm-none-eabi/4.9.3/../../../../arm-none-eabi/lib/armv7-m/libm.a(lib_a-s_nan.o)
                0x0000b410                nan
 .text.rint     0x0000b41c      0x11c /usr/bin/../lib/gcc/arm-none-eabi/4.9.3/../../../../arm-none-eabi/lib/armv7-m/libm.a(lib_a-s_rint.o)
                0x0000b41c                rint
 .text.copysign
                0x0000b538       0x10 /usr/bin/../lib/gcc/arm-none-eabi/4.9.3/../../../../arm-none-eabi/lib/armv7-m/libm.a(lib_a-s_copysign.o)
                0x0000b538                copysign
 .text          0x0000b548      0x370 /usr/bin/../lib/gcc/arm-none-eabi/4.9.3/armv7-m/libgcc.a(_arm_addsubdf3.o)
                0x0000b548                __aeabi_drsub
                0x0000b550                __aeabi_dsub
                0x0000b550                __subdf3
                0x0000b554                __adddf3
                0x0000b554                __aeabi_dadd
                0x0000b7cc                __aeabi_ui2d
                0x0000b7cc                __floatunsidf
                0x0000b7ec                __floatsidf
                0x0000b7ec                __aeabi_i2d
                0x0000b810                __extendsfdf2
                0x0000b810                __aeabi_f2d
                0x0000b84c                __aeabi_ul2d
                0x0000b84c                __floatundidf
                0x0000b85c                __floatdidf
                0x0000b85c                __aeabi_l2d
 .text          0x0000b8b8      0x424 /usr/bin/../lib/gcc/arm-none-eabi/4.9.3/armv7-m/libgcc.a(_arm_muldivdf3.o)
                0x0000b8b8                __aeabi_dmul
                0x0000b8b8                __muldf3
                0x0000bb0c                __aeabi_ddiv
                0x0000bb0c                __divdf3
 .text          0x0000bcdc      0x110 /usr/bin/../lib/gcc/arm-none-eabi/4.9.3/armv7-m/libgcc.a(_arm_cmpdf2.o)
                0x0000bcdc                __gtdf2
                0x0000bcdc                __gedf2
                0x0000bce4                __ltdf2
                0x0000bce4                __ledf2
                0x0000bcec                __cmpdf2
                0x0000bcec                __eqdf2
                0x0000bcec                __nedf2
                0x0000bd68                __aeabi_cdrcmple
                0x0000bd78                __aeabi_cdcmple
                0x0000bd78                __aeabi_cdcmpeq
                0x0000bd88                __aeabi_dcmpeq
                0x0000bd9c                __aeabi_dcmplt
                0x0000bdb0                __aeabi_dcmple
                0x0000bdc4                __aeabi_dcmpge
                0x0000bdd8                __aeabi_dcmpgt
 .text          0x0000bdec       0xa0 /usr/bin/../lib/gcc/arm-none-eabi/4.9.3/armv7-m/libgcc.a(_arm_truncdfsf2.o)
                0x0000bdec                __aeabi_d2f
                0x0000bdec                __truncdfsf2
 .text          0x0000be8c      0x21c /usr/bin/../lib/gcc/arm-none-eabi/4.9.3/armv7-m/libgcc.a(_arm_addsubsf3.o)
                0x0000be8c                __aeabi_frsub
                0x0000be94                __subsf3
                0x0000be94                __aeabi_fsub
                0x0000be98                __aeabi_fadd
                0x0000be98                __addsf3
                0x0000bff8                __aeabi_ui2f
                0x0000bff8                __floatunsisf
                0x0000c000                __aeabi_i2f
                0x0000c000                __floatsisf
                0x0000c01c                __floatundisf
                0x0000c01c                __aeabi_ul2f
                0x0000c02c                __floatdisf
                0x0000c02c                __aeabi_l2f
 .text          0x0000c0a8      0x2a0 /usr/bin/../lib/gcc/arm-none-eabi/4.9.3/armv7-m/libgcc.a(_arm_muldivsf3.o)
                0x0000c0a8                __mulsf3
                0x0000c0a8                __aeabi_fmul
                0x0000c210                __divsf3
                0x0000c210                __aeabi_fdiv
 .text          0x0000c348       0x4c /usr/bin/../lib/gcc/arm-none-eabi/4.9.3/armv7-m/libgcc.a(_arm_fixsfsi.o)
                0x0000c348                __fixsfsi
                0x0000c348                __aeabi_f2iz
 .text          0x0000c394       0x30 /usr/bin/../lib/gcc/arm-none-eabi/4.9.3/armv7-m/libgcc.a(_aeabi_uldivmod.o)
                0x0000c394                __aeabi_uldivmod
 .text          0x0000c3c4       0x60 /usr/bin/../lib/gcc/arm-none-eabi/4.9.3/armv7-m/libgcc.a(bpabi.o)
                0x0000c3c4                __gnu_ldivmod_helper
                0x0000c3f4                __gnu_uldivmod_helper
 .text          0x0000c424        0x4 /usr/bin/../lib/gcc/arm-none-eabi/4.9.3/armv7-m/libgcc.a(_dvmd_tls.o)
                0x0000c424                __aeabi_ldiv0
                0x0000c424                __aeabi_idiv0
 .text          0x0000c428      0x2ac /usr/bin/../lib/gcc/arm-none-eabi/4.9.3/armv7-m/libgcc.a(_divdi3.o)
                0x0000c428                __divdi3
 .text          0x0000c6d4      0x270 /usr/bin/../lib/gcc/arm-none-eabi/4.9.3/armv7-m/libgcc.a(_udivdi3.o)
                0x0000c6d4                __udivdi3
 .text.__errno  0x0000c944        0xc /usr/bin/../lib/gcc/arm-none-eabi/4.9.3/../../../../arm-none-eabi/lib/armv7-m/libc.a(lib_a-errno.o)
                0x0000c944                __errno
 .text.memcmp   0x0000c950       0x64 /usr/bin/../lib/gcc/arm-none-eabi/4.9.3/../../../../arm-none-eabi/lib/armv7-m/libc.a(lib_a-memcmp.o)
                0x0000c950                memcmp
 .text          0x0000c9b4       0xec /usr/bin/../lib/gcc/arm-none-eabi/4.9.3/../../../../arm-none-eabi/lib/armv7-m/libc.a(lib_a-memcpy.o)
                0x0000c9b4                memcpy
 .text.memmove  0x0000caa0       0xc8 /usr/bin/../lib/gcc/arm-none-eabi/4.9.3/../../../../arm-none-eabi/lib/armv7-m/libc.a(lib_a-memmove.o)
                0x0000caa0                memmove
 .text.memset   0x0000cb68       0x9c /usr/bin/../lib/gcc/arm-none-eabi/4.9.3/../../../../arm-none-eabi/lib/armv7-m/libc.a(lib_a-memset.o)
                0x0000cb68                memset
 .text.srand    0x0000cc04       0x14 /usr/bin/../lib/gcc/arm-none-eabi/4.9.3/../../../../arm-none-eabi/lib/armv7-m/libc.a(lib_a-rand.o)
                0x0000cc04                srand
 .text.rand     0x0000cc18       0x40 /usr/bin/../lib/gcc/arm-none-eabi/4.9.3/../../../../arm-none-eabi/lib/armv7-m/libc.a(lib_a-rand.o)
                0x0000cc18                rand
 .text.strlen   0x0000cc58       0x5c /usr/bin/../lib/gcc/arm-none-eabi/4.9.3/../../../../arm-none-eabi/lib/armv7-m/libc.a(lib_a-strlen.o)
                0x0000cc58                strlen
 .text.NmiSRHandler
                0x0000ccb4        0x2 obj_srf06-cc26xx/startup_gcc.o
                0x0000ccb4                NmiSR
 .text.IntDefaultHandler
                0x0000ccb6        0x2 obj_srf06-cc26xx/startup_gcc.o
                0x0000ccb6                TRNGIntHandler
                0x0000ccb6                SSI0IntHandler
                0x0000ccb6                SWEvent0IntHandler
                0x0000ccb6                uDMAIntHandler
                0x0000ccb6                WatchdogIntHandler
                0x0000ccb6                RFCHardwareIntHandler
                0x0000ccb6                Timer1BIntHandler
                0x0000ccb6                I2SIntHandler
                0x0000ccb6                Timer2BIntHandler
                0x0000ccb6                Timer2AIntHandler
                0x0000ccb6                Timer1AIntHandler
                0x0000ccb6                AONIntHandler
                0x0000ccb6                AUXSWEvent0IntHandler
                0x0000ccb6                AUXADCIntHandler
                0x0000ccb6                PendSVIntHandler
                0x0000ccb6                AUXSWEvent1IntHandler
                0x0000ccb6                SVCallIntHandler
                0x0000ccb6                MPUFaultIntHandler
                0x0000ccb6                SysTickIntHandler
                0x0000ccb6                BusFaultIntHandler
                0x0000ccb6                AONProgIntHandler
                0x0000ccb6                AUXCompAIntHandler
                0x0000ccb6                SSI1IntHandler
                0x0000ccb6                FlashIntHandler
                0x0000ccb6                uDMAErrIntHandler
                0x0000ccb6                UsageFaultIntHandler
                0x0000ccb6                RFCCmdAckIntHandler
                0x0000ccb6                CryptoIntHandler
                0x0000ccb6                Timer0AIntHandler
                0x0000ccb6                I2CIntHandler
                0x0000ccb6                DebugMonIntHandler
                0x0000ccb6                Timer0BIntHandler
                0x0000ccb6                AUXCombEventIntHandler
                0x0000ccb6                Timer3AIntHandler
                0x0000ccb6                DynProgIntHandler
                0x0000ccb6                Timer3BIntHandler
 .text.coap_parse_int_option
                0x0000ccb8       0x16 contiki-srf06-cc26xx.a(er-coap.o)
 .text.coap_merge_multi_option
                0x0000ccce       0x32 contiki-srf06-cc26xx.a(er-coap.o)
 .text.coap_set_option_header
                0x0000cd00       0x76 contiki-srf06-cc26xx.a(er-coap.o)
 .text.coap_serialize_int_option
                0x0000cd76       0x60 contiki-srf06-cc26xx.a(er-coap.o)
 .text.coap_serialize_array_option.part.0
                0x0000cdd6       0x20 contiki-srf06-cc26xx.a(er-coap.o)
 .text.coap_serialize_array_option
                0x0000cdf6       0x76 contiki-srf06-cc26xx.a(er-coap.o)
 .text.coap_init_message
                0x0000ce6c       0x1a contiki-srf06-cc26xx.a(er-coap.o)
                0x0000ce6c                coap_init_message
 .text.coap_set_status_code
                0x0000ce86        0xc contiki-srf06-cc26xx.a(er-coap.o)
                0x0000ce86                coap_set_status_code
 .text.coap_set_token
                0x0000ce92       0x16 contiki-srf06-cc26xx.a(er-coap.o)
                0x0000ce92                coap_set_token
 .text.coap_set_header_content_format
                0x0000cea8        0xe contiki-srf06-cc26xx.a(er-coap.o)
                0x0000cea8                coap_set_header_content_format
 .text.coap_set_header_uri_path
                0x0000ceb6       0x20 contiki-srf06-cc26xx.a(er-coap.o)
                0x0000ceb6                coap_set_header_uri_path
 .text.coap_get_header_observe
                0x0000ced6       0x18 contiki-srf06-cc26xx.a(er-coap.o)
                0x0000ced6                coap_get_header_observe
 .text.coap_get_header_block2
                0x0000ceee       0x32 contiki-srf06-cc26xx.a(er-coap.o)
                0x0000ceee                coap_get_header_block2
 .text.coap_set_header_block2
                0x0000cf20       0x32 contiki-srf06-cc26xx.a(er-coap.o)
                0x0000cf20                coap_set_header_block2
 .text.coap_get_payload
                0x0000cf52       0x12 contiki-srf06-cc26xx.a(er-coap.o)
                0x0000cf52                coap_get_payload
 .text.coap_set_payload
                0x0000cf64       0x12 contiki-srf06-cc26xx.a(er-coap.o)
                0x0000cf64                coap_set_payload
 .text.coap_blocking_request_callback
                0x0000cf76        0x8 contiki-srf06-cc26xx.a(er-coap-engine.)
                0x0000cf76                coap_blocking_request_callback
 .text.fade     0x0000cf7e       0x54 contiki-srf06-cc26xx.a(contiki-main.o)
 .text.select_on_bus
                0x0000cfd2        0x8 contiki-srf06-cc26xx.a(bmp-280-sensor.)
 .text.status_right
                0x0000cfda       0x10 contiki-srf06-cc26xx.a(button-sensor.o)
 .text.config_left
                0x0000cfea        0xc contiki-srf06-cc26xx.a(button-sensor.o)
 .text.config_right
                0x0000cff6        0xc contiki-srf06-cc26xx.a(button-sensor.o)
 .text.status_left
                0x0000d002       0x10 contiki-srf06-cc26xx.a(button-sensor.o)
 .text.lpm_wakeup_handler
                0x0000d012        0x4 contiki-srf06-cc26xx.a(board.o)
 .text.clock_update
                0x0000d016       0x16 contiki-srf06-cc26xx.a(clock.o)
                0x0000d016                clock_update
 .text.rtimer_arch_init
                0x0000d02c        0x2 contiki-srf06-cc26xx.a(rtimer-arch.o)
                0x0000d02c                rtimer_arch_init
 .text.rtimer_arch_schedule
                0x0000d02e        0x8 contiki-srf06-cc26xx.a(rtimer-arch.o)
                0x0000d02e                rtimer_arch_schedule
 .text.rtimer_arch_now
                0x0000d036        0x4 contiki-srf06-cc26xx.a(rtimer-arch.o)
                0x0000d036                rtimer_arch_now
 .text.putchar  0x0000d03a        0xe contiki-srf06-cc26xx.a(putchar.o)
                0x0000d03a                putchar
 .text.puts     0x0000d048       0x2c contiki-srf06-cc26xx.a(putchar.o)
                0x0000d048                puts
 .text.dbg_send_bytes
                0x0000d074       0x28 contiki-srf06-cc26xx.a(putchar.o)
                0x0000d074                dbg_send_bytes
 .text.IntMasterEnable
                0x0000d09c        0xe contiki-srf06-cc26xx.a(lpm.o)
 .text.oscillators_select_lf_rcosc
                0x0000d0aa       0x30 contiki-srf06-cc26xx.a(oscillators.o)
                0x0000d0aa                oscillators_select_lf_rcosc
 .text.oscillators_request_hf_xosc
                0x0000d0da       0x24 contiki-srf06-cc26xx.a(oscillators.o)
                0x0000d0da                oscillators_request_hf_xosc
 .text.request  0x0000d0fe       0x10 contiki-srf06-cc26xx.a(ieee-mode.o)
 .text.soft_on  0x0000d10e       0x16 contiki-srf06-cc26xx.a(ieee-mode.o)
 .text.transmitting
                0x0000d124       0x3e contiki-srf06-cc26xx.a(ieee-mode.o)
 .text.get_cca_info.part.3
                0x0000d162       0x30 contiki-srf06-cc26xx.a(ieee-mode.o)
 .text.send     0x0000d192       0x12 contiki-srf06-cc26xx.a(ieee-mode.o)
 .text.channel_clear
                0x0000d1a4       0x54 contiki-srf06-cc26xx.a(ieee-mode.o)
 .text.receiving_packet
                0x0000d1f8       0x3a contiki-srf06-cc26xx.a(ieee-mode.o)
 .text.write_str
                0x0000d232       0x10 contiki-srf06-cc26xx.a(dbg-printf.o)
 .text.buffer_str
                0x0000d242       0x28 contiki-srf06-cc26xx.a(dbg-snprintf.o)
 .text.snprintf
                0x0000d26a       0x1a contiki-srf06-cc26xx.a(dbg-snprintf.o)
                0x0000d26a                snprintf
 .text.autostart_start
                0x0000d284       0x14 contiki-srf06-cc26xx.a(autostart.o)
                0x0000d284                autostart_start
 .text.energest_init
                0x0000d298        0x2 contiki-srf06-cc26xx.a(energest.o)
                0x0000d298                energest_init
 .text.etimer_set
                0x0000d29a       0x12 contiki-srf06-cc26xx.a(etimer.o)
                0x0000d29a                etimer_set
 .text.etimer_reset
                0x0000d2ac       0x12 contiki-srf06-cc26xx.a(etimer.o)
                0x0000d2ac                etimer_reset
 .text.etimer_restart
                0x0000d2be       0x12 contiki-srf06-cc26xx.a(etimer.o)
                0x0000d2be                etimer_restart
 .text.etimer_expired
                0x0000d2d0        0xa contiki-srf06-cc26xx.a(etimer.o)
                0x0000d2d0                etimer_expired
 .text.etimer_expiration_time
                0x0000d2da        0x6 contiki-srf06-cc26xx.a(etimer.o)
                0x0000d2da                etimer_expiration_time
 .text.call_process
                0x0000d2e0        0xc contiki-srf06-cc26xx.a(process.o)
 .text.rtimer_init
                0x0000d2ec        0x4 contiki-srf06-cc26xx.a(rtimer.o)
                0x0000d2ec                rtimer_init
 .text.timer_set
                0x0000d2f0        0xe contiki-srf06-cc26xx.a(timer.o)
                0x0000d2f0                timer_set
 .text.timer_reset
                0x0000d2fe        0xa contiki-srf06-cc26xx.a(timer.o)
                0x0000d2fe                timer_reset
 .text.timer_restart
                0x0000d308        0xc contiki-srf06-cc26xx.a(timer.o)
                0x0000d308                timer_restart
 .text.timer_expired
                0x0000d314       0x1c contiki-srf06-cc26xx.a(timer.o)
                0x0000d314                timer_expired
 .text.list_init
                0x0000d330        0x6 contiki-srf06-cc26xx.a(list.o)
                0x0000d330                list_init
 .text.list_head
                0x0000d336        0x4 contiki-srf06-cc26xx.a(list.o)
                0x0000d336                list_head
 .text.list_tail
                0x0000d33a       0x10 contiki-srf06-cc26xx.a(list.o)
                0x0000d33a                list_tail
 .text.list_remove
                0x0000d34a       0x28 contiki-srf06-cc26xx.a(list.o)
                0x0000d34a                list_remove
 .text.list_add
                0x0000d372       0x1e contiki-srf06-cc26xx.a(list.o)
                0x0000d372                list_add
 .text.list_push
                0x0000d390       0x12 contiki-srf06-cc26xx.a(list.o)
                0x0000d390                list_push
 .text.list_length
                0x0000d3a2        0xe contiki-srf06-cc26xx.a(list.o)
                0x0000d3a2                list_length
 .text.list_item_next
                0x0000d3b0        0x6 contiki-srf06-cc26xx.a(list.o)
                0x0000d3b0                list_item_next
 .text.memb_init
                0x0000d3b6       0x20 contiki-srf06-cc26xx.a(memb.o)
                0x0000d3b6                memb_init
 .text.memb_alloc
                0x0000d3d6       0x28 contiki-srf06-cc26xx.a(memb.o)
                0x0000d3d6                memb_alloc
 .text.memb_free
                0x0000d3fe       0x2c contiki-srf06-cc26xx.a(memb.o)
                0x0000d3fe                memb_free
 .text.memb_inmemb
                0x0000d42a       0x1c contiki-srf06-cc26xx.a(memb.o)
                0x0000d42a                memb_inmemb
 .text.memb_numfree
                0x0000d446       0x1c contiki-srf06-cc26xx.a(memb.o)
                0x0000d446                memb_numfree
 .text.random_init
                0x0000d462        0x4 contiki-srf06-cc26xx.a(random.o)
                0x0000d462                random_init
 .text.random_rand
                0x0000d466        0xa contiki-srf06-cc26xx.a(random.o)
                0x0000d466                random_rand
 .text.ringbuf_init
                0x0000d470        0xe contiki-srf06-cc26xx.a(ringbuf.o)
                0x0000d470                ringbuf_init
 .text.ringbuf_get
                0x0000d47e       0x20 contiki-srf06-cc26xx.a(ringbuf.o)
                0x0000d47e                ringbuf_get
 .text.chksum   0x0000d49e       0x38 contiki-srf06-cc26xx.a(uip6.o)
 .text.uip_icmp6chksum
                0x0000d4d6        0x6 contiki-srf06-cc26xx.a(uip6.o)
                0x0000d4d6                uip_icmp6chksum
 .text.uip_udpchksum
                0x0000d4dc        0x6 contiki-srf06-cc26xx.a(uip6.o)
                0x0000d4dc                uip_udpchksum
 .text.uip_htonl
                0x0000d4e2       0x14 contiki-srf06-cc26xx.a(uip6.o)
                0x0000d4e2                uip_htonl
 .text.uip_ds6_list_loop
                0x0000d4f6       0x48 contiki-srf06-cc26xx.a(uip-ds6.o)
                0x0000d4f6                uip_ds6_list_loop
 .text.uip_ds6_maddr_rm
                0x0000d53e        0x8 contiki-srf06-cc26xx.a(uip-ds6.o)
                0x0000d53e                uip_ds6_maddr_rm
 .text.uip_ds6_set_addr_iid
                0x0000d546       0x12 contiki-srf06-cc26xx.a(uip-ds6.o)
                0x0000d546                uip_ds6_set_addr_iid
 .text.get_match_length
                0x0000d558       0x3a contiki-srf06-cc26xx.a(uip-ds6.o)
                0x0000d558                get_match_length
 .text.uip_ds6_nbr_ipaddr_from_lladdr
                0x0000d592        0x4 contiki-srf06-cc26xx.a(uip-ds6-nbr.o)
                0x0000d592                uip_ds6_nbr_ipaddr_from_lladdr
 .text.uip_ds6_nbr_lladdr_from_ipaddr
                0x0000d596       0x12 contiki-srf06-cc26xx.a(uip-ds6-nbr.o)
                0x0000d596                uip_ds6_nbr_lladdr_from_ipaddr
 .text.uip_ds6_route_next
                0x0000d5a8        0x8 contiki-srf06-cc26xx.a(uip-ds6-route.o)
                0x0000d5a8                uip_ds6_route_next
 .text.rm_routelist_callback
                0x0000d5b0        0x4 contiki-srf06-cc26xx.a(uip-ds6-route.o)
 .text.uip_nd6_init
                0x0000d5b4        0x2 contiki-srf06-cc26xx.a(uip-nd6.o)
                0x0000d5b4                uip_nd6_init
 .text.rpl_remove_routes
                0x0000d5b6       0x1e contiki-srf06-cc26xx.a(rpl.o)
                0x0000d5b6                rpl_remove_routes
 .text.rpl_remove_routes_by_nexthop
                0x0000d5d4       0x36 contiki-srf06-cc26xx.a(rpl.o)
                0x0000d5d4                rpl_remove_routes_by_nexthop
 .text.rpl_add_route
                0x0000d60a       0x28 contiki-srf06-cc26xx.a(rpl.o)
                0x0000d60a                rpl_add_route
 .text.lollipop_greater_than
                0x0000d632       0x34 contiki-srf06-cc26xx.a(rpl-dag.o)
 .text.check_prefix
                0x0000d666       0x58 contiki-srf06-cc26xx.a(rpl-dag.o)
 .text.rpl_set_prefix
                0x0000d6be       0x6c contiki-srf06-cc26xx.a(rpl-dag.o)
                0x0000d6be                rpl_set_prefix
 .text.rpl_set_default_route
                0x0000d72a       0x38 contiki-srf06-cc26xx.a(rpl-dag.o)
                0x0000d72a                rpl_set_default_route
 .text.rpl_find_parent
                0x0000d762       0x16 contiki-srf06-cc26xx.a(rpl-dag.o)
                0x0000d762                rpl_find_parent
 .text.rpl_find_parent_any_dag
                0x0000d778       0x1e contiki-srf06-cc26xx.a(rpl-dag.o)
                0x0000d778                rpl_find_parent_any_dag
 .text.rpl_select_dag
                0x0000d796      0x152 contiki-srf06-cc26xx.a(rpl-dag.o)
                0x0000d796                rpl_select_dag
 .text.rpl_nullify_parent
                0x0000d8e8       0x48 contiki-srf06-cc26xx.a(rpl-dag.o)
                0x0000d8e8                rpl_nullify_parent
 .text.nbr_callback
                0x0000d930        0x4 contiki-srf06-cc26xx.a(rpl-dag.o)
 .text.rpl_free_dag
                0x0000d934       0x2e contiki-srf06-cc26xx.a(rpl-dag.o)
                0x0000d934                rpl_free_dag
 .text.rpl_move_parent
                0x0000d962       0x48 contiki-srf06-cc26xx.a(rpl-dag.o)
                0x0000d962                rpl_move_parent
 .text.rpl_repair_root
                0x0000d9aa       0x48 contiki-srf06-cc26xx.a(rpl-dag.o)
                0x0000d9aa                rpl_repair_root
 .text.rpl_alloc_dag
                0x0000d9f2       0x48 contiki-srf06-cc26xx.a(rpl-dag.o)
                0x0000d9f2                rpl_alloc_dag
 .text.rpl_process_parent_event
                0x0000da3a       0x60 contiki-srf06-cc26xx.a(rpl-dag.o)
                0x0000da3a                rpl_process_parent_event
 .text.rpl_add_dag
                0x0000da9a      0x10c contiki-srf06-cc26xx.a(rpl-dag.o)
                0x0000da9a                rpl_add_dag
 .text.rpl_process_dio
                0x0000dba6      0x2bc contiki-srf06-cc26xx.a(rpl-dag.o)
                0x0000dba6                rpl_process_dio
 .text.get32    0x0000de62       0x18 contiki-srf06-cc26xx.a(rpl-icmp6.o)
 .text.set32    0x0000de7a       0x12 contiki-srf06-cc26xx.a(rpl-icmp6.o)
 .text.get16    0x0000de8c        0xc contiki-srf06-cc26xx.a(rpl-icmp6.o)
 .text.set16    0x0000de98        0xa contiki-srf06-cc26xx.a(rpl-icmp6.o)
 .text.reset    0x0000dea2        0x2 contiki-srf06-cc26xx.a(rpl-mrhof.o)
 .text.update_metric_container
                0x0000dea4        0x6 contiki-srf06-cc26xx.a(rpl-mrhof.o)
 .text.calculate_rank
                0x0000deaa       0x34 contiki-srf06-cc26xx.a(rpl-mrhof.o)
 .text.neighbor_link_callback
                0x0000dede       0x46 contiki-srf06-cc26xx.a(rpl-mrhof.o)
 .text.best_dag
                0x0000df24       0x2c contiki-srf06-cc26xx.a(rpl-mrhof.o)
 .text.best_parent
                0x0000df50       0x5a contiki-srf06-cc26xx.a(rpl-mrhof.o)
 .text.handle_unicast_dio_timer
                0x0000dfaa       0x1c contiki-srf06-cc26xx.a(rpl-timers.o)
 .text.rpl_reset_dio_timer
                0x0000dfc6       0x1c contiki-srf06-cc26xx.a(rpl-timers.o)
                0x0000dfc6                rpl_reset_dio_timer
 .text.rpl_schedule_dao
                0x0000dfe2        0x8 contiki-srf06-cc26xx.a(rpl-timers.o)
                0x0000dfe2                rpl_schedule_dao
 .text.NOROM_CPUcpsid
                0x0000dfea        0x8 contiki-srf06-cc26xx.a(cpu.o)
                0x0000dfea                NOROM_CPUcpsid
 .text.NOROM_CPUcpsie
                0x0000dff2        0x8 contiki-srf06-cc26xx.a(cpu.o)
                0x0000dff2                NOROM_CPUcpsie
 .text.NOROM_CPUdelay
                0x0000dffa        0x8 contiki-srf06-cc26xx.a(cpu.o)
                0x0000dffa                NOROM_CPUdelay
 .text.linkaddr_copy
                0x0000e002        0xa contiki-srf06-cc26xx.a(linkaddr.o)
                0x0000e002                linkaddr_copy
 .text.linkaddr_cmp
                0x0000e00c       0x10 contiki-srf06-cc26xx.a(linkaddr.o)
                0x0000e00c                linkaddr_cmp
 .text.nbr_set_bit
                0x0000e01c       0x38 contiki-srf06-cc26xx.a(nbr-table.o)
 .text.item_from_key
                0x0000e054       0x22 contiki-srf06-cc26xx.a(nbr-table.o)
 .text.nbr_table_next
                0x0000e076       0x2e contiki-srf06-cc26xx.a(nbr-table.o)
                0x0000e076                nbr_table_next
 .text.nbr_table_get_from_lladdr
                0x0000e0a4       0x32 contiki-srf06-cc26xx.a(nbr-table.o)
                0x0000e0a4                nbr_table_get_from_lladdr
 .text.nbr_table_get_lladdr
                0x0000e0d6        0xc contiki-srf06-cc26xx.a(nbr-table.o)
                0x0000e0d6                nbr_table_get_lladdr
 .text.parse    0x0000e0e2       0x94 contiki-srf06-cc26xx.a(framer-802154.o)
 .text.create   0x0000e176        0x6 contiki-srf06-cc26xx.a(framer-802154.o)
 .text.hdr_length
                0x0000e17c        0x6 contiki-srf06-cc26xx.a(framer-802154.o)
 .text.channel_check_interval
                0x0000e182        0x4 contiki-srf06-cc26xx.a(nullmac.o)
 .text.init     0x0000e186        0x2 contiki-srf06-cc26xx.a(nullmac.o)
 .text.channel_check_interval
                0x0000e188        0x4 contiki-srf06-cc26xx.a(nullrdc.o)
 .text.init     0x0000e18c        0x4 contiki-srf06-cc26xx.a(nullrdc.o)
 .text.send_list
                0x0000e190       0x20 contiki-srf06-cc26xx.a(nullrdc.o)
 .text.send_packet
                0x0000e1b0        0x4 contiki-srf06-cc26xx.a(nullrdc.o)
 .text.init     0x0000e1b4        0x2 contiki-srf06-cc26xx.a(nullsec.o)
 .text.sensor_common_read_reg
                0x0000e1b6       0x1a contiki-srf06-cc26xx.a(sensor-common.o)
                0x0000e1b6                sensor_common_read_reg
 .text.sensor_common_set_error_data
                0x0000e1d0        0xe contiki-srf06-cc26xx.a(sensor-common.o)
                0x0000e1d0                sensor_common_set_error_data
 .text.ext_flash_init
                0x0000e1de        0xe contiki-srf06-cc26xx.a(ext-flash.o)
                0x0000e1de                ext_flash_init
 .text.IntMasterEnable
                0x0000e1ec        0xe contiki-srf06-cc26xx.a(rf-core.o)
 .text.rf_core_init_radio_op
                0x0000e1fa       0x1e contiki-srf06-cc26xx.a(rf-core.o)
                0x0000e1fa                rf_core_init_radio_op
 .text.rf_core_boot
                0x0000e218       0x1c contiki-srf06-cc26xx.a(rf-core.o)
                0x0000e218                rf_core_boot
 .text.stimer_set
                0x0000e234        0xe contiki-srf06-cc26xx.a(stimer.o)
                0x0000e234                stimer_set
 .text.ThisCodeIsBuiltForCC26xxHwRev22AndLater_HaltIfViolated
                0x0000e242       0x14 contiki-srf06-cc26xx.a(chipinfo.o)
                0x0000e242                ThisCodeIsBuiltForCC26xxHwRev22AndLater_HaltIfViolated
 .text.frame802154_has_panid
                0x0000e256       0x4c contiki-srf06-cc26xx.a(frame802154.o)
                0x0000e256                frame802154_has_panid
 .text.field_len
                0x0000e2a2       0x84 contiki-srf06-cc26xx.a(frame802154.o)
 .text.frame802154_is_broadcast_addr
                0x0000e326       0x1e contiki-srf06-cc26xx.a(frame802154.o)
                0x0000e326                frame802154_is_broadcast_addr
 .text.frame802154_hdrlen
                0x0000e344       0x32 contiki-srf06-cc26xx.a(frame802154.o)
                0x0000e344                frame802154_hdrlen
 .text.frame802154_create
                0x0000e376       0xe6 contiki-srf06-cc26xx.a(frame802154.o)
                0x0000e376                frame802154_create
 .text.mac_call_sent_callback
                0x0000e45c       0x16 contiki-srf06-cc26xx.a(mac.o)
                0x0000e45c                mac_call_sent_callback
 *(SORT(.rodata*))
 *fill*         0x0000e472        0x6 00000000
 .rodata.dp_h   0x0000e478       0x10 /usr/bin/../lib/gcc/arm-none-eabi/4.9.3/../../../../arm-none-eabi/lib/armv7-m/libm.a(lib_a-e_pow.o)
 .rodata.dp_l   0x0000e488       0x10 /usr/bin/../lib/gcc/arm-none-eabi/4.9.3/../../../../arm-none-eabi/lib/armv7-m/libm.a(lib_a-e_pow.o)
 .rodata.bp     0x0000e498       0x10 /usr/bin/../lib/gcc/arm-none-eabi/4.9.3/../../../../arm-none-eabi/lib/armv7-m/libm.a(lib_a-e_pow.o)
 .rodata.TWO52  0x0000e4a8       0x10 /usr/bin/../lib/gcc/arm-none-eabi/4.9.3/../../../../arm-none-eabi/lib/armv7-m/libm.a(lib_a-s_rint.o)
 .rodata.autostart_processes
                0x0000e4b8        0x8 er-example-client.co
                0x0000e4b8                autostart_processes
 .rodata.bmp_280_sensor
                0x0000e4c0       0x10 contiki-srf06-cc26xx.a(bmp-280-sensor.)
                0x0000e4c0                bmp_280_sensor
 .rodata.tmp_007_sensor
                0x0000e4d0       0x10 contiki-srf06-cc26xx.a(tmp-007-sensor.)
                0x0000e4d0                tmp_007_sensor
 .rodata.opt_3001_sensor
                0x0000e4e0       0x10 contiki-srf06-cc26xx.a(opt-3001-sensor)
                0x0000e4e0                opt_3001_sensor
 .rodata.hdc_1000_sensor
                0x0000e4f0       0x10 contiki-srf06-cc26xx.a(hdc-1000-sensor)
                0x0000e4f0                hdc_1000_sensor
 .rodata.mpu_9250_sensor
                0x0000e500       0x10 contiki-srf06-cc26xx.a(mpu-9250-sensor)
                0x0000e500                mpu_9250_sensor
 .rodata.button_left_sensor
                0x0000e510       0x10 contiki-srf06-cc26xx.a(button-sensor.o)
                0x0000e510                button_left_sensor
 .rodata.button_right_sensor
                0x0000e520       0x10 contiki-srf06-cc26xx.a(button-sensor.o)
                0x0000e520                button_right_sensor
 .rodata.reed_relay_sensor
                0x0000e530       0x10 contiki-srf06-cc26xx.a(reed-relay.o)
                0x0000e530                reed_relay_sensor
 .rodata.output_power
                0x0000e540       0x68 contiki-srf06-cc26xx.a(ieee-mode.o)
 .rodata.ieee_mode_driver
                0x0000e5a8       0x38 contiki-srf06-cc26xx.a(ieee-mode.o)
                0x0000e5a8                ieee_mode_driver
 .rodata.mode_ieee
                0x0000e5e0        0x8 contiki-srf06-cc26xx.a(ieee-mode.o)
 .rodata.sicslowpan_driver
                0x0000e5e8        0xc contiki-srf06-cc26xx.a(sicslowpan.o)
                0x0000e5e8                sicslowpan_driver
 .rodata.framer_802154
                0x0000e5f4        0xc contiki-srf06-cc26xx.a(framer-802154.o)
                0x0000e5f4                framer_802154
 .rodata.nullmac_driver
                0x0000e600       0x1c contiki-srf06-cc26xx.a(nullmac.o)
                0x0000e600                nullmac_driver
 .rodata.nullrdc_driver
                0x0000e61c       0x20 contiki-srf06-cc26xx.a(nullrdc.o)
                0x0000e61c                nullrdc_driver
 .rodata.nullsec_driver
                0x0000e63c       0x10 contiki-srf06-cc26xx.a(nullsec.o)
                0x0000e63c                nullsec_driver
 .rodata.str1.4
                0x0000e64c        0x4 /usr/bin/../lib/gcc/arm-none-eabi/4.9.3/../../../../arm-none-eabi/lib/armv7-m/libm.a(lib_a-w_pow.o)
 .rodata.str1.4
                0x0000e650        0x1 /usr/bin/../lib/gcc/arm-none-eabi/4.9.3/../../../../arm-none-eabi/lib/armv7-m/libm.a(lib_a-e_pow.o)
 *fill*         0x0000e651        0x3 00000000
 .rodata.str1.4
                0x0000e654        0x4 /usr/bin/../lib/gcc/arm-none-eabi/4.9.3/../../../../arm-none-eabi/lib/armv7-m/libc.a(lib_a-impure.o)
                                  0x2 (size before relaxing)
 .rodata.str1.1
                0x0000e658       0xab er-example-client.co
 .rodata.str1.1
                0x0000e703       0xae contiki-srf06-cc26xx.a(er-coap.o)
                                 0xaf (size before relaxing)
 .rodata.str1.1
                0x0000e7b1       0x55 contiki-srf06-cc26xx.a(er-coap-engine.)
                                 0x66 (size before relaxing)
 .rodata.str1.1
                0x0000e806        0x9 contiki-srf06-cc26xx.a(er-coap-res-wel)
                                 0x19 (size before relaxing)
 .rodata.str1.1
                0x0000e80f      0x24f contiki-srf06-cc26xx.a(er-coap-observe)
 .rodata.str1.1
                0x0000ea5e       0x97 contiki-srf06-cc26xx.a(contiki-main.o)
                                 0x9a (size before relaxing)
 .rodata.str1.1
                0x0000eaf5        0x8 contiki-srf06-cc26xx.a(sensors.o)
 .rodata.str1.1
                0x0000eafd        0x7 contiki-srf06-cc26xx.a(bmp-280-sensor.)
 .rodata.str1.1
                0x0000eb04        0x7 contiki-srf06-cc26xx.a(tmp-007-sensor.)
 .rodata.str1.1
                0x0000eb0b        0x8 contiki-srf06-cc26xx.a(opt-3001-sensor)
 .rodata.str1.1
                0x0000eb13        0x8 contiki-srf06-cc26xx.a(hdc-1000-sensor)
 .rodata.str1.1
                0x0000eb1b        0x8 contiki-srf06-cc26xx.a(mpu-9250-sensor)
 .rodata.str1.1
                0x0000eb23        0x7 contiki-srf06-cc26xx.a(button-sensor.o)
 .rodata.str1.1
                0x0000eb2a        0x5 contiki-srf06-cc26xx.a(reed-relay.o)
 .rodata.str1.1
                0x0000eb2f       0x33 contiki-srf06-cc26xx.a(strformat.o)
                                 0x37 (size before relaxing)
 .rodata.buffer.4019
                0x0000eb62       0x10 contiki-srf06-cc26xx.a(strformat.o)
 .rodata.buffer.4028
                0x0000eb72       0x10 contiki-srf06-cc26xx.a(strformat.o)
 .rodata.str1.1
                0x0000eb82        0xf contiki-srf06-cc26xx.a(ctimer.o)
 .rodata.str1.1
                0x0000eb91        0xc contiki-srf06-cc26xx.a(etimer.o)
 .rodata.str1.1
                0x0000eb9d        0xe contiki-srf06-cc26xx.a(serial-line.o)
 .rodata        0x0000ebab        0x2 contiki-srf06-cc26xx.a(sicslowpan.o)
 .rodata.ttl_values
                0x0000ebad        0x4 contiki-srf06-cc26xx.a(sicslowpan.o)
 .rodata.unc_llconf
                0x0000ebb1        0x4 contiki-srf06-cc26xx.a(sicslowpan.o)
                0x0000ebb1                unc_llconf
 .rodata.llprefix
                0x0000ebb5        0x2 contiki-srf06-cc26xx.a(sicslowpan.o)
                0x0000ebb5                llprefix
 .rodata.unc_mxconf
                0x0000ebb7        0x4 contiki-srf06-cc26xx.a(sicslowpan.o)
                0x0000ebb7                unc_mxconf
 .rodata.str1.1
                0x0000ebbb        0xb contiki-srf06-cc26xx.a(sicslowpan.o)
 .rodata.unc_ctxconf
                0x0000ebc6        0x4 contiki-srf06-cc26xx.a(sicslowpan.o)
                0x0000ebc6                unc_ctxconf
 .rodata.str1.1
                0x0000ebca        0xd contiki-srf06-cc26xx.a(tcpip.o)
 .rodata.str1.1
                0x0000ebd7       0x3c contiki-srf06-cc26xx.a(uip-debug.o)
 .rodata.linkaddr_null
                0x0000ec13        0x8 contiki-srf06-cc26xx.a(linkaddr.o)
                0x0000ec13                linkaddr_null
 .rodata.str1.1
                0x0000ec1b        0x8 contiki-srf06-cc26xx.a(nullmac.o)
 .rodata.str1.1
                0x0000ec23        0x8 contiki-srf06-cc26xx.a(nullrdc.o)
 .rodata.str1.1
                0x0000ec2b        0x8 contiki-srf06-cc26xx.a(nullsec.o)
 .rodata        0x0000ec33        0x4 contiki-srf06-cc26xx.a(ext-flash.o)
 .rodata.str1.1
                0x0000ec37       0x44 contiki-srf06-cc26xx.a(rf-core.o)
                0x0000ec7b                _etext = .

.glue_7         0x0000ec7c        0x0
 .glue_7        0x00000000        0x0 linker stubs

.glue_7t        0x0000ec7c        0x0
 .glue_7t       0x00000000        0x0 linker stubs

.vfp11_veneer   0x0000ec7c        0x0
 .vfp11_veneer  0x00000000        0x0 linker stubs

.v4_bx          0x0000ec7c        0x0
 .v4_bx         0x00000000        0x0 linker stubs

.iplt           0x0000ec7c        0x0
 .iplt          0x00000000        0x0 obj_srf06-cc26xx/startup_gcc.o

.data           0x20000000      0x695 load address 0x0000ec7b
                0x20000000                _data = .
 *(SORT(vtable))
 *(SORT(.data*))
 .data.impure_data
                0x20000000      0x428 /usr/bin/../lib/gcc/arm-none-eabi/4.9.3/../../../../arm-none-eabi/lib/armv7-m/libc.a(lib_a-impure.o)
 .data.service_urls
                0x20000428       0x10 er-example-client.co
                0x20000428                service_urls
 .data.er_example_client
                0x20000438       0x10 er-example-client.co
                0x20000438                er_example_client
 .data.coap_error_message
                0x20000448        0x4 contiki-srf06-cc26xx.a(er-coap.o)