Archive member included because of file (symbol)

contiki-srf06-cc26xx.a(contiki-main.o)
                              obj_srf06-cc26xx/startup_gcc.o (main)
contiki-srf06-cc26xx.a(sensors.o)
                              light-sample.co (sensors_event)
contiki-srf06-cc26xx.a(leds.o)
                              contiki-srf06-cc26xx.a(contiki-main.o) (leds_init)
contiki-srf06-cc26xx.a(leds-arch.o)
                              contiki-srf06-cc26xx.a(leds.o) (leds_arch_init)
contiki-srf06-cc26xx.a(sensortag-senso)
                              contiki-srf06-cc26xx.a(sensors.o) (sensors_flags)
contiki-srf06-cc26xx.a(bmp-280-sensor.)
                              contiki-srf06-cc26xx.a(sensortag-senso) (bmp_280_sensor)
contiki-srf06-cc26xx.a(tmp-007-sensor.)
                              contiki-srf06-cc26xx.a(sensortag-senso) (tmp_007_sensor)
contiki-srf06-cc26xx.a(opt-3001-sensor)
                              light-sample.co (opt_3001_sensor)
contiki-srf06-cc26xx.a(hdc-1000-sensor)
                              contiki-srf06-cc26xx.a(sensortag-senso) (hdc_1000_sensor)
contiki-srf06-cc26xx.a(mpu-9250-sensor)
                              contiki-srf06-cc26xx.a(sensortag-senso) (mpu_9250_sensor)
contiki-srf06-cc26xx.a(button-sensor.o)
                              contiki-srf06-cc26xx.a(sensortag-senso) (button_right_sensor)
contiki-srf06-cc26xx.a(reed-relay.o)
                              contiki-srf06-cc26xx.a(sensortag-senso) (reed_relay_sensor)
contiki-srf06-cc26xx.a(board.o)
                              contiki-srf06-cc26xx.a(contiki-main.o) (board_init)
contiki-srf06-cc26xx.a(board-i2c.o)
                              contiki-srf06-cc26xx.a(board.o) (board_i2c_wakeup)
contiki-srf06-cc26xx.a(clock.o)
                              contiki-srf06-cc26xx.a(contiki-main.o) (clock_init)
contiki-srf06-cc26xx.a(rtimer-arch.o)
                              contiki-srf06-cc26xx.a(mpu-9250-sensor) (rtimer_arch_now)
contiki-srf06-cc26xx.a(soc-rtc.o)
                              contiki-srf06-cc26xx.a(contiki-main.o) (soc_rtc_init)
contiki-srf06-cc26xx.a(contiki-watchdo)
                              contiki-srf06-cc26xx.a(contiki-main.o) (watchdog_init)
contiki-srf06-cc26xx.a(putchar.o)
                              contiki-srf06-cc26xx.a(contiki-main.o) (putchar)
contiki-srf06-cc26xx.a(ieee-addr.o)
                              contiki-srf06-cc26xx.a(contiki-main.o) (ieee_addr_cpy_to)
contiki-srf06-cc26xx.a(cc26xx-uart.o)
                              contiki-srf06-cc26xx.a(contiki-main.o) (cc26xx_uart_init)
contiki-srf06-cc26xx.a(lpm.o)
                              contiki-srf06-cc26xx.a(button-sensor.o) (lpm_shutdown)
contiki-srf06-cc26xx.a(gpio-interrupt.)
                              contiki-srf06-cc26xx.a(button-sensor.o) (gpio_interrupt_register_handler)
contiki-srf06-cc26xx.a(oscillators.o)
                              contiki-srf06-cc26xx.a(contiki-main.o) (oscillators_select_lf_xosc)
contiki-srf06-cc26xx.a(ieee-mode.o)
                              contiki-srf06-cc26xx.a(contiki-main.o) (ieee_mode_driver)
contiki-srf06-cc26xx.a(dbg-printf.o)
                              light-sample.co (printf)
contiki-srf06-cc26xx.a(dbg-sprintf.o)
                              light-sample.co (sprintf)
contiki-srf06-cc26xx.a(strformat.o)
                              contiki-srf06-cc26xx.a(dbg-printf.o) (format_str_v)
contiki-srf06-cc26xx.a(autostart.o)
                              contiki-srf06-cc26xx.a(contiki-main.o) (autostart_start)
contiki-srf06-cc26xx.a(ctimer.o)
                              contiki-srf06-cc26xx.a(contiki-main.o) (ctimer_init)
contiki-srf06-cc26xx.a(energest.o)
                              contiki-srf06-cc26xx.a(contiki-main.o) (energest_init)
contiki-srf06-cc26xx.a(etimer.o)
                              contiki-srf06-cc26xx.a(clock.o) (etimer_request_poll)
contiki-srf06-cc26xx.a(process.o)
                              contiki-srf06-cc26xx.a(sensors.o) (process_alloc_event)
contiki-srf06-cc26xx.a(rtimer.o)
                              contiki-srf06-cc26xx.a(contiki-main.o) (rtimer_init)
contiki-srf06-cc26xx.a(timer.o)
                              contiki-srf06-cc26xx.a(button-sensor.o) (timer_set)
contiki-srf06-cc26xx.a(serial-line.o)
                              light-sample.co (serial_line_event_message)
contiki-srf06-cc26xx.a(list.o)
                              contiki-srf06-cc26xx.a(lpm.o) (list_init)
contiki-srf06-cc26xx.a(random.o)
                              contiki-srf06-cc26xx.a(contiki-main.o) (random_init)
contiki-srf06-cc26xx.a(ringbuf.o)
                              contiki-srf06-cc26xx.a(serial-line.o) (ringbuf_init)
contiki-srf06-cc26xx.a(rime.o)
                              contiki-srf06-cc26xx.a(contiki-main.o) (rime_driver)
contiki-srf06-cc26xx.a(aon_rtc.o)
                              contiki-srf06-cc26xx.a(rtimer-arch.o) (NOROM_AONRTCCurrentCompareValueGet)
contiki-srf06-cc26xx.a(cpu.o)
[...]
Memory Configuration

Name             Origin             Length             Attributes
FLASH            0x00000000         0x0001ffa8         xr
FLASH_CCFG       0x0001ffa8         0x00000058         xr
SRAM             0x20000000         0x00005000         xrw
GPRAM            0x11000000         0x00002000         xrw
*default*        0x00000000         0xffffffff

Linker script and memory map

LOAD obj_srf06-cc26xx/fault-handlers.o
LOAD obj_srf06-cc26xx/ccfg.o
LOAD obj_srf06-cc26xx/startup_gcc.o
LOAD light-sample.co
LOAD contiki-srf06-cc26xx.a
LOAD /usr/bin/../lib/gcc/arm-none-eabi/4.9.3/../../../../arm-none-eabi/lib/armv7-m/libm.a
START GROUP
LOAD /usr/bin/../lib/gcc/arm-none-eabi/4.9.3/armv7-m/libgcc.a
LOAD /usr/bin/../lib/gcc/arm-none-eabi/4.9.3/../../../../arm-none-eabi/lib/armv7-m/libc.a
END GROUP
                0x20005000                _estack = (ORIGIN (SRAM) + 0x5000)
                0x00000000                _Min_Heap_Size = 0x0
                0x00000100                _Min_Stack_Size = 0x100

.text           0x00000000     0xa6bc
                0x00000000                _text = .
 *(SORT(.vectors))
 .vectors       0x00000000       0xc8 obj_srf06-cc26xx/startup_gcc.o
                0x00000000                gVectors
 *(SORT(.text*))
 .text.value    0x000000c8       0xb0 contiki-srf06-cc26xx.a(opt-3001-sensor)
 .text.value    0x00000178       0x9c contiki-srf06-cc26xx.a(hdc-1000-sensor)
 *fill*         0x00000214        0x4 00000000
 .text.value    0x00000218      0x1b4 contiki-srf06-cc26xx.a(mpu-9250-sensor)
 *fill*         0x000003cc        0x4 00000000
 .text.__ieee754_pow
                0x000003d0      0xaa0 /usr/bin/../lib/gcc/arm-none-eabi/4.9.3/../../../../arm-none-eabi/lib/armv7-m/libm.a(lib_a-e_pow.o)
                0x000003d0                __ieee754_pow
 .text.scalbn   0x00000e70       0xec /usr/bin/../lib/gcc/arm-none-eabi/4.9.3/../../../../arm-none-eabi/lib/armv7-m/libm.a(lib_a-s_scalbn.o)
                0x00000e70                scalbn
 .text.FaultISR
                0x00000f5c       0x18 obj_srf06-cc26xx/fault-handlers.o
                0x00000f5c                FaultISR
 .text.NmiSRHandler
                0x00000f74        0x4 obj_srf06-cc26xx/startup_gcc.o
                0x00000f74                NmiSR
 .text.IntDefaultHandler
                0x00000f78        0x4 obj_srf06-cc26xx/startup_gcc.o
                0x00000f78                TRNGIntHandler
                0x00000f78                SSI0IntHandler
                0x00000f78                SWEvent0IntHandler
                0x00000f78                uDMAIntHandler
                0x00000f78                WatchdogIntHandler
                0x00000f78                RFCHardwareIntHandler
                0x00000f78                Timer1BIntHandler
                0x00000f78                I2SIntHandler
                0x00000f78                Timer2BIntHandler
                0x00000f78                Timer2AIntHandler
                0x00000f78                Timer1AIntHandler
                0x00000f78                AONIntHandler
                0x00000f78                AUXSWEvent0IntHandler
                0x00000f78                AUXADCIntHandler
                0x00000f78                PendSVIntHandler
                0x00000f78                AUXSWEvent1IntHandler
                0x00000f78                SVCallIntHandler
                0x00000f78                MPUFaultIntHandler
                0x00000f78                SysTickIntHandler
                0x00000f78                BusFaultIntHandler
                0x00000f78                AONProgIntHandler
                0x00000f78                AUXCompAIntHandler
                0x00000f78                SSI1IntHandler
                0x00000f78                FlashIntHandler
                0x00000f78                uDMAErrIntHandler
                0x00000f78                UsageFaultIntHandler
                0x00000f78                RFCCmdAckIntHandler
                0x00000f78                CryptoIntHandler
                0x00000f78                Timer0AIntHandler
                0x00000f78                I2CIntHandler
                0x00000f78                DebugMonIntHandler
                0x00000f78                Timer0BIntHandler
                0x00000f78                AUXCombEventIntHandler
                0x00000f78                Timer3AIntHandler
                0x00000f78                DynProgIntHandler
                0x00000f78                Timer3BIntHandler
 .text.ResetISR
                0x00000f7c       0x5c obj_srf06-cc26xx/startup_gcc.o
                0x00000f7c                ResetISR
 .text.process_thread_procKeys
                0x00000fd8       0xd8 light-sample.co
 .text.optic_samples
                0x000010b0       0x3c light-sample.co
                0x000010b0                optic_samples
 .text.fade     0x000010ec       0x64 contiki-srf06-cc26xx.a(contiki-main.o)
 .text.startup.main
                0x00001150      0x1c4 contiki-srf06-cc26xx.a(contiki-main.o)
                0x00001150                main
 .text.process_thread_sensors_process
                0x00001314       0xf8 contiki-srf06-cc26xx.a(sensors.o)
 .text.sensors_changed
                0x0000140c       0x50 contiki-srf06-cc26xx.a(sensors.o)
                0x0000140c                sensors_changed
 .text.leds_init
                0x0000145c       0x14 contiki-srf06-cc26xx.a(leds.o)
                0x0000145c                leds_init
 .text.leds_on  0x00001470       0x14 contiki-srf06-cc26xx.a(leds.o)
                0x00001470                leds_on
 .text.leds_off
                0x00001484       0x14 contiki-srf06-cc26xx.a(leds.o)
                0x00001484                leds_off
 .text.leds_arch_init
                0x00001498       0x38 contiki-srf06-cc26xx.a(leds-arch.o)
                0x00001498                leds_arch_init
 .text.leds_arch_set
                0x000014d0       0x34 contiki-srf06-cc26xx.a(leds-arch.o)
                0x000014d0                leds_arch_set
 .text.status   0x00001504       0x14 contiki-srf06-cc26xx.a(bmp-280-sensor.)
 .text.notify_ready
                0x00001518       0x14 contiki-srf06-cc26xx.a(bmp-280-sensor.)
 .text.enable_sensor
                0x0000152c       0x2c contiki-srf06-cc26xx.a(bmp-280-sensor.)
 .text.configure
                0x00001558       0x94 contiki-srf06-cc26xx.a(bmp-280-sensor.)
 .text.value    0x000015ec      0x15c contiki-srf06-cc26xx.a(bmp-280-sensor.)
 .text.status   0x00001748       0x14 contiki-srf06-cc26xx.a(tmp-007-sensor.)
 .text.notify_ready
                0x0000175c       0x14 contiki-srf06-cc26xx.a(tmp-007-sensor.)
 .text.enable_sensor
                0x00001770       0x2c contiki-srf06-cc26xx.a(tmp-007-sensor.)
 .text.configure
                0x0000179c       0x94 contiki-srf06-cc26xx.a(tmp-007-sensor.)
 .text.value    0x00001830       0xec contiki-srf06-cc26xx.a(tmp-007-sensor.)
 .text.status   0x0000191c        0xc contiki-srf06-cc26xx.a(opt-3001-sensor)
 .text.enable_sensor
                0x00001928       0x44 contiki-srf06-cc26xx.a(opt-3001-sensor)
 .text.notify_ready
                0x0000196c       0x54 contiki-srf06-cc26xx.a(opt-3001-sensor)
 .text.configure
                0x000019c0       0x4c contiki-srf06-cc26xx.a(opt-3001-sensor)
 .text.status   0x00001a0c       0x14 contiki-srf06-cc26xx.a(hdc-1000-sensor)
 .text.notify_ready
                0x00001a20       0x60 contiki-srf06-cc26xx.a(hdc-1000-sensor)
 .text.configure
                0x00001a80       0xb8 contiki-srf06-cc26xx.a(hdc-1000-sensor)
 .text.acc_convert
                0x00001b38       0x70 contiki-srf06-cc26xx.a(mpu-9250-sensor)
 .text.status   0x00001ba8       0x14 contiki-srf06-cc26xx.a(mpu-9250-sensor)
 .text.notify_ready
                0x00001bbc       0x14 contiki-srf06-cc26xx.a(mpu-9250-sensor)
 .text.sensor_sleep
                0x00001bd0       0x38 contiki-srf06-cc26xx.a(mpu-9250-sensor)
 .text.configure
                0x00001c08       0xdc contiki-srf06-cc26xx.a(mpu-9250-sensor)
 .text.int_status
                0x00001ce4       0x28 contiki-srf06-cc26xx.a(mpu-9250-sensor)
 .text.initialise
                0x00001d0c       0xfc contiki-srf06-cc26xx.a(mpu-9250-sensor)
 .text.status.part.0
                0x00001e08       0x14 contiki-srf06-cc26xx.a(button-sensor.o)
 .text.value_left
                0x00001e1c       0x24 contiki-srf06-cc26xx.a(button-sensor.o)
 .text.value_right
                0x00001e40       0x18 contiki-srf06-cc26xx.a(button-sensor.o)
 .text.status_left
                0x00001e58       0x10 contiki-srf06-cc26xx.a(button-sensor.o)
 .text.status_right
                0x00001e68       0x10 contiki-srf06-cc26xx.a(button-sensor.o)
 .text.config_buttons
                0x00001e78       0x8c contiki-srf06-cc26xx.a(button-sensor.o)
 .text.config_left
                0x00001f04        0xc contiki-srf06-cc26xx.a(button-sensor.o)
 .text.config_right
                0x00001f10        0xc contiki-srf06-cc26xx.a(button-sensor.o)
 .text.button_press_handler
                0x00001f1c       0x64 contiki-srf06-cc26xx.a(button-sensor.o)
 .text.value    0x00001f80       0x10 contiki-srf06-cc26xx.a(reed-relay.o)
 .text.status   0x00001f90       0x20 contiki-srf06-cc26xx.a(reed-relay.o)
 .text.configure
                0x00001fb0       0x6c contiki-srf06-cc26xx.a(reed-relay.o)
 .text.reed_interrupt_handler
                0x0000201c       0x28 contiki-srf06-cc26xx.a(reed-relay.o)
 .text.power_domains_on
                0x00002044       0x20 contiki-srf06-cc26xx.a(board.o)
 .text.lpm_wakeup_handler
                0x00002064        0x4 contiki-srf06-cc26xx.a(board.o)
 .text.shutdown_handler
                0x00002068       0x68 contiki-srf06-cc26xx.a(board.o)
 .text.board_init
                0x000020d0      0x118 contiki-srf06-cc26xx.a(board.o)
                0x000020d0                board_init
 .text.i2c_status
                0x000021e8       0x34 contiki-srf06-cc26xx.a(board-i2c.o)
 .text.accessible
                0x0000221c       0x24 contiki-srf06-cc26xx.a(board-i2c.o)
 .text.board_i2c_wakeup
                0x00002240       0x5c contiki-srf06-cc26xx.a(board-i2c.o)
                0x00002240                board_i2c_wakeup
 .text.board_i2c_shutdown
                0x0000229c       0xa4 contiki-srf06-cc26xx.a(board-i2c.o)
                0x0000229c                board_i2c_shutdown
 .text.board_i2c_write
                0x00002340       0xc0 contiki-srf06-cc26xx.a(board-i2c.o)
                0x00002340                board_i2c_write
 .text.board_i2c_write_single
                0x00002400       0x44 contiki-srf06-cc26xx.a(board-i2c.o)
                0x00002400                board_i2c_write_single
 .text.board_i2c_read
                0x00002444       0xb4 contiki-srf06-cc26xx.a(board-i2c.o)
                0x00002444                board_i2c_read
 .text.board_i2c_write_read
                0x000024f8      0x138 contiki-srf06-cc26xx.a(board-i2c.o)
                0x000024f8                board_i2c_write_read
 .text.board_i2c_select
                0x00002630       0xdc contiki-srf06-cc26xx.a(board-i2c.o)
                0x00002630                board_i2c_select
 .text.power_domain_on
                0x0000270c       0x20 contiki-srf06-cc26xx.a(clock.o)
 .text.clock_init
                0x0000272c       0x90 contiki-srf06-cc26xx.a(clock.o)
                0x0000272c                clock_init
 .text.clock_time
                0x000027bc       0x34 contiki-srf06-cc26xx.a(clock.o)
                0x000027bc                clock_time
 .text.clock_update
                0x000027f0       0x3c contiki-srf06-cc26xx.a(clock.o)
                0x000027f0                clock_update
 .text.rtimer_arch_init
                0x0000282c        0x4 contiki-srf06-cc26xx.a(rtimer-arch.o)
                0x0000282c                rtimer_arch_init
 .text.rtimer_arch_schedule
                0x00002830        0x8 contiki-srf06-cc26xx.a(rtimer-arch.o)
                0x00002830                rtimer_arch_schedule
 .text.rtimer_arch_now
                0x00002838        0x4 contiki-srf06-cc26xx.a(rtimer-arch.o)
                0x00002838                rtimer_arch_now
 .text.soc_rtc_init
                0x0000283c       0x94 contiki-srf06-cc26xx.a(soc-rtc.o)
                0x0000283c                soc_rtc_init
 .text.soc_rtc_get_next_trigger
                0x000028d0       0x28 contiki-srf06-cc26xx.a(soc-rtc.o)
                0x000028d0                soc_rtc_get_next_trigger
 .text.soc_rtc_schedule_one_shot
                0x000028f8       0x4c contiki-srf06-cc26xx.a(soc-rtc.o)
                0x000028f8                soc_rtc_schedule_one_shot
 .text.soc_rtc_last_isr_time
                0x00002944        0xc contiki-srf06-cc26xx.a(soc-rtc.o)
                0x00002944                soc_rtc_last_isr_time
 .text.AONRTCIntHandler
                0x00002950       0x68 contiki-srf06-cc26xx.a(soc-rtc.o)
                0x00002950                AONRTCIntHandler
 .text.lock_config
                0x000029b8       0x18 contiki-srf06-cc26xx.a(contiki-watchdo)
 .text.unlock_config
                0x000029d0       0x2c contiki-srf06-cc26xx.a(contiki-watchdo)
 .text.watchdog_init
                0x000029fc       0x1c contiki-srf06-cc26xx.a(contiki-watchdo)
                0x000029fc                watchdog_init
 .text.watchdog_start
                0x00002a18       0x30 contiki-srf06-cc26xx.a(contiki-watchdo)
                0x00002a18                watchdog_start
 .text.watchdog_periodic
                0x00002a48       0x1c contiki-srf06-cc26xx.a(contiki-watchdo)
                0x00002a48                watchdog_periodic
 .text.putchar  0x00002a64       0x10 contiki-srf06-cc26xx.a(putchar.o)
                0x00002a64                putchar
 .text.puts     0x00002a74       0x30 contiki-srf06-cc26xx.a(putchar.o)
                0x00002a74                puts
 .text.dbg_send_bytes
                0x00002aa4       0x40 contiki-srf06-cc26xx.a(putchar.o)
                0x00002aa4                dbg_send_bytes
 .text.ieee_addr_cpy_to
                0x00002ae4       0x40 contiki-srf06-cc26xx.a(ieee-addr.o)
                0x00002ae4                ieee_addr_cpy_to
 .text.power_and_clock
                0x00002b24       0x40 contiki-srf06-cc26xx.a(cc26xx-uart.o)
 .text.enable   0x00002b64       0xf4 contiki-srf06-cc26xx.a(cc26xx-uart.o)
 .text.accessible
                0x00002c58       0x24 contiki-srf06-cc26xx.a(cc26xx-uart.o)
 .text.lpm_drop_handler
                0x00002c7c       0xcc contiki-srf06-cc26xx.a(cc26xx-uart.o)
 .text.cc26xx_uart_init
                0x00002d48       0x28 contiki-srf06-cc26xx.a(cc26xx-uart.o)
                0x00002d48                cc26xx_uart_init
 .text.cc26xx_uart_write_byte
                0x00002d70       0x28 contiki-srf06-cc26xx.a(cc26xx-uart.o)
                0x00002d70                cc26xx_uart_write_byte
 .text.cc26xx_uart_set_input
                0x00002d98       0x64 contiki-srf06-cc26xx.a(cc26xx-uart.o)
                0x00002d98                cc26xx_uart_set_input
 .text.cc26xx_uart_busy
                0x00002dfc       0x18 contiki-srf06-cc26xx.a(cc26xx-uart.o)
                0x00002dfc                cc26xx_uart_busy
 .text.UART0IntHandler
                0x00002e14       0x54 contiki-srf06-cc26xx.a(cc26xx-uart.o)
                0x00002e14                UART0IntHandler
 .text.lpm_shutdown
                0x00002e68      0x1b8 contiki-srf06-cc26xx.a(lpm.o)
                0x00002e68                lpm_shutdown
 .text.lpm_drop
                0x00003020      0x1fc contiki-srf06-cc26xx.a(lpm.o)
                0x00003020                lpm_drop
 .text.lpm_sleep
                0x0000321c       0x14 contiki-srf06-cc26xx.a(lpm.o)
                0x0000321c                lpm_sleep
 .text.lpm_register_module
                0x00003230        0xc contiki-srf06-cc26xx.a(lpm.o)
                0x00003230                lpm_register_module
 .text.lpm_unregister_module
                0x0000323c        0xc contiki-srf06-cc26xx.a(lpm.o)
                0x0000323c                lpm_unregister_module
 .text.lpm_init
                0x00003248       0x20 contiki-srf06-cc26xx.a(lpm.o)
                0x00003248                lpm_init
 .text.lpm_pin_set_default_state
                0x00003268       0x30 contiki-srf06-cc26xx.a(lpm.o)
                0x00003268                lpm_pin_set_default_state
 .text.gpio_interrupt_register_handler
                0x00003298       0x2c contiki-srf06-cc26xx.a(gpio-interrupt.)
                0x00003298                gpio_interrupt_register_handler
 .text.gpio_interrupt_init
                0x000032c4       0x24 contiki-srf06-cc26xx.a(gpio-interrupt.)
                0x000032c4                gpio_interrupt_init
 .text.GPIOIntHandler
                0x000032e8       0x30 contiki-srf06-cc26xx.a(gpio-interrupt.)
                0x000032e8                GPIOIntHandler
 .text.osc_interface_dis
                0x00003318       0x28 contiki-srf06-cc26xx.a(oscillators.o)
 .text.osc_interface_en
                0x00003340       0x30 contiki-srf06-cc26xx.a(oscillators.o)
 .text.oscillators_select_lf_xosc
                0x00003370       0x48 contiki-srf06-cc26xx.a(oscillators.o)
                0x00003370                oscillators_select_lf_xosc
 .text.oscillators_select_lf_rcosc
                0x000033b8       0x30 contiki-srf06-cc26xx.a(oscillators.o)
                0x000033b8                oscillators_select_lf_rcosc
 .text.oscillators_request_hf_xosc
                0x000033e8       0x24 contiki-srf06-cc26xx.a(oscillators.o)
                0x000033e8                oscillators_request_hf_xosc
 .text.oscillators_switch_to_hf_xosc
                0x0000340c       0x28 contiki-srf06-cc26xx.a(oscillators.o)
                0x0000340c                oscillators_switch_to_hf_xosc
 .text.oscillators_switch_to_hf_rc
                0x00003434       0x2c contiki-srf06-cc26xx.a(oscillators.o)
                0x00003434                oscillators_switch_to_hf_rc
 .text.request  0x00003460       0x20 contiki-srf06-cc26xx.a(ieee-mode.o)
 .text.rx_on    0x00003480       0x60 contiki-srf06-cc26xx.a(ieee-mode.o)
 .text.rf_radio_setup
                0x000034e0       0x74 contiki-srf06-cc26xx.a(ieee-mode.o)
 .text.soft_on  0x00003554       0x18 contiki-srf06-cc26xx.a(ieee-mode.o)
 .text.pending_packet
                0x0000356c       0x34 contiki-srf06-cc26xx.a(ieee-mode.o)
 .text.prepare  0x000035a0       0x1c contiki-srf06-cc26xx.a(ieee-mode.o)
 .text.read_frame
                0x000035bc       0x58 contiki-srf06-cc26xx.a(ieee-mode.o)
 .text.soft_off
                0x00003614       0x3c contiki-srf06-cc26xx.a(ieee-mode.o)
 .text.get_object
                0x00003650       0x30 contiki-srf06-cc26xx.a(ieee-mode.o)
 .text.transmitting
                0x00003680       0x4c contiki-srf06-cc26xx.a(ieee-mode.o)
 .text.rx_off   0x000036cc       0x5c contiki-srf06-cc26xx.a(ieee-mode.o)
 .text.get_cca_info
                0x00003728       0x44 contiki-srf06-cc26xx.a(ieee-mode.o)
 .text.off      0x0000376c       0x4c contiki-srf06-cc26xx.a(ieee-mode.o)
 .text.receiving_packet
                0x000037b8       0x40 contiki-srf06-cc26xx.a(ieee-mode.o)
 .text.on       0x000037f8       0x9c contiki-srf06-cc26xx.a(ieee-mode.o)
 .text.set_value
                0x00003894      0x158 contiki-srf06-cc26xx.a(ieee-mode.o)
 .text.get_value
                0x000039ec      0x138 contiki-srf06-cc26xx.a(ieee-mode.o)
 .text.transmit
                0x00003b24       0xbc contiki-srf06-cc26xx.a(ieee-mode.o)
 .text.send     0x00003be0       0x24 contiki-srf06-cc26xx.a(ieee-mode.o)
 .text.set_object
                0x00003c04       0x68 contiki-srf06-cc26xx.a(ieee-mode.o)
 .text.channel_clear
                0x00003c6c       0x68 contiki-srf06-cc26xx.a(ieee-mode.o)
 .text.init     0x00003cd4       0xe0 contiki-srf06-cc26xx.a(ieee-mode.o)
 .text.write_str
                0x00003db4       0x14 contiki-srf06-cc26xx.a(dbg-printf.o)
 .text.printf   0x00003dc8       0x24 contiki-srf06-cc26xx.a(dbg-printf.o)
                0x00003dc8                printf
 .text.buffer_str
                0x00003dec       0x18 contiki-srf06-cc26xx.a(dbg-sprintf.o)
 .text.sprintf  0x00003e04       0x34 contiki-srf06-cc26xx.a(dbg-sprintf.o)
                0x00003e04                sprintf
 .text.fill_space
                0x00003e38       0x3c contiki-srf06-cc26xx.a(strformat.o)
 .text.format_str_v
                0x00003e74      0x95c contiki-srf06-cc26xx.a(strformat.o)
                0x00003e74                format_str_v
 .text.autostart_start
                0x000047d0       0x18 contiki-srf06-cc26xx.a(autostart.o)
                0x000047d0                autostart_start
 .text.process_thread_ctimer_process
                0x000047e8       0x94 contiki-srf06-cc26xx.a(ctimer.o)
 .text.ctimer_init
                0x0000487c       0x28 contiki-srf06-cc26xx.a(ctimer.o)
                0x0000487c                ctimer_init
 .text.ctimer_set_with_process
                0x000048a4       0x4c contiki-srf06-cc26xx.a(ctimer.o)
                0x000048a4                ctimer_set_with_process
 .text.ctimer_set
                0x000048f0       0x18 contiki-srf06-cc26xx.a(ctimer.o)
                0x000048f0                ctimer_set
 .text.ctimer_reset
                0x00004908       0x38 contiki-srf06-cc26xx.a(ctimer.o)
                0x00004908                ctimer_reset
 .text.ctimer_stop
                0x00004940       0x34 contiki-srf06-cc26xx.a(ctimer.o)
                0x00004940                ctimer_stop
 .text.energest_init
                0x00004974        0x4 contiki-srf06-cc26xx.a(energest.o)
                0x00004974                energest_init
 .text.update_time
                0x00004978       0x44 contiki-srf06-cc26xx.a(etimer.o)
 .text.process_thread_etimer_process
                0x000049bc       0xc8 contiki-srf06-cc26xx.a(etimer.o)
 .text.add_timer
                0x00004a84       0x54 contiki-srf06-cc26xx.a(etimer.o)
 .text.etimer_request_poll
                0x00004ad8        0xc contiki-srf06-cc26xx.a(etimer.o)
                0x00004ad8                etimer_request_poll
 .text.etimer_set
                0x00004ae4       0x14 contiki-srf06-cc26xx.a(etimer.o)
                0x00004ae4                etimer_set
 .text.etimer_reset
                0x00004af8       0x14 contiki-srf06-cc26xx.a(etimer.o)
                0x00004af8                etimer_reset
 .text.etimer_pending
                0x00004b0c       0x10 contiki-srf06-cc26xx.a(etimer.o)
                0x00004b0c                etimer_pending
 .text.etimer_next_expiration_time
                0x00004b1c       0x14 contiki-srf06-cc26xx.a(etimer.o)
                0x00004b1c                etimer_next_expiration_time
 .text.etimer_stop
                0x00004b30       0x4c contiki-srf06-cc26xx.a(etimer.o)
                0x00004b30                etimer_stop
 .text.exit_process
                0x00004b7c       0xb0 contiki-srf06-cc26xx.a(process.o)
 .text.call_process.part.0
                0x00004c2c       0x38 contiki-srf06-cc26xx.a(process.o)
 .text.do_poll  0x00004c64       0x3c contiki-srf06-cc26xx.a(process.o)
 .text.process_alloc_event
                0x00004ca0       0x10 contiki-srf06-cc26xx.a(process.o)
                0x00004ca0                process_alloc_event
 .text.process_init
                0x00004cb0       0x34 contiki-srf06-cc26xx.a(process.o)
                0x00004cb0                process_init
 .text.process_run
                0x00004ce4       0xd8 contiki-srf06-cc26xx.a(process.o)
                0x00004ce4                process_run
 .text.process_nevents
                0x00004dbc       0x14 contiki-srf06-cc26xx.a(process.o)
                0x00004dbc                process_nevents
 .text.process_post
                0x00004dd0       0x50 contiki-srf06-cc26xx.a(process.o)
                0x00004dd0                process_post
 .text.process_post_synch
                0x00004e20       0x18 contiki-srf06-cc26xx.a(process.o)
                0x00004e20                process_post_synch
 .text.process_start
                0x00004e38       0x40 contiki-srf06-cc26xx.a(process.o)
                0x00004e38                process_start
 .text.process_poll
                0x00004e78       0x18 contiki-srf06-cc26xx.a(process.o)
                0x00004e78                process_poll
 .text.rtimer_init
                0x00004e90        0x4 contiki-srf06-cc26xx.a(rtimer.o)
                0x00004e90                rtimer_init
 .text.rtimer_set
                0x00004e94       0x2c contiki-srf06-cc26xx.a(rtimer.o)
                0x00004e94                rtimer_set
 .text.rtimer_run_next
                0x00004ec0       0x28 contiki-srf06-cc26xx.a(rtimer.o)
                0x00004ec0                rtimer_run_next
 .text.timer_set
                0x00004ee8       0x10 contiki-srf06-cc26xx.a(timer.o)
                0x00004ee8                timer_set
 .text.timer_reset
                0x00004ef8        0xc contiki-srf06-cc26xx.a(timer.o)
                0x00004ef8                timer_reset
 .text.timer_expired
                0x00004f04       0x1c contiki-srf06-cc26xx.a(timer.o)
                0x00004f04                timer_expired
 .text.process_thread_serial_line_process
                0x00004f20       0xac contiki-srf06-cc26xx.a(serial-line.o)
 .text.serial_line_input_byte
                0x00004fcc       0x54 contiki-srf06-cc26xx.a(serial-line.o)
                0x00004fcc                serial_line_input_byte
 .text.serial_line_init
                0x00005020       0x24 contiki-srf06-cc26xx.a(serial-line.o)
                0x00005020                serial_line_init
 .text.list_init
                0x00005044        0x8 contiki-srf06-cc26xx.a(list.o)
                0x00005044                list_init
 .text.list_head
                0x0000504c        0x4 contiki-srf06-cc26xx.a(list.o)
                0x0000504c                list_head
 .text.list_add
                0x00005050       0x48 contiki-srf06-cc26xx.a(list.o)
                0x00005050                list_add
 .text.list_push
                0x00005098       0x40 contiki-srf06-cc26xx.a(list.o)
                0x00005098                list_push
 .text.list_remove
                0x000050d8       0x2c contiki-srf06-cc26xx.a(list.o)
                0x000050d8                list_remove
 .text.list_length
                0x00005104       0x14 contiki-srf06-cc26xx.a(list.o)
                0x00005104                list_length
 .text.list_item_next
                0x00005118        0x8 contiki-srf06-cc26xx.a(list.o)
                0x00005118                list_item_next
 .text.random_init
                0x00005120        0x4 contiki-srf06-cc26xx.a(random.o)
                0x00005120                random_init
 .text.random_rand
                0x00005124        0xc contiki-srf06-cc26xx.a(random.o)
                0x00005124                random_rand
 .text.ringbuf_init
                0x00005130       0x10 contiki-srf06-cc26xx.a(ringbuf.o)
                0x00005130                ringbuf_init
 .text.ringbuf_put
                0x00005140       0x30 contiki-srf06-cc26xx.a(ringbuf.o)
                0x00005140                ringbuf_put
 .text.ringbuf_get
                0x00005170       0x28 contiki-srf06-cc26xx.a(ringbuf.o)
                0x00005170                ringbuf_get
 .text.packet_sent
                0x00005198       0x38 contiki-srf06-cc26xx.a(rime.o)
 .text.input    0x000051d0       0x38 contiki-srf06-cc26xx.a(rime.o)
 .text.init     0x00005208       0x28 contiki-srf06-cc26xx.a(rime.o)
 .text.rime_output
                0x00005230       0x24 contiki-srf06-cc26xx.a(rime.o)
                0x00005230                rime_output
 .text.NOROM_AONRTCCurrentCompareValueGet
                0x00005254       0x24 contiki-srf06-cc26xx.a(aon_rtc.o)
                0x00005254                NOROM_AONRTCCurrentCompareValueGet
 .text.NOROM_CPUcpsid
                0x00005278        0x8 contiki-srf06-cc26xx.a(cpu.o)
                0x00005278                NOROM_CPUcpsid
 .text.NOROM_CPUcpsie
                0x00005280        0x8 contiki-srf06-cc26xx.a(cpu.o)
                0x00005280                NOROM_CPUcpsie
 .text.NOROM_CPUdelay
                0x00005288        0x8 contiki-srf06-cc26xx.a(cpu.o)
                0x00005288                NOROM_CPUdelay
 .text.NOROM_DDI16BitfieldWrite
                0x00005290       0x4c contiki-srf06-cc26xx.a(ddi.o)
                0x00005290                NOROM_DDI16BitfieldWrite
 .text.NOROM_DDI16BitfieldRead
                0x000052dc       0x48 contiki-srf06-cc26xx.a(ddi.o)
                0x000052dc                NOROM_DDI16BitfieldRead
 .text.NOROM_OSCClockSourceSet
                0x00005324       0x50 contiki-srf06-cc26xx.a(osc.o)
                0x00005324                NOROM_OSCClockSourceSet
 .text.NOROM_OSCClockSourceGet
                0x00005374       0x24 contiki-srf06-cc26xx.a(osc.o)
                0x00005374                NOROM_OSCClockSourceGet
 .text.NOROM_OSCInterfaceEnable
                0x00005398       0x34 contiki-srf06-cc26xx.a(osc.o)
                0x00005398                NOROM_OSCInterfaceEnable
 .text.NOROM_PowerCtrlSourceSet
                0x000053cc       0x30 contiki-srf06-cc26xx.a(pwr_ctrl.o)
                0x000053cc                NOROM_PowerCtrlSourceSet
 .text.HapiTrimDeviceShutDown
                0x000053fc      0x4f4 contiki-srf06-cc26xx.a(setup.o)
 .text.trimDevice
                0x000058f0       0xfc contiki-srf06-cc26xx.a(setup.o)
                0x000058f0                trimDevice
 .text.SysCtrlSetRechargeBeforePowerDown
                0x000059ec      0x1e8 contiki-srf06-cc26xx.a(sys_ctrl.o)
                0x000059ec                SysCtrlSetRechargeBeforePowerDown
 .text.SysCtrlAdjustRechargeAfterPowerDown
                0x00005bd4       0x64 contiki-srf06-cc26xx.a(sys_ctrl.o)
                0x00005bd4                SysCtrlAdjustRechargeAfterPowerDown
 .text.SysCtrl_DCDC_VoltageConditionalControl
                0x00005c38       0x78 contiki-srf06-cc26xx.a(sys_ctrl.o)
                0x00005c38                SysCtrl_DCDC_VoltageConditionalControl
 .text.linkaddr_copy
                0x00005cb0        0x8 contiki-srf06-cc26xx.a(linkaddr.o)
                0x00005cb0                linkaddr_copy
 .text.linkaddr_cmp
                0x00005cb8       0x10 contiki-srf06-cc26xx.a(linkaddr.o)
                0x00005cb8                linkaddr_cmp
 .text.netstack_init
                0x00005cc8       0x38 contiki-srf06-cc26xx.a(netstack.o)
                0x00005cc8                netstack_init
 .text.packetbuf_compact
                0x00005d00       0x38 contiki-srf06-cc26xx.a(packetbuf.o)
                0x00005d00                packetbuf_compact
 .text.packetbuf_copyto
                0x00005d38       0x50 contiki-srf06-cc26xx.a(packetbuf.o)
                0x00005d38                packetbuf_copyto
 .text.packetbuf_hdralloc
                0x00005d88       0x48 contiki-srf06-cc26xx.a(packetbuf.o)
                0x00005d88                packetbuf_hdralloc
 .text.packetbuf_hdrreduce
                0x00005dd0       0x2c contiki-srf06-cc26xx.a(packetbuf.o)
                0x00005dd0                packetbuf_hdrreduce
 .text.packetbuf_set_datalen
                0x00005dfc        0xc contiki-srf06-cc26xx.a(packetbuf.o)
                0x00005dfc                packetbuf_set_datalen
 .text.packetbuf_dataptr
                0x00005e08       0x14 contiki-srf06-cc26xx.a(packetbuf.o)
                0x00005e08                packetbuf_dataptr
 .text.packetbuf_hdrptr
                0x00005e1c       0x14 contiki-srf06-cc26xx.a(packetbuf.o)
                0x00005e1c                packetbuf_hdrptr
 .text.packetbuf_datalen
                0x00005e30        0xc contiki-srf06-cc26xx.a(packetbuf.o)
                0x00005e30                packetbuf_datalen
 .text.packetbuf_totlen
                0x00005e3c       0x28 contiki-srf06-cc26xx.a(packetbuf.o)
                0x00005e3c                packetbuf_totlen
 .text.packetbuf_attr_clear
                0x00005e64       0x34 contiki-srf06-cc26xx.a(packetbuf.o)
                0x00005e64                packetbuf_attr_clear
 .text.packetbuf_clear
                0x00005e98       0x34 contiki-srf06-cc26xx.a(packetbuf.o)
                0x00005e98                packetbuf_clear
 .text.packetbuf_copyfrom
                0x00005ecc       0x2c contiki-srf06-cc26xx.a(packetbuf.o)
                0x00005ecc                packetbuf_copyfrom
 .text.packetbuf_attr_copyto
                0x00005ef8       0x3c contiki-srf06-cc26xx.a(packetbuf.o)
                0x00005ef8                packetbuf_attr_copyto
 .text.packetbuf_attr_copyfrom
                0x00005f34       0x3c contiki-srf06-cc26xx.a(packetbuf.o)
                0x00005f34                packetbuf_attr_copyfrom
 .text.packetbuf_set_attr
                0x00005f70       0x10 contiki-srf06-cc26xx.a(packetbuf.o)
                0x00005f70                packetbuf_set_attr
 .text.packetbuf_attr
                0x00005f80        0xc contiki-srf06-cc26xx.a(packetbuf.o)
                0x00005f80                packetbuf_attr
 .text.packetbuf_set_addr
                0x00005f8c       0x18 contiki-srf06-cc26xx.a(packetbuf.o)
                0x00005f8c                packetbuf_set_addr
 .text.packetbuf_addr
                0x00005fa4       0x10 contiki-srf06-cc26xx.a(packetbuf.o)
                0x00005fa4                packetbuf_addr
 .text.packetbuf_holds_broadcast
                0x00005fb4       0x10 contiki-srf06-cc26xx.a(packetbuf.o)
                0x00005fb4                packetbuf_holds_broadcast
 .text.queuebuf_init
                0x00005fc4       0x1c contiki-srf06-cc26xx.a(queuebuf.o)
                0x00005fc4                queuebuf_init
 .text.queuebuf_new_from_packetbuf
                0x00005fe0       0x48 contiki-srf06-cc26xx.a(queuebuf.o)
                0x00005fe0                queuebuf_new_from_packetbuf
 .text.queuebuf_update_attr_from_packetbuf
                0x00006028        0xc contiki-srf06-cc26xx.a(queuebuf.o)
                0x00006028                queuebuf_update_attr_from_packetbuf
 .text.queuebuf_update_from_packetbuf
                0x00006034       0x1c contiki-srf06-cc26xx.a(queuebuf.o)
                0x00006034                queuebuf_update_from_packetbuf
 .text.queuebuf_free
                0x00006050       0x2c contiki-srf06-cc26xx.a(queuebuf.o)
                0x00006050                queuebuf_free
 .text.queuebuf_to_packetbuf
                0x0000607c       0x30 contiki-srf06-cc26xx.a(queuebuf.o)
                0x0000607c                queuebuf_to_packetbuf
 .text.queuebuf_attr
                0x000060ac        0xc contiki-srf06-cc26xx.a(queuebuf.o)
                0x000060ac                queuebuf_attr
 .text.input_packet
                0x000060b8        0xc contiki-srf06-cc26xx.a(csma.o)
 .text.on       0x000060c4        0xc contiki-srf06-cc26xx.a(csma.o)
 .text.off      0x000060d0        0xc contiki-srf06-cc26xx.a(csma.o)
 .text.channel_check_interval
                0x000060dc       0x10 contiki-srf06-cc26xx.a(csma.o)
 .text.transmit_packet_list
                0x000060ec       0x34 contiki-srf06-cc26xx.a(csma.o)
 .text.free_packet
                0x00006120       0x98 contiki-srf06-cc26xx.a(csma.o)
 .text.packet_sent
                0x000061b8      0x100 contiki-srf06-cc26xx.a(csma.o)
 .text.send_packet
                0x000062b8      0x174 contiki-srf06-cc26xx.a(csma.o)
 .text.init     0x0000642c       0x24 contiki-srf06-cc26xx.a(csma.o)
 .text.mac_call_sent_callback
                0x00006450       0x10 contiki-srf06-cc26xx.a(mac.o)
                0x00006450                mac_call_sent_callback
 .text.duty_cycle
                0x00006460        0x4 contiki-srf06-cc26xx.a(contikimac.o)
 .text.init     0x00006464       0x40 contiki-srf06-cc26xx.a(contikimac.o)
 .text.on       0x000064a4       0x2c contiki-srf06-cc26xx.a(contikimac.o)
 .text.off      0x000064d0       0x38 contiki-srf06-cc26xx.a(contikimac.o)
 .text.recv_burst_off
                0x00006508       0x14 contiki-srf06-cc26xx.a(contikimac.o)
 .text.powercycle_turn_radio_off.part.2
                0x0000651c       0x10 contiki-srf06-cc26xx.a(contikimac.o)
 .text.turn_off
                0x0000652c       0x48 contiki-srf06-cc26xx.a(contikimac.o)
 .text.turn_on  0x00006574       0x40 contiki-srf06-cc26xx.a(contikimac.o)
 .text.schedule_powercycle_fixed.part.5
                0x000065b4       0x2c contiki-srf06-cc26xx.a(contikimac.o)
 .text.input_packet
                0x000065e0       0xac contiki-srf06-cc26xx.a(contikimac.o)
 .text.send_packet.isra.8
                0x0000668c      0x228 contiki-srf06-cc26xx.a(contikimac.o)
 .text.qsend_list
                0x000068b4       0xe0 contiki-srf06-cc26xx.a(contikimac.o)
 .text.qsend_packet
                0x00006994       0x24 contiki-srf06-cc26xx.a(contikimac.o)
 .text.powercycle_wrapper
                0x000069b8      0x234 contiki-srf06-cc26xx.a(contikimac.o)
 .text.init     0x00006bec        0x4 contiki-srf06-cc26xx.a(nullsec.o)
 .text.input    0x00006bf0        0xc contiki-srf06-cc26xx.a(nullsec.o)
 .text.send     0x00006bfc       0x20 contiki-srf06-cc26xx.a(nullsec.o)
 .text.sensor_common_read_reg
                0x00006c1c       0x1c contiki-srf06-cc26xx.a(sensor-common.o)
                0x00006c1c                sensor_common_read_reg
 .text.sensor_common_write_reg
                0x00006c38       0x38 contiki-srf06-cc26xx.a(sensor-common.o)
                0x00006c38                sensor_common_write_reg
 .text.sensor_common_set_error_data
                0x00006c70       0x10 contiki-srf06-cc26xx.a(sensor-common.o)
                0x00006c70                sensor_common_set_error_data
 .text.verify_part
                0x00006c80       0x6c contiki-srf06-cc26xx.a(ext-flash.o)
 .text.wait_ready
                0x00006cec       0x64 contiki-srf06-cc26xx.a(ext-flash.o)
 .text.power_down
                0x00006d50       0x50 contiki-srf06-cc26xx.a(ext-flash.o)
 .text.ext_flash_open
                0x00006da0       0x60 contiki-srf06-cc26xx.a(ext-flash.o)
                0x00006da0                ext_flash_open
 .text.ext_flash_init
                0x00006e00       0x14 contiki-srf06-cc26xx.a(ext-flash.o)
                0x00006e00                ext_flash_init
 .text.buzzer_init
                0x00006e14        0xc contiki-srf06-cc26xx.a(buzzer.o)
                0x00006e14                buzzer_init
 .text.buzzer_stop
                0x00006e20       0x74 contiki-srf06-cc26xx.a(buzzer.o)
                0x00006e20                buzzer_stop
 .text.accessible
                0x00006e94       0x24 contiki-srf06-cc26xx.a(board-spi.o)
 .text.board_spi_write
                0x00006eb8       0x3c contiki-srf06-cc26xx.a(board-spi.o)
                0x00006eb8                board_spi_write
 .text.board_spi_read
                0x00006ef4       0x48 contiki-srf06-cc26xx.a(board-spi.o)
                0x00006ef4                board_spi_read
 .text.board_spi_flush
                0x00006f3c       0x24 contiki-srf06-cc26xx.a(board-spi.o)
                0x00006f3c                board_spi_flush
 .text.board_spi_open
                0x00006f60       0xc0 contiki-srf06-cc26xx.a(board-spi.o)
                0x00006f60                board_spi_open
 .text.board_spi_close
                0x00007020       0x70 contiki-srf06-cc26xx.a(board-spi.o)
                0x00007020                board_spi_close
 .text.process_thread_rf_core_process
                0x00007090       0x58 contiki-srf06-cc26xx.a(rf-core.o)
 .text.rf_core_is_accessible
                0x000070e8       0x10 contiki-srf06-cc26xx.a(rf-core.o)
                0x000070e8                rf_core_is_accessible
 .text.rf_core_send_cmd
                0x000070f8       0xa4 contiki-srf06-cc26xx.a(rf-core.o)
                0x000070f8                rf_core_send_cmd
 .text.rf_core_wait_cmd_done
                0x0000719c       0x30 contiki-srf06-cc26xx.a(rf-core.o)
                0x0000719c                rf_core_wait_cmd_done
 .text.rf_core_power_up
                0x000071cc       0xb4 contiki-srf06-cc26xx.a(rf-core.o)
                0x000071cc                rf_core_power_up
 .text.rf_core_power_down
                0x00007280       0xe8 contiki-srf06-cc26xx.a(rf-core.o)
                0x00007280                rf_core_power_down
 .text.rf_core_set_modesel
                0x00007368       0x68 contiki-srf06-cc26xx.a(rf-core.o)
                0x00007368                rf_core_set_modesel
 .text.rf_core_boot
                0x000073d0       0x30 contiki-srf06-cc26xx.a(rf-core.o)
                0x000073d0                rf_core_boot
 .text.rf_core_setup_interrupts
                0x00007400       0x6c contiki-srf06-cc26xx.a(rf-core.o)
                0x00007400                rf_core_setup_interrupts
 .text.rf_core_cmd_done_en
                0x0000746c       0x28 contiki-srf06-cc26xx.a(rf-core.o)
                0x0000746c                rf_core_cmd_done_en
 .text.rf_core_cmd_done_dis
                0x00007494       0x10 contiki-srf06-cc26xx.a(rf-core.o)
                0x00007494                rf_core_cmd_done_dis
 .text.rf_core_get_last_radio_op
                0x000074a4        0xc contiki-srf06-cc26xx.a(rf-core.o)
                0x000074a4                rf_core_get_last_radio_op
 .text.rf_core_init_radio_op
                0x000074b0       0x20 contiki-srf06-cc26xx.a(rf-core.o)
                0x000074b0                rf_core_init_radio_op
 .text.rf_core_primary_mode_register
                0x000074d0        0xc contiki-srf06-cc26xx.a(rf-core.o)
                0x000074d0                rf_core_primary_mode_register
 .text.RFCCPE1IntHandler
                0x000074dc       0x28 contiki-srf06-cc26xx.a(rf-core.o)
                0x000074dc                RFCCPE1IntHandler
 .text.RFCCPE0IntHandler
                0x00007504       0x5c contiki-srf06-cc26xx.a(rf-core.o)
                0x00007504                RFCCPE0IntHandler
 .text.rf_ble_is_active
                0x00007560        0xc contiki-srf06-cc26xx.a(rf-ble.o)
                0x00007560                rf_ble_is_active
 .text.memb_init
                0x0000756c       0x24 contiki-srf06-cc26xx.a(memb.o)
                0x0000756c                memb_init
 .text.memb_alloc
                0x00007590       0x3c contiki-srf06-cc26xx.a(memb.o)
                0x00007590                memb_alloc
 .text.memb_free
                0x000075cc       0x44 contiki-srf06-cc26xx.a(memb.o)
                0x000075cc                memb_free
 .text.memb_inmemb
                0x00007610       0x1c contiki-srf06-cc26xx.a(memb.o)
                0x00007610                memb_inmemb
 .text.abc_open
                0x0000762c       0x20 contiki-srf06-cc26xx.a(abc.o)
                0x0000762c                abc_open
 .text.abc_send
                0x0000764c        0x4 contiki-srf06-cc26xx.a(abc.o)
                0x0000764c                abc_send
 .text.abc_input
                0x00007650        0xc contiki-srf06-cc26xx.a(abc.o)
                0x00007650                abc_input
 .text.abc_sent
                0x0000765c        0xc contiki-srf06-cc26xx.a(abc.o)
                0x0000765c                abc_sent
 .text.announcement_init
                0x00007668        0xc contiki-srf06-cc26xx.a(announcement.o)
                0x00007668                announcement_init
 .text.announcement_register_observer_callback
                0x00007674        0xc contiki-srf06-cc26xx.a(announcement.o)
                0x00007674                announcement_register_observer_callback
 .text.announcement_list
                0x00007680        0xc contiki-srf06-cc26xx.a(announcement.o)
                0x00007680                announcement_list
 .text.announcement_heard
                0x0000768c       0x3c contiki-srf06-cc26xx.a(announcement.o)
                0x0000768c                announcement_heard
 .text.adv_packet_sent
                0x000076c8        0x4 contiki-srf06-cc26xx.a(broadcast-annou)
 .text.set_timers
                0x000076cc       0x3c contiki-srf06-cc26xx.a(broadcast-annou)
 .text.send_timer
                0x00007708       0x18 contiki-srf06-cc26xx.a(broadcast-annou)
 .text.send_adv
                0x00007720       0x58 contiki-srf06-cc26xx.a(broadcast-annou)
 .text.adv_packet_received
                0x00007778       0x48 contiki-srf06-cc26xx.a(broadcast-annou)
 .text.new_announcement
                0x000077c0       0x18 contiki-srf06-cc26xx.a(broadcast-annou)
 .text.broadcast_announcement_init
                0x000077d8       0x30 contiki-srf06-cc26xx.a(broadcast-annou)
                0x000077d8                broadcast_announcement_init
 .text.sent_by_abc
                0x00007808        0xc contiki-srf06-cc26xx.a(broadcast.o)
 .text.recv_from_abc
                0x00007814       0x24 contiki-srf06-cc26xx.a(broadcast.o)
 .text.broadcast_open
                0x00007838       0x24 contiki-srf06-cc26xx.a(broadcast.o)
                0x00007838                broadcast_open
 .text.broadcast_send
                0x0000785c       0x1c contiki-srf06-cc26xx.a(broadcast.o)
                0x0000785c                broadcast_send
 .text.chameleon_init
                0x00007878        0x4 contiki-srf06-cc26xx.a(chameleon.o)
                0x00007878                chameleon_init
 .text.chameleon_parse
                0x0000787c       0x1c contiki-srf06-cc26xx.a(chameleon.o)
                0x0000787c                chameleon_parse
 .text.chameleon_create
                0x00007898       0x20 contiki-srf06-cc26xx.a(chameleon.o)
                0x00007898                chameleon_create
 .text.chameleon_hdrsize
                0x000078b8        0xc contiki-srf06-cc26xx.a(chameleon.o)
                0x000078b8                chameleon_hdrsize
 .text.channel_init
                0x000078c4        0xc contiki-srf06-cc26xx.a(channel.o)
                0x000078c4                channel_init
 .text.channel_open
                0x000078d0       0x10 contiki-srf06-cc26xx.a(channel.o)
                0x000078d0                channel_open
 .text.channel_lookup
                0x000078e0       0x30 contiki-srf06-cc26xx.a(channel.o)
                0x000078e0                channel_lookup
 .text.channel_set_attributes
                0x00007910       0x18 contiki-srf06-cc26xx.a(channel.o)
                0x00007910                channel_set_attributes
 .text.AONBatMonTemperatureGetDegC
                0x00007928       0x30 contiki-srf06-cc26xx.a(aon_batmon.o)
                0x00007928                AONBatMonTemperatureGetDegC
 .text.ChipInfo_GetSupportedProtocol_BV
                0x00007958       0x10 contiki-srf06-cc26xx.a(chipinfo.o)
                0x00007958                ChipInfo_GetSupportedProtocol_BV
 .text.ChipInfo_GetChipFamily
                0x00007968       0x38 contiki-srf06-cc26xx.a(chipinfo.o)
                0x00007968                ChipInfo_GetChipFamily
 .text.ChipInfo_GetHwRevision
                0x000079a0       0x98 contiki-srf06-cc26xx.a(chipinfo.o)
                0x000079a0                ChipInfo_GetHwRevision
 .text.ThisCodeIsBuiltForCC26xxHwRev22AndLater_HaltIfViolated
                0x00007a38       0x2c contiki-srf06-cc26xx.a(chipinfo.o)
                0x00007a38                ThisCodeIsBuiltForCC26xxHwRev22AndLater_HaltIfViolated
 .text.parse    0x00007a64       0xa4 contiki-srf06-cc26xx.a(framer-802154.o)
 .text.create_frame.isra.0
                0x00007b08      0x138 contiki-srf06-cc26xx.a(framer-802154.o)
 .text.create   0x00007c40        0x8 contiki-srf06-cc26xx.a(framer-802154.o)
 .text.hdr_length
                0x00007c48        0x8 contiki-srf06-cc26xx.a(framer-802154.o)
 .text.mac_sequence_is_duplicate
                0x00007c50       0x3c contiki-srf06-cc26xx.a(mac-sequence.o)
                0x00007c50                mac_sequence_is_duplicate
 .text.mac_sequence_register_seqno
                0x00007c8c       0x58 contiki-srf06-cc26xx.a(mac-sequence.o)
                0x00007c8c                mac_sequence_register_seqno
 .text.header_size
                0x00007ce4       0x1c contiki-srf06-cc26xx.a(chameleon-bitop)
 .text.get_bits
                0x00007d00       0xa8 contiki-srf06-cc26xx.a(chameleon-bitop)
                0x00007d00                get_bits
 .text.unpack_header
                0x00007da8       0xb8 contiki-srf06-cc26xx.a(chameleon-bitop)
 .text.set_bits
                0x00007e60       0xcc contiki-srf06-cc26xx.a(chameleon-bitop)
                0x00007e60                set_bits
 .text.pack_header
                0x00007f2c       0xa8 contiki-srf06-cc26xx.a(chameleon-bitop)
 .text.frame802154_get_pan_id
                0x00007fd4        0xc contiki-srf06-cc26xx.a(frame802154.o)
                0x00007fd4                frame802154_get_pan_id
 .text.frame802154_has_panid
                0x00007fe0       0x54 contiki-srf06-cc26xx.a(frame802154.o)
                0x00007fe0                frame802154_has_panid
 .text.field_len
                0x00008034       0x9c contiki-srf06-cc26xx.a(frame802154.o)
 .text.frame802154_is_broadcast_addr
                0x000080d0       0x20 contiki-srf06-cc26xx.a(frame802154.o)
                0x000080d0                frame802154_is_broadcast_addr
 .text.frame802154_hdrlen
                0x000080f0       0x34 contiki-srf06-cc26xx.a(frame802154.o)
                0x000080f0                frame802154_hdrlen
 .text.frame802154_create
                0x00008124      0x10c contiki-srf06-cc26xx.a(frame802154.o)
                0x00008124                frame802154_create
 .text.frame802154_parse
                0x00008230      0x17c contiki-srf06-cc26xx.a(frame802154.o)
                0x00008230                frame802154_parse
 .text.exp2     0x000083ac       0x10 /usr/bin/../lib/gcc/arm-none-eabi/4.9.3/../../../../arm-none-eabi/lib/armv7-m/libm.a(lib_a-w_exp2.o)
                0x000083ac                exp2
 .text.pow      0x000083bc      0x2f0 /usr/bin/../lib/gcc/arm-none-eabi/4.9.3/../../../../arm-none-eabi/lib/armv7-m/libm.a(lib_a-w_pow.o)
                0x000083bc                pow
 .text.__ieee754_sqrt
                0x000086ac      0x18c /usr/bin/../lib/gcc/arm-none-eabi/4.9.3/../../../../arm-none-eabi/lib/armv7-m/libm.a(lib_a-e_sqrt.o)
                0x000086ac                __ieee754_sqrt
 .text.fabs     0x00008838        0x8 /usr/bin/../lib/gcc/arm-none-eabi/4.9.3/../../../../arm-none-eabi/lib/armv7-m/libm.a(lib_a-s_fabs.o)
                0x00008838                fabs
 .text.finite   0x00008840        0xc /usr/bin/../lib/gcc/arm-none-eabi/4.9.3/../../../../arm-none-eabi/lib/armv7-m/libm.a(lib_a-s_finite.o)
                0x00008840                finite
 .text.__fpclassifyd
                0x0000884c       0x58 /usr/bin/../lib/gcc/arm-none-eabi/4.9.3/../../../../arm-none-eabi/lib/armv7-m/libm.a(lib_a-s_fpclassify.o)
                0x0000884c                __fpclassifyd
 .text.matherr  0x000088a4        0x4 /usr/bin/../lib/gcc/arm-none-eabi/4.9.3/../../../../arm-none-eabi/lib/armv7-m/libm.a(lib_a-s_matherr.o)
                0x000088a4                matherr
 .text.nan      0x000088a8        0xc /usr/bin/../lib/gcc/arm-none-eabi/4.9.3/../../../../arm-none-eabi/lib/armv7-m/libm.a(lib_a-s_nan.o)
                0x000088a8                nan
 .text.rint     0x000088b4      0x11c /usr/bin/../lib/gcc/arm-none-eabi/4.9.3/../../../../arm-none-eabi/lib/armv7-m/libm.a(lib_a-s_rint.o)
                0x000088b4                rint
 .text.copysign
                0x000089d0       0x10 /usr/bin/../lib/gcc/arm-none-eabi/4.9.3/../../../../arm-none-eabi/lib/armv7-m/libm.a(lib_a-s_copysign.o)
                0x000089d0                copysign
 .text          0x000089e0      0x370 /usr/bin/../lib/gcc/arm-none-eabi/4.9.3/armv7-m/libgcc.a(_arm_addsubdf3.o)
                0x000089e0                __aeabi_drsub
                0x000089e8                __aeabi_dsub
                0x000089e8                __subdf3
                0x000089ec                __adddf3
                0x000089ec                __aeabi_dadd
                0x00008c64                __aeabi_ui2d
                0x00008c64                __floatunsidf
                0x00008c84                __floatsidf
                0x00008c84                __aeabi_i2d
                0x00008ca8                __extendsfdf2
                0x00008ca8                __aeabi_f2d
                0x00008ce4                __aeabi_ul2d
                0x00008ce4                __floatundidf
                0x00008cf4                __floatdidf
                0x00008cf4                __aeabi_l2d
 .text          0x00008d50      0x424 /usr/bin/../lib/gcc/arm-none-eabi/4.9.3/armv7-m/libgcc.a(_arm_muldivdf3.o)
                0x00008d50                __aeabi_dmul
                0x00008d50                __muldf3
                0x00008fa4                __aeabi_ddiv
                0x00008fa4                __divdf3
 .text          0x00009174      0x110 /usr/bin/../lib/gcc/arm-none-eabi/4.9.3/armv7-m/libgcc.a(_arm_cmpdf2.o)
                0x00009174                __gtdf2
                0x00009174                __gedf2
                0x0000917c                __ltdf2
                0x0000917c                __ledf2
                0x00009184                __cmpdf2
                0x00009184                __eqdf2
                0x00009184                __nedf2
                0x00009200                __aeabi_cdrcmple
                0x00009210                __aeabi_cdcmple
                0x00009210                __aeabi_cdcmpeq
                0x00009220                __aeabi_dcmpeq
                0x00009234                __aeabi_dcmplt
                0x00009248                __aeabi_dcmple
                0x0000925c                __aeabi_dcmpge
                0x00009270                __aeabi_dcmpgt
 .text          0x00009284       0xa0 /usr/bin/../lib/gcc/arm-none-eabi/4.9.3/armv7-m/libgcc.a(_arm_truncdfsf2.o)
                0x00009284                __aeabi_d2f
                0x00009284                __truncdfsf2
 .text          0x00009324      0x21c /usr/bin/../lib/gcc/arm-none-eabi/4.9.3/armv7-m/libgcc.a(_arm_addsubsf3.o)
                0x00009324                __aeabi_frsub
                0x0000932c                __subsf3
                0x0000932c                __aeabi_fsub
                0x00009330                __aeabi_fadd
                0x00009330                __addsf3
                0x00009490                __aeabi_ui2f
                0x00009490                __floatunsisf
                0x00009498                __aeabi_i2f
                0x00009498                __floatsisf
                0x000094b4                __floatundisf
                0x000094b4                __aeabi_ul2f
                0x000094c4                __floatdisf
                0x000094c4                __aeabi_l2f
 .text          0x00009540      0x2a0 /usr/bin/../lib/gcc/arm-none-eabi/4.9.3/armv7-m/libgcc.a(_arm_muldivsf3.o)
                0x00009540                __mulsf3
                0x00009540                __aeabi_fmul
                0x000096a8                __divsf3
                0x000096a8                __aeabi_fdiv
 .text          0x000097e0       0x4c /usr/bin/../lib/gcc/arm-none-eabi/4.9.3/armv7-m/libgcc.a(_arm_fixsfsi.o)
                0x000097e0                __fixsfsi
                0x000097e0                __aeabi_f2iz
 .text          0x0000982c       0x30 /usr/bin/../lib/gcc/arm-none-eabi/4.9.3/armv7-m/libgcc.a(_aeabi_uldivmod.o)
                0x0000982c                __aeabi_uldivmod
 .text          0x0000985c       0x60 /usr/bin/../lib/gcc/arm-none-eabi/4.9.3/armv7-m/libgcc.a(bpabi.o)
                0x0000985c                __gnu_ldivmod_helper
                0x0000988c                __gnu_uldivmod_helper
 .text          0x000098bc        0x4 /usr/bin/../lib/gcc/arm-none-eabi/4.9.3/armv7-m/libgcc.a(_dvmd_tls.o)
                0x000098bc                __aeabi_ldiv0
                0x000098bc                __aeabi_idiv0
 .text          0x000098c0      0x2ac /usr/bin/../lib/gcc/arm-none-eabi/4.9.3/armv7-m/libgcc.a(_divdi3.o)
                0x000098c0                __divdi3
 .text          0x00009b6c      0x270 /usr/bin/../lib/gcc/arm-none-eabi/4.9.3/armv7-m/libgcc.a(_udivdi3.o)
                0x00009b6c                __udivdi3
 .text.__errno  0x00009ddc        0xc /usr/bin/../lib/gcc/arm-none-eabi/4.9.3/../../../../arm-none-eabi/lib/armv7-m/libc.a(lib_a-errno.o)
                0x00009ddc                __errno
 .text.memcmp   0x00009de8       0x64 /usr/bin/../lib/gcc/arm-none-eabi/4.9.3/../../../../arm-none-eabi/lib/armv7-m/libc.a(lib_a-memcmp.o)
                0x00009de8                memcmp
 .text          0x00009e4c       0xec /usr/bin/../lib/gcc/arm-none-eabi/4.9.3/../../../../arm-none-eabi/lib/armv7-m/libc.a(lib_a-memcpy.o)
                0x00009e4c                memcpy
 .text.memset   0x00009f38       0x9c /usr/bin/../lib/gcc/arm-none-eabi/4.9.3/../../../../arm-none-eabi/lib/armv7-m/libc.a(lib_a-memset.o)
                0x00009f38                memset
 .text.srand    0x00009fd4       0x14 /usr/bin/../lib/gcc/arm-none-eabi/4.9.3/../../../../arm-none-eabi/lib/armv7-m/libc.a(lib_a-rand.o)
                0x00009fd4                srand
 .text.rand     0x00009fe8       0x40 /usr/bin/../lib/gcc/arm-none-eabi/4.9.3/../../../../arm-none-eabi/lib/armv7-m/libc.a(lib_a-rand.o)
                0x00009fe8                rand
 .text          0x0000a028      0x1bc /usr/bin/../lib/gcc/arm-none-eabi/4.9.3/../../../../arm-none-eabi/lib/armv7-m/libc.a(lib_a-strcmp.o)
                0x0000a028                strcmp
 .text.strlen   0x0000a1e4       0x5c /usr/bin/../lib/gcc/arm-none-eabi/4.9.3/../../../../arm-none-eabi/lib/armv7-m/libc.a(lib_a-strlen.o)
                0x0000a1e4                strlen
 *(SORT(.rodata*))
 .rodata.dp_h   0x0000a240       0x10 /usr/bin/../lib/gcc/arm-none-eabi/4.9.3/../../../../arm-none-eabi/lib/armv7-m/libm.a(lib_a-e_pow.o)
 .rodata.dp_l   0x0000a250       0x10 /usr/bin/../lib/gcc/arm-none-eabi/4.9.3/../../../../arm-none-eabi/lib/armv7-m/libm.a(lib_a-e_pow.o)
 .rodata.bp     0x0000a260       0x10 /usr/bin/../lib/gcc/arm-none-eabi/4.9.3/../../../../arm-none-eabi/lib/armv7-m/libm.a(lib_a-e_pow.o)
 .rodata.TWO52  0x0000a270       0x10 /usr/bin/../lib/gcc/arm-none-eabi/4.9.3/../../../../arm-none-eabi/lib/armv7-m/libm.a(lib_a-s_rint.o)
 .rodata.autostart_processes
                0x0000a280        0x8 light-sample.co
                0x0000a280                autostart_processes
 .rodata.str1.4
                0x0000a288       0x82 light-sample.co
 *fill*         0x0000a30a        0x2 00000000
 .rodata.str1.4
                0x0000a30c       0xa1 contiki-srf06-cc26xx.a(contiki-main.o)
 *fill*         0x0000a3ad        0x3 00000000
 .rodata.str1.4
                0x0000a3b0        0x8 contiki-srf06-cc26xx.a(sensors.o)
 .rodata.str1.4
                0x0000a3b8        0x7 contiki-srf06-cc26xx.a(bmp-280-sensor.)
 *fill*         0x0000a3bf        0x1 00000000
 .rodata.bmp_280_sensor
                0x0000a3c0       0x10 contiki-srf06-cc26xx.a(bmp-280-sensor.)
                0x0000a3c0                bmp_280_sensor
 .rodata.tmp_007_sensor
                0x0000a3d0       0x10 contiki-srf06-cc26xx.a(tmp-007-sensor.)
                0x0000a3d0                tmp_007_sensor
 .rodata.str1.4
                0x0000a3e0        0x7 contiki-srf06-cc26xx.a(tmp-007-sensor.)
 *fill*         0x0000a3e7        0x1 00000000
 .rodata.str1.4
                0x0000a3e8        0x8 contiki-srf06-cc26xx.a(opt-3001-sensor)
 .rodata.opt_3001_sensor
                0x0000a3f0       0x10 contiki-srf06-cc26xx.a(opt-3001-sensor)
                0x0000a3f0                opt_3001_sensor
 .rodata.hdc_1000_sensor
                0x0000a400       0x10 contiki-srf06-cc26xx.a(hdc-1000-sensor)
                0x0000a400                hdc_1000_sensor
 .rodata.str1.4
                0x0000a410        0x8 contiki-srf06-cc26xx.a(hdc-1000-sensor)
 .rodata.mpu_9250_sensor
                0x0000a418       0x10 contiki-srf06-cc26xx.a(mpu-9250-sensor)
                0x0000a418                mpu_9250_sensor
 .rodata.str1.4
                0x0000a428        0x8 contiki-srf06-cc26xx.a(mpu-9250-sensor)
 .rodata.str1.4
                0x0000a430        0x7 contiki-srf06-cc26xx.a(button-sensor.o)
 *fill*         0x0000a437        0x1 00000000
 .rodata.button_left_sensor
                0x0000a438       0x10 contiki-srf06-cc26xx.a(button-sensor.o)
                0x0000a438                button_left_sensor
 .rodata.button_right_sensor
                0x0000a448       0x10 contiki-srf06-cc26xx.a(button-sensor.o)
                0x0000a448                button_right_sensor
 .rodata.str1.4
                0x0000a458        0x5 contiki-srf06-cc26xx.a(reed-relay.o)
 *fill*         0x0000a45d        0x3 00000000
 .rodata.reed_relay_sensor
                0x0000a460       0x10 contiki-srf06-cc26xx.a(reed-relay.o)
                0x0000a460                reed_relay_sensor
 .rodata.output_power
                0x0000a470       0x68 contiki-srf06-cc26xx.a(ieee-mode.o)
 .rodata.ieee_mode_driver
                0x0000a4d8       0x38 contiki-srf06-cc26xx.a(ieee-mode.o)
                0x0000a4d8                ieee_mode_driver
 .rodata.mode_ieee
                0x0000a510        0x8 contiki-srf06-cc26xx.a(ieee-mode.o)
 .rodata.str1.4
                0x0000a518       0x46 contiki-srf06-cc26xx.a(strformat.o)
 *fill*         0x0000a55e        0x2 00000000
 .rodata.buffer.4019
                0x0000a560       0x10 contiki-srf06-cc26xx.a(strformat.o)
 .rodata.buffer.4028
                0x0000a570       0x10 contiki-srf06-cc26xx.a(strformat.o)
 .rodata.str1.4
                0x0000a580        0xf contiki-srf06-cc26xx.a(ctimer.o)
 *fill*         0x0000a58f        0x1 00000000
 .rodata.str1.4
                0x0000a590        0xc contiki-srf06-cc26xx.a(etimer.o)
 .rodata.str1.4
                0x0000a59c        0xe contiki-srf06-cc26xx.a(serial-line.o)
 *fill*         0x0000a5aa        0x2 00000000
 .rodata.str1.4
                0x0000a5ac        0x5 contiki-srf06-cc26xx.a(rime.o)
 *fill*         0x0000a5b1        0x3 00000000
 .rodata.rime_driver
                0x0000a5b4        0xc contiki-srf06-cc26xx.a(rime.o)
                0x0000a5b4                rime_driver
 .rodata.linkaddr_null
                0x0000a5c0        0x2 contiki-srf06-cc26xx.a(linkaddr.o)
                0x0000a5c0                linkaddr_null
 *fill*         0x0000a5c2        0x2 00000000
 .rodata.str1.4
                0x0000a5c4        0x5 contiki-srf06-cc26xx.a(csma.o)
 *fill*         0x0000a5c9        0x3 00000000
 .rodata.csma_driver
                0x0000a5cc       0x1c contiki-srf06-cc26xx.a(csma.o)
                0x0000a5cc                csma_driver
 .rodata.str1.4
                0x0000a5e8        0xb contiki-srf06-cc26xx.a(contikimac.o)
 *fill*         0x0000a5f3        0x1 00000000
 .rodata.contikimac_driver
                0x0000a5f4       0x20 contiki-srf06-cc26xx.a(contikimac.o)
                0x0000a5f4                contikimac_driver
 .rodata.str1.4
                0x0000a614        0x8 contiki-srf06-cc26xx.a(nullsec.o)
 .rodata.nullsec_driver
                0x0000a61c       0x10 contiki-srf06-cc26xx.a(nullsec.o)
                0x0000a61c                nullsec_driver
 .rodata        0x0000a62c        0x4 contiki-srf06-cc26xx.a(ext-flash.o)
 .rodata.str1.4
                0x0000a630       0x46 contiki-srf06-cc26xx.a(rf-core.o)
 *fill*         0x0000a676        0x2 00000000
 .rodata.attributes
                0x0000a678        0x2 contiki-srf06-cc26xx.a(abc.o)
 *fill*         0x0000a67a        0x2 00000000
 .rodata.broadcast_callbacks
                0x0000a67c        0x8 contiki-srf06-cc26xx.a(broadcast-annou)
 .rodata.attributes
                0x0000a684        0x4 contiki-srf06-cc26xx.a(broadcast.o)
 .rodata.broadcast
                0x0000a688        0x8 contiki-srf06-cc26xx.a(broadcast.o)
 .rodata.framer_802154
                0x0000a690        0xc contiki-srf06-cc26xx.a(framer-802154.o)
                0x0000a690                framer_802154
 .rodata.chameleon_bitopt
                0x0000a69c        0xc contiki-srf06-cc26xx.a(chameleon-bitop)
                0x0000a69c                chameleon_bitopt
 .rodata.bitmask
                0x0000a6a8        0x9 contiki-srf06-cc26xx.a(chameleon-bitop)
 *fill*         0x0000a6b1        0x3 00000000
 .rodata.str1.4
                0x0000a6b4        0x4 /usr/bin/../lib/gcc/arm-none-eabi/4.9.3/../../../../arm-none-eabi/lib/armv7-m/libm.a(lib_a-w_pow.o)
 .rodata.str1.4
                0x00000000        0x4 /usr/bin/../lib/gcc/arm-none-eabi/4.9.3/../../../../arm-none-eabi/lib/armv7-m/libm.a(lib_a-e_pow.o)
                                  0x1 (size before relaxing)
 .rodata.str1.4
                0x0000a6b8        0x4 /usr/bin/../lib/gcc/arm-none-eabi/4.9.3/../../../../arm-none-eabi/lib/armv7-m/libc.a(lib_a-impure.o)
                                  0x2 (size before relaxing)
                0x0000a6bc                _etext = .

.glue_7         0x0000a6bc        0x0
 .glue_7        0x00000000        0x0 linker stubs

.glue_7t        0x0000a6bc        0x0
 .glue_7t       0x00000000        0x0 linker stubs

.vfp11_veneer   0x0000a6bc        0x0
 .vfp11_veneer  0x00000000        0x0 linker stubs

.v4_bx          0x0000a6bc        0x0
 .v4_bx         0x00000000        0x0 linker stubs

.iplt           0x0000a6bc        0x0
 .iplt          0x00000000        0x0 obj_srf06-cc26xx/startup_gcc.o

.data           0x20000000      0x57c load address 0x0000a6bc
                0x20000000                _data = .
 *(SORT(vtable))
 *(SORT(.data*))
 .data.impure_data
                0x20000000      0x428 /usr/bin/../lib/gcc/arm-none-eabi/4.9.3/../../../../arm-none-eabi/lib/armv7-m/libc.a(lib_a-impure.o)
 .data.procKeys
                0x20000428       0x10 light-sample.co
                0x20000428                procKeys
 .data.optic_total_samples
                0x20000438        0x4 light-sample.co
                0x20000438                optic_total_samples
 .data.sensors_process
                0x2000043c       0x10 contiki-srf06-cc26xx.a(sensors.o)
                0x2000043c                sensors_process
 .data.sensors  0x2000044c       0x24 contiki-srf06-cc26xx.a(sensortag-senso)
                0x2000044c                sensors
 .data.sensortag_module
                0x20000470       0x14 contiki-srf06-cc26xx.a(board.o)
 .data.uart_module
                0x20000484       0x14 contiki-srf06-cc26xx.a(cc26xx-uart.o)
 .data.cc26xx_rf_lpm_module
                0x20000498       0x14 contiki-srf06-cc26xx.a(ieee-mode.o)
 .data.tx_power_current
                0x200004ac        0x4 contiki-srf06-cc26xx.a(ieee-mode.o)
                0x200004ac                tx_power_current
 .data.ieee_overrides
                0x200004b0       0x2c contiki-srf06-cc26xx.a(ieee-mode.o)
 .data.ctxt     0x200004dc        0x8 contiki-srf06-cc26xx.a(dbg-printf.o)
 .data.ctimer_process
                0x200004e4       0x10 contiki-srf06-cc26xx.a(ctimer.o)
                0x200004e4                ctimer_process
 .data.etimer_process
                0x200004f4       0x10 contiki-srf06-cc26xx.a(etimer.o)
                0x200004f4                etimer_process
 .data.serial_line_process
                0x20000504       0x10 contiki-srf06-cc26xx.a(serial-line.o)
                0x20000504                serial_line_process
 .data.bufmem   0x20000514        0xc contiki-srf06-cc26xx.a(queuebuf.o)
 .data.buframmem
                0x20000520        0xc contiki-srf06-cc26xx.a(queuebuf.o)
 .data.metadata_memb
                0x2000052c        0xc contiki-srf06-cc26xx.a(csma.o)
 .data.neighbor_memb
                0x20000538        0xc contiki-srf06-cc26xx.a(csma.o)
 .data.packet_memb
                0x20000544        0xc contiki-srf06-cc26xx.a(csma.o)
 .data.buzzer_module
                0x20000550       0x14 contiki-srf06-cc26xx.a(buzzer.o)
 .data.rf_core_process
                0x20000564       0x10 contiki-srf06-cc26xx.a(rf-core.o)
                0x20000564                rf_core_process
 .data._impure_ptr
                0x20000574        0x4 /usr/bin/../lib/gcc/arm-none-eabi/4.9.3/../../../../arm-none-eabi/lib/armv7-m/libc.a(lib_a-impure.o)
                0x20000574                _impure_ptr
 .data.mac_pan_id
                0x20000578        0x2 contiki-srf06-cc26xx.a(frame802154.o)
 .data.interface
                0x2000057a        0x1 contiki-srf06-cc26xx.a(board-i2c.o)
 .data.__fdlib_version
                0x2000057b        0x1 /usr/bin/../lib/gcc/arm-none-eabi/4.9.3/../../../../arm-none-eabi/lib/armv7-m/libm.a(lib_a-s_lib_ver.o)
                0x2000057b                __fdlib_version
                0x2000057c                _edata = .

.igot.plt       0x2000057c        0x0 load address 0x0000ac38
 .igot.plt      0x00000000        0x0 obj_srf06-cc26xx/startup_gcc.o

.ARM.exidx      0x0000ac38        0x8
 *(SORT(.ARM.exidx*))
 .ARM.exidx     0x0000ac38        0x8 /usr/bin/../lib/gcc/arm-none-eabi/4.9.3/armv7-m/libgcc.a(_divdi3.o)
 .ARM.exidx     0x0000ac40        0x0 /usr/bin/../lib/gcc/arm-none-eabi/4.9.3/armv7-m/libgcc.a(_udivdi3.o)
                                  0x8 (size before relaxing)

.bss            0x20000580     0x11be
                0x20000580                _bss = .
 *(SORT(.bss*))
 .bss.count     0x20000580        0x8 contiki-srf06-cc26xx.a(clock.o)
 .bss.optic_sample_count
                0x20000588        0x4 light-sample.co
                0x20000588                optic_sample_count
 .bss.optic_sampling_freq
                0x2000058c        0x4 light-sample.co
                0x2000058c                optic_sampling_freq
 .bss.optic_ctimer
                0x20000590       0x20 light-sample.co
 .bss.i.4813    0x200005b0        0x4 contiki-srf06-cc26xx.a(sensors.o)
 .bss.events.4814
                0x200005b4        0x4 contiki-srf06-cc26xx.a(sensors.o)
 .bss.inited    0x200005b8        0x4 contiki-srf06-cc26xx.a(leds-arch.o)
 .bss.sensor_value
                0x200005bc        0x6 contiki-srf06-cc26xx.a(bmp-280-sensor.)
 *fill*         0x200005c2        0x2 
 .bss.calibration_data
                0x200005c4       0x18 contiki-srf06-cc26xx.a(bmp-280-sensor.)
 .bss.startup_timer
                0x200005dc       0x20 contiki-srf06-cc26xx.a(bmp-280-sensor.)
 .bss.enabled   0x200005fc        0x4 contiki-srf06-cc26xx.a(bmp-280-sensor.)
 .bss.obj_temp_latched
                0x20000600        0x4 contiki-srf06-cc26xx.a(tmp-007-sensor.)
 .bss.startup_timer
                0x20000604       0x20 contiki-srf06-cc26xx.a(tmp-007-sensor.)
 .bss.enabled   0x20000624        0x4 contiki-srf06-cc26xx.a(tmp-007-sensor.)
 .bss.buf       0x20000628        0x4 contiki-srf06-cc26xx.a(tmp-007-sensor.)
 .bss.amb_temp_latched
                0x2000062c        0x4 contiki-srf06-cc26xx.a(tmp-007-sensor.)
 .bss.startup_timer
                0x20000630       0x20 contiki-srf06-cc26xx.a(opt-3001-sensor)
 .bss.state     0x20000650        0x4 contiki-srf06-cc26xx.a(opt-3001-sensor)
 .bss.startup_timer
                0x20000654       0x20 contiki-srf06-cc26xx.a(hdc-1000-sensor)
 .bss.enabled   0x20000674        0x4 contiki-srf06-cc26xx.a(hdc-1000-sensor)
 .bss.data      0x20000678        0x4 contiki-srf06-cc26xx.a(hdc-1000-sensor)
 .bss.sensor_value
                0x2000067c        0x6 contiki-srf06-cc26xx.a(mpu-9250-sensor)
 *fill*         0x20000682        0x2 
 .bss.startup_timer
                0x20000684       0x20 contiki-srf06-cc26xx.a(mpu-9250-sensor)
 .bss.state     0x200006a4        0x4 contiki-srf06-cc26xx.a(mpu-9250-sensor)
 .bss.elements  0x200006a8        0x4 contiki-srf06-cc26xx.a(mpu-9250-sensor)
 .bss.left_timer
                0x200006ac       0x10 contiki-srf06-cc26xx.a(button-sensor.o)
 .bss.debouncetimer
                0x200006bc        0x8 contiki-srf06-cc26xx.a(reed-relay.o)
 .bss.last_isr_time
                0x200006c4        0x4 contiki-srf06-cc26xx.a(soc-rtc.o)
 .bss.input_handler
                0x200006c8        0x4 contiki-srf06-cc26xx.a(cc26xx-uart.o)
 .bss.modules_list_list
                0x200006cc        0x4 contiki-srf06-cc26xx.a(lpm.o)
 .bss.handlers  0x200006d0       0x80 contiki-srf06-cc26xx.a(gpio-interrupt.)
 .bss.rf_stats  0x20000750       0x10 contiki-srf06-cc26xx.a(ieee-mode.o)
 .bss.rx_data_queue
                0x20000760        0x8 contiki-srf06-cc26xx.a(ieee-mode.o)
 .bss.rx_read_entry
                0x20000768        0x4 contiki-srf06-cc26xx.a(ieee-mode.o)
 .bss.cmd_ieee_rx_buf
                0x2000076c       0x80 contiki-srf06-cc26xx.a(ieee-mode.o)
 .bss.tx_buf    0x200007ec       0xb6 contiki-srf06-cc26xx.a(ieee-mode.o)
 *fill*         0x200008a2        0x2 
 .bss.rx_buf_1  0x200008a4       0x8c contiki-srf06-cc26xx.a(ieee-mode.o)
 .bss.rx_buf_0  0x20000930       0x8c contiki-srf06-cc26xx.a(ieee-mode.o)
 .bss.rx_buf_2  0x200009bc       0x8c contiki-srf06-cc26xx.a(ieee-mode.o)
 .bss.rx_buf_3  0x20000a48       0x8c contiki-srf06-cc26xx.a(ieee-mode.o)
 .bss.ctimer_list_list
                0x20000ad4        0x4 contiki-srf06-cc26xx.a(ctimer.o)
 .bss.timerlist
                0x20000ad8        0x4 contiki-srf06-cc26xx.a(etimer.o)
 .bss.next_expiration
                0x20000adc        0x4 contiki-srf06-cc26xx.a(etimer.o)
 .bss.p.5177    0x20000ae0        0x4 contiki-srf06-cc26xx.a(process.o)
 .bss.process_current
                0x20000ae4        0x4 contiki-srf06-cc26xx.a(process.o)
                0x20000ae4                process_current
 .bss.process_list
                0x20000ae8        0x4 contiki-srf06-cc26xx.a(process.o)
                0x20000ae8                process_list
 .bss.events    0x20000aec      0x180 contiki-srf06-cc26xx.a(process.o)
 .bss.data.5175
                0x20000c6c        0x4 contiki-srf06-cc26xx.a(process.o)
 .bss.receiver.5176
                0x20000c70        0x4 contiki-srf06-cc26xx.a(process.o)
 .bss.next_rtimer
                0x20000c74        0x4 contiki-srf06-cc26xx.a(rtimer.o)
 .bss.rxbuf_data
                0x20000c78       0x80 contiki-srf06-cc26xx.a(serial-line.o)
 .bss.rxbuf     0x20000cf8        0x8 contiki-srf06-cc26xx.a(serial-line.o)
 .bss.buf.4797  0x20000d00       0x80 contiki-srf06-cc26xx.a(serial-line.o)
 .bss.ptr.4798  0x20000d80        0x4 contiki-srf06-cc26xx.a(serial-line.o)
 .bss.sniffers_list
                0x20000d84        0x4 contiki-srf06-cc26xx.a(rime.o)
 .bss.powerQualGlobals
                0x20000d88        0x8 contiki-srf06-cc26xx.a(sys_ctrl.o)
 .bss.packetbufptr
                0x20000d90        0x4 contiki-srf06-cc26xx.a(packetbuf.o)
 .bss.packetbuf_aligned
                0x20000d94       0xb0 contiki-srf06-cc26xx.a(packetbuf.o)
 .bss.buframmem_memb_count
                0x20000e44        0x8 contiki-srf06-cc26xx.a(queuebuf.o)
 .bss.bufmem_memb_mem
                0x20000e4c       0x20 contiki-srf06-cc26xx.a(queuebuf.o)
 .bss.buframmem_memb_mem
                0x20000e6c      0x5f0 contiki-srf06-cc26xx.a(queuebuf.o)
 .bss.bufmem_memb_count
                0x2000145c        0x8 contiki-srf06-cc26xx.a(queuebuf.o)
 .bss.metadata_memb_memb_count
                0x20001464        0x8 contiki-srf06-cc26xx.a(csma.o)
 .bss.packet_memb_memb_count
                0x2000146c        0x8 contiki-srf06-cc26xx.a(csma.o)
 .bss.metadata_memb_memb_mem
                0x20001474       0x60 contiki-srf06-cc26xx.a(csma.o)
 .bss.neighbor_list_list
                0x200014d4        0x4 contiki-srf06-cc26xx.a(csma.o)
 .bss.packet_memb_memb_mem
                0x200014d8       0x60 contiki-srf06-cc26xx.a(csma.o)
 .bss.neighbor_memb_memb_count
                0x20001538        0x2 contiki-srf06-cc26xx.a(csma.o)
 *fill*         0x2000153a        0x2 
 .bss.neighbor_memb_memb_mem
                0x2000153c       0x68 contiki-srf06-cc26xx.a(csma.o)
 .bss.cycle_start
                0x200015a4        0x4 contiki-srf06-cc26xx.a(contikimac.o)
 .bss.we_are_receiving_burst
                0x200015a8        0x4 contiki-srf06-cc26xx.a(contikimac.o)
 .bss.rt        0x200015ac        0xc contiki-srf06-cc26xx.a(contikimac.o)
 .bss.ct.7059   0x200015b8       0x20 contiki-srf06-cc26xx.a(contikimac.o)
 .bss.pt        0x200015d8        0x2 contiki-srf06-cc26xx.a(contikimac.o)
 *fill*         0x200015da        0x2 
 .bss.start.6984
                0x200015dc        0x4 contiki-srf06-cc26xx.a(contikimac.o)
 .bss.buffer    0x200015e0       0x20 contiki-srf06-cc26xx.a(sensor-common.o)
 .bss.last_radio_op
                0x20001600        0x4 contiki-srf06-cc26xx.a(rf-core.o)
 .bss.primary_mode
                0x20001604        0x4 contiki-srf06-cc26xx.a(rf-core.o)
 .bss.announcements_list
                0x20001608        0x4 contiki-srf06-cc26xx.a(announcement.o)
 .bss.observer_callback
                0x2000160c        0x4 contiki-srf06-cc26xx.a(announcement.o)
 .bss.c         0x20001610       0x6c contiki-srf06-cc26xx.a(broadcast-annou)
 .bss.channel_list_list
                0x2000167c        0x4 contiki-srf06-cc26xx.a(channel.o)
 .bss.received_seqnos
                0x20001680       0x40 contiki-srf06-cc26xx.a(mac-sequence.o)
 .bss.val       0x200016c0        0x2 contiki-srf06-cc26xx.a(tmp-007-sensor.)
 .bss.raw_temp  0x200016c2        0x2 contiki-srf06-cc26xx.a(hdc-1000-sensor)
 .bss.raw_hum   0x200016c4        0x2 contiki-srf06-cc26xx.a(hdc-1000-sensor)
 .bss.buflen    0x200016c6        0x2 contiki-srf06-cc26xx.a(packetbuf.o)
 .bss.bufptr    0x200016c8        0x2 contiki-srf06-cc26xx.a(packetbuf.o)
 .bss.seqno.6234
                0x200016ca        0x2 contiki-srf06-cc26xx.a(csma.o)
 .bss.num_sensors
                0x200016cc        0x1 contiki-srf06-cc26xx.a(sensors.o)
 .bss.leds      0x200016cd        0x1 contiki-srf06-cc26xx.a(leds.o)
 .bss.c         0x200016ce        0x1 contiki-srf06-cc26xx.a(leds-arch.o)
 .bss.success   0x200016cf        0x1 contiki-srf06-cc26xx.a(hdc-1000-sensor)
 .bss.interrupt_status
                0x200016d0        0x1 contiki-srf06-cc26xx.a(mpu-9250-sensor)
 .bss.acc_range_reg
                0x200016d1        0x1 contiki-srf06-cc26xx.a(mpu-9250-sensor)
 .bss.mpu_config
                0x200016d2        0x1 contiki-srf06-cc26xx.a(mpu-9250-sensor)
 .bss.acc_range
                0x200016d3        0x1 contiki-srf06-cc26xx.a(mpu-9250-sensor)
 .bss.val       0x200016d4        0x1 contiki-srf06-cc26xx.a(mpu-9250-sensor)
 .bss.slave_addr
                0x200016d5        0x1 contiki-srf06-cc26xx.a(board-i2c.o)
 .bss.initialized
                0x200016d6        0x1 contiki-srf06-cc26xx.a(ctimer.o)
 .bss.fevent    0x200016d7        0x1 contiki-srf06-cc26xx.a(process.o)
 .bss.ev.5174   0x200016d8        0x1 contiki-srf06-cc26xx.a(process.o)
 .bss.nevents   0x200016d9        0x1 contiki-srf06-cc26xx.a(process.o)
 .bss.snum.5192
                0x200016da        0x1 contiki-srf06-cc26xx.a(process.o)
 .bss.poll_requested
                0x200016db        0x1 contiki-srf06-cc26xx.a(process.o)
 .bss.lastevent
                0x200016dc        0x1 contiki-srf06-cc26xx.a(process.o)
 .bss.overflow.4791
                0x200016dd        0x1 contiki-srf06-cc26xx.a(serial-line.o)
 .bss.hdrptr    0x200016de        0x1 contiki-srf06-cc26xx.a(packetbuf.o)
 .bss.initialized.6233
                0x200016df        0x1 contiki-srf06-cc26xx.a(csma.o)
 .bss.count.6979
                0x200016e0        0x1 contiki-srf06-cc26xx.a(contikimac.o)
 .bss.periods.6986
                0x200016e1        0x1 contiki-srf06-cc26xx.a(contikimac.o)
 .bss.radio_is_on
                0x200016e2        0x1 contiki-srf06-cc26xx.a(contikimac.o)
 .bss.we_are_sending
                0x200016e3        0x1 contiki-srf06-cc26xx.a(contikimac.o)
 .bss.contikimac_keep_radio_on
                0x200016e4        0x1 contiki-srf06-cc26xx.a(contikimac.o)
 .bss.silence_periods.6985
                0x200016e5        0x1 contiki-srf06-cc26xx.a(contikimac.o)
 .bss.contikimac_is_on
                0x200016e6        0x1 contiki-srf06-cc26xx.a(contikimac.o)
 .bss.packet_seen.6978
                0x200016e7        0x1 contiki-srf06-cc26xx.a(contikimac.o)
 .bss.buzzer_on
                0x200016e8        0x1 contiki-srf06-cc26xx.a(buzzer.o)
 .bss.ble_mode_on
                0x200016e9        0x1 contiki-srf06-cc26xx.a(rf-ble.o)
 .bss.mac_dsn   0x200016ea        0x1 contiki-srf06-cc26xx.a(framer-802154.o)
 .bss.initialized
                0x200016eb        0x1 contiki-srf06-cc26xx.a(framer-802154.o)
 *(SORT(COMMON))
 COMMON         0x200016ec        0x9 contiki-srf06-cc26xx.a(sensortag-senso)
                0x200016ec                sensors_flags
 *fill*         0x200016f5        0x3 
 COMMON         0x200016f8        0x4 contiki-srf06-cc26xx.a(mpu-9250-sensor)
                0x200016f8                t0
 COMMON         0x200016fc        0x2 contiki-srf06-cc26xx.a(linkaddr.o)
                0x200016fc                linkaddr_node_addr
 *fill*         0x200016fe        0x2 
 COMMON         0x20001700       0x3c contiki-srf06-cc26xx.a(packetbuf.o)
                0x20001700                packetbuf_addrs
                0x20001708                packetbuf_attrs
 COMMON         0x2000173c        0x1 contiki-srf06-cc26xx.a(sensors.o)
                0x2000173c                sensors_event
 COMMON         0x2000173d        0x1 contiki-srf06-cc26xx.a(serial-line.o)
                0x2000173d                serial_line_event_message
                0x2000173e                _ebss = .

.ccfg           0x0001ffa8       0x58
 *(SORT(.ccfg))
 .ccfg          0x0001ffa8       0x58 obj_srf06-cc26xx/ccfg.o
                0x0001ffa8                __ccfg

.rel.dyn        0x00020000        0x0
 .rel.iplt      0x00000000        0x0 obj_srf06-cc26xx/startup_gcc.o

._user_heap_stack
                0x2000173e      0x102
                0x20001740                . = ALIGN (0x4)
 *fill*         0x2000173e        0x2 
                0x20001740                . = (. + _Min_Heap_Size)
                0x20001840                . = (. + _Min_Stack_Size)
 *fill*         0x20001740      0x100 
                0x20001840                . = ALIGN (0x4)

.gpram
OUTPUT(light-sample.elf elf32-littlearm)

.comment        0x00000000       0x70
 .comment       0x00000000       0x70 obj_srf06-cc26xx/fault-handlers.o
                                 0x71 (size before relaxing)
 .comment       0x00000000       0x71 obj_srf06-cc26xx/ccfg.o
 .comment       0x00000000       0x71 obj_srf06-cc26xx/startup_gcc.o
 .comment       0x00000000       0x71 light-sample.co
 .comment       0x00000000       0x71 contiki-srf06-cc26xx.a(contiki-main.o)
 .comment       0x00000000       0x71 contiki-srf06-cc26xx.a(sensors.o)
 .comment       0x00000000       0x71 contiki-srf06-cc26xx.a(leds.o)
 .comment       0x00000000       0x71 contiki-srf06-cc26xx.a(leds-arch.o)
 .comment       0x00000000       0x71 contiki-srf06-cc26xx.a(sensortag-senso)
 .comment       0x00000000       0x71 contiki-srf06-cc26xx.a(bmp-280-sensor.)
 .comment       0x00000000       0x71 contiki-srf06-cc26xx.a(tmp-007-sensor.)
 .comment       0x00000000       0x71 contiki-srf06-cc26xx.a(opt-3001-sensor)
 .comment       0x00000000       0x71 contiki-srf06-cc26xx.a(hdc-1000-sensor)
 .comment       0x00000000       0x71 contiki-srf06-cc26xx.a(mpu-9250-sensor)
 .comment       0x00000000       0x71 contiki-srf06-cc26xx.a(button-sensor.o)
 .comment       0x00000000       0x71 contiki-srf06-cc26xx.a(reed-relay.o)
 .comment       0x00000000       0x71 contiki-srf06-cc26xx.a(board.o)
 .comment       0x00000000       0x71 contiki-srf06-cc26xx.a(board-i2c.o)
 .comment       0x00000000       0x71 contiki-srf06-cc26xx.a(clock.o)
 .comment       0x00000000       0x71 contiki-srf06-cc26xx.a(rtimer-arch.o)
 .comment       0x00000000       0x71 contiki-srf06-cc26xx.a(soc-rtc.o)
 .comment       0x00000000       0x71 contiki-srf06-cc26xx.a(contiki-watchdo)
 .comment       0x00000000       0x71 contiki-srf06-cc26xx.a(putchar.o)
 .comment       0x00000000       0x71 contiki-srf06-cc26xx.a(ieee-addr.o)
 .comment       0x00000000       0x71 contiki-srf06-cc26xx.a(cc26xx-uart.o)
 .comment       0x00000000       0x71 contiki-srf06-cc26xx.a(lpm.o)
 .comment       0x00000000       0x71 contiki-srf06-cc26xx.a(gpio-interrupt.)
 .comment       0x00000000       0x71 contiki-srf06-cc26xx.a(oscillators.o)
 .comment       0x00000000       0x71 contiki-srf06-cc26xx.a(ieee-mode.o)
 .comment       0x00000000       0x71 contiki-srf06-cc26xx.a(dbg-printf.o)
 .comment       0x00000000       0x71 contiki-srf06-cc26xx.a(dbg-sprintf.o)
 .comment       0x00000000       0x71 contiki-srf06-cc26xx.a(strformat.o)
 .comment       0x00000000       0x71 contiki-srf06-cc26xx.a(autostart.o)
 .comment       0x00000000       0x71 contiki-srf06-cc26xx.a(ctimer.o)
 .comment       0x00000000       0x71 contiki-srf06-cc26xx.a(energest.o)
 .comment       0x00000000       0x71 contiki-srf06-cc26xx.a(etimer.o)
 .comment       0x00000000       0x71 contiki-srf06-cc26xx.a(process.o)
 .comment       0x00000000       0x71 contiki-srf06-cc26xx.a(rtimer.o)
 .comment       0x00000000       0x71 contiki-srf06-cc26xx.a(timer.o)
 .comment       0x00000000       0x71 contiki-srf06-cc26xx.a(serial-line.o)
 .comment       0x00000000       0x71 contiki-srf06-cc26xx.a(list.o)
 .comment       0x00000000       0x71 contiki-srf06-cc26xx.a(random.o)
 .comment       0x00000000       0x71 contiki-srf06-cc26xx.a(ringbuf.o)
 .comment       0x00000000       0x71 contiki-srf06-cc26xx.a(rime.o)
 .comment       0x00000000       0x71 contiki-srf06-cc26xx.a(aon_rtc.o)
 .comment       0x00000000       0x71 contiki-srf06-cc26xx.a(cpu.o)
 .comment       0x00000000       0x71 contiki-srf06-cc26xx.a(ddi.o)
 .comment       0x00000000       0x71 contiki-srf06-cc26xx.a(osc.o)
 .comment       0x00000000       0x71 contiki-srf06-cc26xx.a(pwr_ctrl.o)
 .comment       0x00000000       0x71 contiki-srf06-cc26xx.a(setup.o)
 .comment       0x00000000       0x71 contiki-srf06-cc26xx.a(sys_ctrl.o)
 .comment       0x00000000       0x71 contiki-srf06-cc26xx.a(linkaddr.o)
 .comment       0x00000000       0x71 contiki-srf06-cc26xx.a(netstack.o)
 .comment       0x00000000       0x71 contiki-srf06-cc26xx.a(packetbuf.o)
 .comment       0x00000000       0x71 contiki-srf06-cc26xx.a(queuebuf.o)
 .comment       0x00000000       0x71 contiki-srf06-cc26xx.a(csma.o)
 .comment       0x00000000       0x71 contiki-srf06-cc26xx.a(mac.o)
 .comment       0x00000000       0x71 contiki-srf06-cc26xx.a(contikimac.o)
 .comment       0x00000000       0x71 contiki-srf06-cc26xx.a(nullsec.o)
 .comment       0x00000000       0x71 contiki-srf06-cc26xx.a(sensor-common.o)
 .comment       0x00000000       0x71 contiki-srf06-cc26xx.a(ext-flash.o)
 .comment       0x00000000       0x71 contiki-srf06-cc26xx.a(buzzer.o)
 .comment       0x00000000       0x71 contiki-srf06-cc26xx.a(board-spi.o)
 .comment       0x00000000       0x71 contiki-srf06-cc26xx.a(rf-core.o)
 .comment       0x00000000       0x71 contiki-srf06-cc26xx.a(rf-ble.o)
 .comment       0x00000000       0x71 contiki-srf06-cc26xx.a(memb.o)
 .comment       0x00000000       0x71 contiki-srf06-cc26xx.a(abc.o)
 .comment       0x00000000       0x71 contiki-srf06-cc26xx.a(announcement.o)
 .comment       0x00000000       0x71 contiki-srf06-cc26xx.a(broadcast-annou)
 .comment       0x00000000       0x71 contiki-srf06-cc26xx.a(broadcast.o)
 .comment       0x00000000       0x71 contiki-srf06-cc26xx.a(chameleon.o)
 .comment       0x00000000       0x71 contiki-srf06-cc26xx.a(channel.o)
 .comment       0x00000000       0x71 contiki-srf06-cc26xx.a(aon_batmon.o)
 .comment       0x00000000       0x71 contiki-srf06-cc26xx.a(chipinfo.o)
 .comment       0x00000000       0x71 contiki-srf06-cc26xx.a(framer-802154.o)
 .comment       0x00000000       0x71 contiki-srf06-cc26xx.a(mac-sequence.o)
 .comment       0x00000000       0x71 contiki-srf06-cc26xx.a(chameleon-bitop)
 .comment       0x00000000       0x71 contiki-srf06-cc26xx.a(frame802154.o)

.ARM.attributes
                0x00000000       0x31
 .ARM.attributes
                0x00000000       0x33 obj_srf06-cc26xx/fault-handlers.o
 .ARM.attributes
                0x00000033       0x33 obj_srf06-cc26xx/ccfg.o
 .ARM.attributes
                0x00000066       0x33 obj_srf06-cc26xx/startup_gcc.o
 .ARM.attributes
                0x00000099       0x33 light-sample.co
 .ARM.attributes
                0x000000cc       0x33 contiki-srf06-cc26xx.a(contiki-main.o)
 .ARM.attributes
                0x000000ff       0x33 contiki-srf06-cc26xx.a(sensors.o)
 .ARM.attributes
                0x00000132       0x33 contiki-srf06-cc26xx.a(leds.o)
 .ARM.attributes
                0x00000165       0x33 contiki-srf06-cc26xx.a(leds-arch.o)
 .ARM.attributes
                0x00000198       0x33 contiki-srf06-cc26xx.a(sensortag-senso)
 .ARM.attributes
                0x000001cb       0x33 contiki-srf06-cc26xx.a(bmp-280-sensor.)
 .ARM.attributes
                0x000001fe       0x33 contiki-srf06-cc26xx.a(tmp-007-sensor.)
 .ARM.attributes
                0x00000231       0x33 contiki-srf06-cc26xx.a(opt-3001-sensor)
 .ARM.attributes
                0x00000264       0x33 contiki-srf06-cc26xx.a(hdc-1000-sensor)
 .ARM.attributes
                0x00000297       0x33 contiki-srf06-cc26xx.a(mpu-9250-sensor)
 .ARM.attributes
                0x000002ca       0x33 contiki-srf06-cc26xx.a(button-sensor.o)
 .ARM.attributes
                0x000002fd       0x33 contiki-srf06-cc26xx.a(reed-relay.o)
 .ARM.attributes
                0x00000330       0x33 contiki-srf06-cc26xx.a(board.o)
 .ARM.attributes
                0x00000363       0x33 contiki-srf06-cc26xx.a(board-i2c.o)
 .ARM.attributes
                0x00000396       0x33 contiki-srf06-cc26xx.a(clock.o)
 .ARM.attributes
                0x000003c9       0x33 contiki-srf06-cc26xx.a(rtimer-arch.o)
 .ARM.attributes
                0x000003fc       0x33 contiki-srf06-cc26xx.a(soc-rtc.o)
 .ARM.attributes
                0x0000042f       0x33 contiki-srf06-cc26xx.a(contiki-watchdo)
 .ARM.attributes
                0x00000462       0x33 contiki-srf06-cc26xx.a(putchar.o)
 .ARM.attributes
                0x00000495       0x33 contiki-srf06-cc26xx.a(ieee-addr.o)
 .ARM.attributes
                0x000004c8       0x33 contiki-srf06-cc26xx.a(cc26xx-uart.o)
 .ARM.attributes
                0x000004fb       0x33 contiki-srf06-cc26xx.a(lpm.o)
 .ARM.attributes
                0x0000052e       0x33 contiki-srf06-cc26xx.a(gpio-interrupt.)
 .ARM.attributes
                0x00000561       0x33 contiki-srf06-cc26xx.a(oscillators.o)
 .ARM.attributes
                0x00000594       0x33 contiki-srf06-cc26xx.a(ieee-mode.o)
 .ARM.attributes
                0x000005c7       0x33 contiki-srf06-cc26xx.a(dbg-printf.o)
 .ARM.attributes
                0x000005fa       0x33 contiki-srf06-cc26xx.a(dbg-sprintf.o)
 .ARM.attributes
                0x0000062d       0x33 contiki-srf06-cc26xx.a(strformat.o)
 .ARM.attributes
                0x00000660       0x33 contiki-srf06-cc26xx.a(autostart.o)
 .ARM.attributes
                0x00000693       0x33 contiki-srf06-cc26xx.a(ctimer.o)
 .ARM.attributes
                0x000006c6       0x33 contiki-srf06-cc26xx.a(energest.o)
 .ARM.attributes
                0x000006f9       0x33 contiki-srf06-cc26xx.a(etimer.o)
 .ARM.attributes
                0x0000072c       0x33 contiki-srf06-cc26xx.a(process.o)
 .ARM.attributes
                0x0000075f       0x33 contiki-srf06-cc26xx.a(rtimer.o)
 .ARM.attributes
                0x00000792       0x33 contiki-srf06-cc26xx.a(timer.o)
 .ARM.attributes
                0x000007c5       0x33 contiki-srf06-cc26xx.a(serial-line.o)
 .ARM.attributes
                0x000007f8       0x33 contiki-srf06-cc26xx.a(list.o)
 .ARM.attributes
                0x0000082b       0x33 contiki-srf06-cc26xx.a(random.o)
 .ARM.attributes
                0x0000085e       0x33 contiki-srf06-cc26xx.a(ringbuf.o)
 .ARM.attributes
                0x00000891       0x33 contiki-srf06-cc26xx.a(rime.o)
 .ARM.attributes
                0x000008c4       0x33 contiki-srf06-cc26xx.a(aon_rtc.o)
 .ARM.attributes
                0x000008f7       0x33 contiki-srf06-cc26xx.a(cpu.o)
 .ARM.attributes
                0x0000092a       0x33 contiki-srf06-cc26xx.a(ddi.o)
 .ARM.attributes
                0x0000095d       0x33 contiki-srf06-cc26xx.a(osc.o)
 .ARM.attributes
                0x00000990       0x33 contiki-srf06-cc26xx.a(pwr_ctrl.o)
 .ARM.attributes
                0x000009c3       0x33 contiki-srf06-cc26xx.a(setup.o)
 .ARM.attributes
                0x000009f6       0x33 contiki-srf06-cc26xx.a(sys_ctrl.o)
 .ARM.attributes
                0x00000a29       0x33 contiki-srf06-cc26xx.a(linkaddr.o)
 .ARM.attributes
                0x00000a5c       0x33 contiki-srf06-cc26xx.a(netstack.o)
 .ARM.attributes
                0x00000a8f       0x33 contiki-srf06-cc26xx.a(packetbuf.o)
 .ARM.attributes
                0x00000ac2       0x33 contiki-srf06-cc26xx.a(queuebuf.o)
 .ARM.attributes
                0x00000af5       0x33 contiki-srf06-cc26xx.a(csma.o)
 .ARM.attributes
                0x00000b28       0x33 contiki-srf06-cc26xx.a(mac.o)
 .ARM.attributes
                0x00000b5b       0x33 contiki-srf06-cc26xx.a(contikimac.o)
 .ARM.attributes
                0x00000b8e       0x33 contiki-srf06-cc26xx.a(nullsec.o)
 .ARM.attributes
                0x00000bc1       0x33 contiki-srf06-cc26xx.a(sensor-common.o)
 .ARM.attributes
                0x00000bf4       0x33 contiki-srf06-cc26xx.a(ext-flash.o)
 .ARM.attributes
                0x00000c27       0x33 contiki-srf06-cc26xx.a(buzzer.o)
 .ARM.attributes
                0x00000c5a       0x33 contiki-srf06-cc26xx.a(board-spi.o)
 .ARM.attributes
                0x00000c8d       0x33 contiki-srf06-cc26xx.a(rf-core.o)
 .ARM.attributes
                0x00000cc0       0x33 contiki-srf06-cc26xx.a(rf-ble.o)
 .ARM.attributes
                0x00000cf3       0x33 contiki-srf06-cc26xx.a(memb.o)
 .ARM.attributes
                0x00000d26       0x33 contiki-srf06-cc26xx.a(abc.o)
 .ARM.attributes
                0x00000d59       0x33 contiki-srf06-cc26xx.a(announcement.o)
 .ARM.attributes
                0x00000d8c       0x33 contiki-srf06-cc26xx.a(broadcast-annou)
 .ARM.attributes
                0x00000dbf       0x33 contiki-srf06-cc26xx.a(broadcast.o)
 .ARM.attributes
                0x00000df2       0x33 contiki-srf06-cc26xx.a(chameleon.o)
 .ARM.attributes
                0x00000e25       0x33 contiki-srf06-cc26xx.a(channel.o)
 .ARM.attributes
                0x00000e58       0x33 contiki-srf06-cc26xx.a(aon_batmon.o)
 .ARM.attributes